1503
1503
1503
1503
1503
1503
1503
1503
1503
1503
1503
1708
1708
1708
1708
1708
2698
2666
3142
4510
4510
4510
4510
4510
4510
4510
4510
4510
4472
4472
3664
3664
3664
3664
3664
3664
3664
3664
3664
3664
3664
3664
3664
3664
3664
3664
3664
3664
3664
3664
3664
3664
3664
3664
2184
1503
1503
1503
1708
1708
1708
1708
1708
2666
2544
3716
4510
4510
4510
4510
4472
4472
4472
4472
4472
4472
4222
3664
3664
3664
3664
3664
3664
3664
3664
3664
3664
3664
3664
3664
3664
3664
3664
3664
3664
3664
3664
3664
3664
3664
3664
3664
3664
3664
1503
