00:00.547  cycles           | WARNING HIPEW initialization failed: Error opening HIP dynamic library
/home/akamel/hero3d/still223/still.py:431: DeprecationWarning: 'Material.use_nodes' is expected to be removed in Blender 6.0
  mat.use_nodes = True
still: shots=['tall', 'wide'] outdir=/home/akamel/hero3d/out/still-223/p17 az=0.0 res=native
00:04.149  render           | Rendering frame 1
00:04.149  render           | Start rendering: Scene, ViewLayer
00:04.150  render           | Engine: Cycles
00:07.569  render           | Fra: 1 | Mem: 1M | Synchronizing object | Island
Blender 5.2.2 LTS (hash d13f752e3b9c built 2026-09-15 01:34:58)
00:07.576  render           | Fra: 1 | Mem: 1M | Synchronizing object | moss_01_d_LOD0
00:07.576  render           | Fra: 1 | Mem: 1M | Synchronizing object | moss_01_h_LOD0
00:07.576  render           | Fra: 1 | Mem: 1M | Synchronizing object | moss_01_i_LOD0
00:07.576  render           | Fra: 1 | Mem: 1M | Synchronizing object | TopMoss
00:07.576  render           | Fra: 1 | Mem: 1M | Synchronizing object | moss_01_e_LOD0
00:07.576  render           | Fra: 1 | Mem: 1M | Synchronizing object | moss_01_tall_a_LOD0
00:07.576  render           | Fra: 1 | Mem: 1M | Synchronizing object | moss_01_a_LOD0
00:07.576  render           | Fra: 1 | Mem: 1M | Synchronizing object | moss_01_f_LOD0
00:07.576  render           | Fra: 1 | Mem: 1M | Synchronizing object | moss_01_tall_b_LOD0
00:07.576  render           | Fra: 1 | Mem: 1M | Synchronizing object | moss_01_b_LOD0
00:07.576  render           | Fra: 1 | Mem: 1M | Synchronizing object | moss_01_g_LOD0
00:07.576  render           | Fra: 1 | Mem: 1M | Synchronizing object | moss_01_c_LOD0
00:07.576  render           | Fra: 1 | Mem: 1M | Synchronizing object | moss_01_j_LOD0
00:07.665  render           | Fra: 1 | Mem: 1M | Synchronizing object | grass_medium_01_tiny_e_LOD0
00:07.665  render           | Fra: 1 | Mem: 1M | Synchronizing object | TopGrass
00:07.665  render           | Fra: 1 | Mem: 1M | Synchronizing object | grass_medium_01_tiny_f_LOD0
00:07.665  render           | Fra: 1 | Mem: 1M | Synchronizing object | grass_medium_01_small_a_LOD0
00:07.665  render           | Fra: 1 | Mem: 1M | Synchronizing object | grass_medium_01_mid_c_LOD0
00:07.666  render           | Fra: 1 | Mem: 1M | Synchronizing object | grass_medium_01_mid_b_LOD0
00:07.666  render           | Fra: 1 | Mem: 1M | Synchronizing object | grass_medium_01_tiny_d_LOD0
00:07.666  render           | Fra: 1 | Mem: 1M | Synchronizing object | grass_medium_01_tiny_a_LOD0
00:07.666  render           | Fra: 1 | Mem: 1M | Synchronizing object | grass_medium_01_small_b_LOD0
00:07.666  render           | Fra: 1 | Mem: 1M | Synchronizing object | grass_medium_01_tiny_c_LOD0
00:07.666  render           | Fra: 1 | Mem: 1M | Synchronizing object | grass_medium_01_tiny_b_LOD0
00:07.668  render           | Fra: 1 | Mem: 1M | Synchronizing object | grass_medium_01_tall_a_LOD0
00:07.668  render           | Fra: 1 | Mem: 1M | Synchronizing object | grass_medium_01_tall_b_LOD0
00:07.668  render           | Fra: 1 | Mem: 1M | Synchronizing object | TopGrassTall
00:07.668  render           | Fra: 1 | Mem: 1M | Synchronizing object | grass_medium_01_tall_c_LOD0
00:07.675  render           | Fra: 1 | Mem: 1M | Synchronizing object | LipMoss
00:07.801  render           | Fra: 1 | Mem: 1M | Synchronizing object | flower_heliophila_medium_LOD0
00:07.801  render           | Fra: 1 | Mem: 1M | Synchronizing object | Flowers
00:07.803  render           | Fra: 1 | Mem: 1M | Synchronizing object | flower_heliophila_small_LOD0
00:07.804  render           | Fra: 1 | Mem: 1M | Synchronizing object | rock_moss_set_01_rock06.001
00:07.804  render           | Fra: 1 | Mem: 1M | Synchronizing object | rock_moss_set_01_rock04.001
00:07.804  render           | Fra: 1 | Mem: 1M | Synchronizing object | rock_moss_set_01_rock05.003
00:07.804  render           | Fra: 1 | Mem: 1M | Synchronizing object | rock_moss_set_01_rock04.002
00:07.804  render           | Fra: 1 | Mem: 1M | Synchronizing object | rock_moss_set_01_rock06.004
00:07.804  render           | Fra: 1 | Mem: 1M | Synchronizing object | rock_moss_set_01_rock04.003
00:07.804  render           | Fra: 1 | Mem: 1M | Synchronizing object | rock_moss_set_01_rock05.007
00:07.804  render           | Fra: 1 | Mem: 1M | Synchronizing object | rock_moss_set_01_rock06.008
00:07.804  render           | Fra: 1 | Mem: 1M | Synchronizing object | rock_moss_set_01_rock04.007
00:07.804  render           | Fra: 1 | Mem: 1M | Synchronizing object | rock_moss_set_01_rock06.009
00:07.804  render           | Fra: 1 | Mem: 1M | Synchronizing object | rock_moss_set_01_rock04.008
00:07.804  render           | Fra: 1 | Mem: 1M | Synchronizing object | rock_moss_set_01_rock06.010
00:07.804  render           | Fra: 1 | Mem: 1M | Synchronizing object | rock_moss_set_01_rock05.010
00:07.804  render           | Fra: 1 | Mem: 1M | Synchronizing object | rock_moss_set_01_rock04.009
00:07.804  render           | Fra: 1 | Mem: 1M | Synchronizing object | Ridge_tall_4
00:07.806  render           | Fra: 1 | Mem: 1M | Synchronizing object | rock_moss_set_01_rock06.011
00:07.806  render           | Fra: 1 | Mem: 1M | Synchronizing object | rock_moss_set_01_rock05.011
00:07.806  render           | Fra: 1 | Mem: 1M | Synchronizing object | rock_moss_set_01_rock04.010
00:07.806  render           | Fra: 1 | Mem: 1M | Synchronizing object | rock_moss_set_01_rock06.012
00:07.807  render           | Fra: 1 | Mem: 1M | Synchronizing object | rock_moss_set_01_rock05.012
00:07.807  render           | Fra: 1 | Mem: 1M | Synchronizing object | rock_moss_set_01_rock04.011
00:07.807  render           | Fra: 1 | Mem: 1M | Synchronizing object | rock_moss_set_01_rock06.013
00:07.807  render           | Fra: 1 | Mem: 1M | Synchronizing object | rock_moss_set_01_rock05.013
00:07.807  render           | Fra: 1 | Mem: 1M | Synchronizing object | rock_moss_set_01_rock04.012
00:07.807  render           | Fra: 1 | Mem: 1M | Synchronizing object | rock_moss_set_01_rock06.014
00:07.807  render           | Fra: 1 | Mem: 1M | Synchronizing object | rock_moss_set_01_rock05.014
00:07.807  render           | Fra: 1 | Mem: 1M | Synchronizing object | rock_moss_set_01_rock04.013
00:07.807  render           | Fra: 1 | Mem: 1M | Synchronizing object | rock_moss_set_01_rock06.015
00:07.807  render           | Fra: 1 | Mem: 1M | Synchronizing object | rock_moss_set_01_rock05.015
00:07.807  render           | Fra: 1 | Mem: 1M | Synchronizing object | rock_moss_set_01_rock04.014
00:07.807  render           | Fra: 1 | Mem: 1M | Synchronizing object | rock_moss_set_01_rock06.016
00:07.807  render           | Fra: 1 | Mem: 1M | Synchronizing object | rock_moss_set_01_rock05.016
00:07.807  render           | Fra: 1 | Mem: 1M | Synchronizing object | rock_moss_set_01_rock04.015
00:07.807  render           | Fra: 1 | Mem: 1M | Synchronizing object | rock_moss_set_01_rock06.017
00:07.807  render           | Fra: 1 | Mem: 1M | Synchronizing object | rock_moss_set_01_rock05.017
00:07.807  render           | Fra: 1 | Mem: 1M | Synchronizing object | rock_moss_set_01_rock04.016
00:07.807  render           | Fra: 1 | Mem: 1M | Synchronizing object | rock_moss_set_01_rock06.018
00:07.807  render           | Fra: 1 | Mem: 1M | Synchronizing object | rock_moss_set_01_rock05.018
00:07.807  render           | Fra: 1 | Mem: 1M | Synchronizing object | rock_moss_set_01_rock04.017
00:07.807  render           | Fra: 1 | Mem: 1M | Synchronizing object | rock_moss_set_01_rock06.019
00:07.807  render           | Fra: 1 | Mem: 1M | Synchronizing object | rock_moss_set_01_rock05.019
00:07.807  render           | Fra: 1 | Mem: 1M | Synchronizing object | fir_sapling_medium_b_LOD0.001
00:07.807  render           | Fra: 1 | Mem: 1M | Synchronizing object | Sun
00:07.807  render           | Fra: 1 | Mem: 1M | Synchronizing object | Ridge_tall_0
00:07.807  render           | Fra: 1 | Mem: 1M | Synchronizing object | Ridge_tall_1
00:07.807  render           | Fra: 1 | Mem: 1M | Synchronizing object | Ridge_tall_2
00:07.807  render           | Fra: 1 | Mem: 1M | Synchronizing object | Ridge_tall_3
00:07.834  render           | Fra: 1 | Mem: 1M | Initializing
00:07.898  render           | Fra: 1 | Mem: 1M | Waiting for render to start
00:07.899  render           | Fra: 1 | Mem: 1M | Updating Scene
00:07.899  render           | Fra: 1 | Mem: 1M | Updating Shaders
00:07.902  render           | Fra: 1 | Mem: 1M | Loading render kernels (may take a few minutes the first time)
00:07.951  render           | Fra: 1 | Mem: 1M | Updating Procedurals
Update statistics:
Scene:
    Total time: 0.050106s
        device_update                            0.050106s
Geometry:
    Total time: 0.000000s
Light:
    Total time: 0.000000s
Object:
    Total time: 0.000000s
Image:
    Total time: 0.000000s
Background:
    Total time: 0.000000s
Bake:
    Total time: 0.000000s
Camera:
    Total time: 0.000000s
Film:
    Total time: 0.000000s
Integrator:
    Total time: 0.000000s
OSL:
    Total time: 0.000000s
Particles:
    Total time: 0.000000s
SVM:
    Total time: 0.000000s
Tables:
    Total time: 0.000000s
Procedurals:
    Total time: 0.000000s

00:07.951  render           | Fra: 1 | Mem: 1M | Updating Background
00:07.951  render           | Fra: 1 | Mem: 1M | Updating Scene Attribute
00:07.951  render           | Fra: 1 | Mem: 1M | Updating Camera
00:07.951  render           | Fra: 1 | Mem: 1M | Updating Meshes Flags
00:07.951  render           | Fra: 1 | Mem: 1M | Updating Objects
00:07.953  render           | Fra: 1 | Mem: 1M | Updating Objects | Copying Transformations to device
00:07.958  render           | Fra: 1 | Mem: 37M | Updating Particle Systems
00:07.958  render           | Fra: 1 | Mem: 37M | Updating Particle Systems | Copying Particles to device
00:07.958  render           | Fra: 1 | Mem: 37M | Updating Meshes
00:08.091  render           | Fra: 1 | Mem: 37M | Updating Displacement Images
00:08.091  render           | Fra: 1 | Mem: 37M | Updating Images | Loading lichen_rock_Diffuse_2k.jpg
00:08.091  render           | Fra: 1 | Mem: 37M | Updating Images | Loading aerial_rocks_02_Diffuse_2k.jpg
00:08.091  render           | Fra: 1 | Mem: 37M | Updating Images | Loading lichen_rock_nor_gl_2k.jpg
00:08.091  render           | Fra: 1 | Mem: 37M | Updating Images | Loading lichen_rock_Displacement_2k.jpg
00:08.091  render           | Fra: 1 | Mem: 37M | Updating Images | Loading forest_ground_04_nor_gl_2k.jpg
00:08.091  render           | Fra: 1 | Mem: 37M | Updating Images | Loading cliff_side_Displacement_2k.jpg
00:08.091  render           | Fra: 1 | Mem: 37M | Updating Images | Loading cliff_side_Diffuse_2k.jpg
00:08.091  render           | Fra: 1 | Mem: 37M | Updating Images | Loading cliff_side_nor_gl_2k.jpg
00:08.146  render           | Fra: 1 | Mem: 170M | Updating Mesh | Computing normals
00:08.166  render           | Fra: 1 | Mem: 170M | Updating Mesh | Copying Mesh to device
00:08.170  render           | Fra: 1 | Mem: 241M | Updating Objects | Applying Static Transformations
00:08.179  render           | Fra: 1 | Mem: 241M | Updating Mesh | Computing attributes
00:08.234  render           | Fra: 1 | Mem: 241M | Updating Mesh | Copying Attributes to device
00:08.258  render           | Fra: 1 | Mem: 433M | Updating Mesh | Computing Displacement Island
00:08.627  render           | Fra: 1 | Mem: 433M | Updating Mesh | Computing Displacement mesh1-geometry.001
00:08.632  render           | Fra: 1 | Mem: 433M | Updating Mesh | Computing Displacement modelShape.001
00:08.637  render           | Fra: 1 | Mem: 433M | Updating Mesh | Computing Displacement medium.002
00:08.641  render           | Fra: 1 | Mem: 433M | Updating Mesh | Computing Displacement mesh1-geometry.002
00:08.645  render           | Fra: 1 | Mem: 433M | Updating Mesh | Computing Displacement modelShape.002
00:08.649  render           | Fra: 1 | Mem: 433M | Updating Mesh | Computing Displacement medium.003
00:08.653  render           | Fra: 1 | Mem: 433M | Updating Mesh | Computing Displacement mesh1-geometry.004
00:08.657  render           | Fra: 1 | Mem: 433M | Updating Mesh | Computing Displacement modelShape.004
00:08.661  render           | Fra: 1 | Mem: 433M | Updating Mesh | Computing Displacement medium.004
00:08.664  render           | Fra: 1 | Mem: 433M | Updating Mesh | Computing Displacement mesh1-geometry.005
00:08.669  render           | Fra: 1 | Mem: 433M | Updating Mesh | Computing Displacement modelShape.005
00:08.673  render           | Fra: 1 | Mem: 433M | Updating Mesh | Computing Displacement medium.005
00:08.676  render           | Fra: 1 | Mem: 433M | Updating Mesh | Computing Displacement mesh1-geometry.006
00:08.680  render           | Fra: 1 | Mem: 433M | Updating Mesh | Computing Displacement modelShape.006
00:08.684  render           | Fra: 1 | Mem: 433M | Updating Mesh | Computing Displacement medium.006
00:08.688  render           | Fra: 1 | Mem: 433M | Updating Mesh | Computing Displacement mesh1-geometry.007
00:08.692  render           | Fra: 1 | Mem: 433M | Updating Mesh | Computing Displacement modelShape.007
00:08.696  render           | Fra: 1 | Mem: 433M | Updating Mesh | Computing Displacement medium.007
00:08.700  render           | Fra: 1 | Mem: 433M | Updating Mesh | Computing Displacement mesh1-geometry.008
00:08.704  render           | Fra: 1 | Mem: 433M | Updating Mesh | Computing Displacement modelShape.008
00:08.708  render           | Fra: 1 | Mem: 433M | Updating Mesh | Computing Displacement medium.008
00:08.712  render           | Fra: 1 | Mem: 433M | Updating Mesh | Computing Displacement mesh1-geometry.009
00:08.716  render           | Fra: 1 | Mem: 433M | Updating Mesh | Computing Displacement modelShape.009
00:08.720  render           | Fra: 1 | Mem: 433M | Updating Mesh | Computing Displacement medium.009
00:08.724  render           | Fra: 1 | Mem: 433M | Updating Mesh | Computing Displacement mesh1-geometry.010
00:08.728  render           | Fra: 1 | Mem: 433M | Updating Mesh | Computing Displacement modelShape.010
00:08.732  render           | Fra: 1 | Mem: 433M | Updating Mesh | Computing Displacement medium.010
00:08.736  render           | Fra: 1 | Mem: 433M | Updating Mesh | Computing Displacement mesh1-geometry.011
00:08.740  render           | Fra: 1 | Mem: 433M | Updating Mesh | Computing Displacement modelShape.011
00:08.744  render           | Fra: 1 | Mem: 433M | Updating Mesh | Computing Displacement medium.011
00:08.747  render           | Fra: 1 | Mem: 433M | Updating Mesh | Computing Displacement mesh1-geometry.012
00:08.751  render           | Fra: 1 | Mem: 433M | Updating Mesh | Computing Displacement modelShape.012
00:08.755  render           | Fra: 1 | Mem: 433M | Updating Mesh | Computing Displacement medium.012
00:08.759  render           | Fra: 1 | Mem: 433M | Updating Mesh | Computing Displacement mesh1-geometry.013
00:08.763  render           | Fra: 1 | Mem: 433M | Updating Mesh | Computing Displacement modelShape.013
00:08.767  render           | Fra: 1 | Mem: 433M | Updating Mesh | Computing Displacement medium.013
00:08.771  render           | Fra: 1 | Mem: 433M | Updating Mesh | Computing Displacement mesh1-geometry.014
00:08.775  render           | Fra: 1 | Mem: 433M | Updating Mesh | Computing Displacement modelShape.014
00:08.779  render           | Fra: 1 | Mem: 433M | Updating Mesh | Computing Displacement medium.014
00:08.783  render           | Fra: 1 | Mem: 433M | Updating Mesh | Computing Displacement mesh1-geometry.015
00:08.787  render           | Fra: 1 | Mem: 433M | Updating Mesh | Computing Displacement modelShape.015
00:08.791  render           | Fra: 1 | Mem: 433M | Updating Mesh | Computing Displacement medium.015
00:08.795  render           | Fra: 1 | Mem: 433M | Updating Mesh | Computing Displacement mesh1-geometry.016
00:08.799  render           | Fra: 1 | Mem: 433M | Updating Mesh | Computing Displacement modelShape.016
00:08.803  render           | Fra: 1 | Mem: 433M | Updating Mesh | Computing Displacement medium.016
00:08.807  render           | Fra: 1 | Mem: 433M | Updating Mesh | Computing Displacement mesh1-geometry.017
00:08.811  render           | Fra: 1 | Mem: 433M | Updating Mesh | Computing Displacement modelShape.017
00:08.815  render           | Fra: 1 | Mem: 433M | Updating Mesh | Computing Displacement medium.017
00:08.818  render           | Fra: 1 | Mem: 433M | Updating Mesh | Computing Displacement mesh1-geometry.018
00:08.823  render           | Fra: 1 | Mem: 433M | Updating Mesh | Computing Displacement modelShape.018
00:08.835  render           | Fra: 1 | Mem: 170M | Updating Geometry BVH backgroundlight 96/95 | Building BVH
00:08.835  render           | Fra: 1 | Mem: 170M | Updating Geometry BVH backgroundlight 96/95 | Building OptiX acceleration structure
00:08.835  render           | Fra: 1 | Mem: 170M | Updating Geometry BVH TopMoss 3/95 | Building BVH
00:08.835  render           | Fra: 1 | Mem: 170M | Updating Geometry BVH TopMoss 3/95 | Building OptiX acceleration structure
00:08.835  render           | Fra: 1 | Mem: 170M | Updating Geometry BVH Ridge_tall_4 95/95 | Building BVH
00:08.835  render           | Fra: 1 | Mem: 170M | Updating Geometry BVH Ridge_tall_4 95/95 | Building OptiX acceleration structure
00:08.835  render           | Fra: 1 | Mem: 170M | Updating Geometry BVH Plane.004 4/95 | Building BVH
00:08.835  render           | Fra: 1 | Mem: 170M | Updating Geometry BVH Plane.004 4/95 | Building OptiX acceleration structure
00:08.835  render           | Fra: 1 | Mem: 170M | Updating Geometry BVH Plane.010 5/95 | Building BVH
00:08.835  render           | Fra: 1 | Mem: 170M | Updating Geometry BVH Plane.010 5/95 | Building OptiX acceleration structure
00:08.835  render           | Fra: 1 | Mem: 170M | Updating Geometry BVH Plane.011 6/95 | Building BVH
00:08.835  render           | Fra: 1 | Mem: 170M | Updating Geometry BVH Plane.035 8/95 | Building OptiX acceleration structure
00:08.835  render           | Fra: 1 | Mem: 170M | Updating Geometry BVH Plane.003 14/95 | Building BVH
00:08.835  render           | Fra: 1 | Mem: 170M | Updating Geometry BVH Plane.058 17/95 | Building BVH
00:08.835  render           | Fra: 1 | Mem: 170M | Updating Geometry BVH Plane.048 20/95 | Building BVH
00:08.835  render           | Fra: 1 | Mem: 170M | Updating Geometry BVH Plane.039 21/95 | Building BVH
00:08.835  render           | Fra: 1 | Mem: 170M | Updating Geometry BVH Plane.039 21/95 | Building OptiX acceleration structure
00:08.836  render           | Fra: 1 | Mem: 170M | Updating Geometry BVH Plane.055 23/95 | Building BVH
00:08.836  render           | Fra: 1 | Mem: 170M | Updating Geometry BVH Plane.055 23/95 | Building OptiX acceleration structure
00:08.836  render           | Fra: 1 | Mem: 170M | Updating Geometry BVH Plane.056 26/95 | Building BVH
00:08.836  render           | Fra: 1 | Mem: 170M | Updating Geometry BVH Plane.056 26/95 | Building OptiX acceleration structure
00:08.836  render           | Fra: 1 | Mem: 170M | Updating Geometry BVH TopGrassTall 27/95 | Building BVH
00:08.836  render           | Fra: 1 | Mem: 170M | Updating Geometry BVH Plane.043 28/95 | Building BVH
00:08.836  render           | Fra: 1 | Mem: 170M | Updating Geometry BVH Plane.042 29/95 | Building OptiX acceleration structure
00:08.836  render           | Fra: 1 | Mem: 170M | Updating Geometry BVH Plane.045 30/95 | Building BVH
00:08.836  render           | Fra: 1 | Mem: 170M | Updating Geometry BVH Plane.045 30/95 | Building OptiX acceleration structure
00:08.836  render           | Fra: 1 | Mem: 170M | Updating Geometry BVH LipMoss 31/95 | Building BVH
00:08.836  render           | Fra: 1 | Mem: 170M | Updating Geometry BVH LipMoss 31/95 | Building OptiX acceleration structure
00:08.836  render           | Fra: 1 | Mem: 170M | Updating Geometry BVH Flowers 32/95 | Building BVH
00:08.836  render           | Fra: 1 | Mem: 170M | Updating Geometry BVH Flowers 32/95 | Building OptiX acceleration structure
00:08.836  render           | Fra: 1 | Mem: 170M | Updating Geometry BVH Plane.5143 33/95 | Building BVH
00:08.836  render           | Fra: 1 | Mem: 170M | Updating Geometry BVH Plane.5143 33/95 | Building OptiX acceleration structure
00:08.837  render           | Fra: 1 | Mem: 171M | Updating Geometry BVH Island 2/95 | Building BVH
00:08.837  render           | Fra: 1 | Mem: 171M | Updating Geometry BVH Island 2/95 | Building OptiX acceleration structure
00:08.837  render           | Fra: 1 | Mem: 171M | Updating Geometry BVH Plane.2197 34/95 | Building BVH
00:08.837  render           | Fra: 1 | Mem: 171M | Updating Geometry BVH Plane.2197 34/95 | Building OptiX acceleration structure
00:08.837  render           | Fra: 1 | Mem: 172M | Updating Geometry BVH mesh1-geometry.003 35/95 | Building BVH
00:08.837  render           | Fra: 1 | Mem: 172M | Updating Geometry BVH mesh1-geometry.003 35/95 | Building OptiX acceleration structure
00:08.838  render           | Fra: 1 | Mem: 172M | Updating Geometry BVH modelShape.003 36/95 | Building BVH
00:08.838  render           | Fra: 1 | Mem: 172M | Updating Geometry BVH modelShape.003 36/95 | Building OptiX acceleration structure
00:08.839  render           | Fra: 1 | Mem: 173M | Updating Geometry BVH medium.001 37/95 | Building BVH
00:08.839  render           | Fra: 1 | Mem: 173M | Updating Geometry BVH medium.001 37/95 | Building OptiX acceleration structure
00:08.839  render           | Fra: 1 | Mem: 173M | Updating Geometry BVH mesh1-geometry.001 38/95 | Building BVH
00:08.839  render           | Fra: 1 | Mem: 173M | Updating Geometry BVH mesh1-geometry.001 38/95 | Building OptiX acceleration structure
00:08.839  render           | Fra: 1 | Mem: 173M | Updating Geometry BVH modelShape.001 39/95 | Building BVH
00:08.839  render           | Fra: 1 | Mem: 173M | Updating Geometry BVH modelShape.001 39/95 | Building OptiX acceleration structure
00:08.840  render           | Fra: 1 | Mem: 173M | Updating Geometry BVH medium.002 40/95 | Building BVH
00:08.840  render           | Fra: 1 | Mem: 173M | Updating Geometry BVH medium.002 40/95 | Building OptiX acceleration structure
00:08.840  render           | Fra: 1 | Mem: 174M | Updating Geometry BVH mesh1-geometry.002 41/95 | Building BVH
00:08.840  render           | Fra: 1 | Mem: 174M | Updating Geometry BVH mesh1-geometry.002 41/95 | Building OptiX acceleration structure
00:08.841  render           | Fra: 1 | Mem: 174M | Updating Geometry BVH modelShape.002 42/95 | Building BVH
00:08.841  render           | Fra: 1 | Mem: 174M | Updating Geometry BVH modelShape.002 42/95 | Building OptiX acceleration structure
00:08.841  render           | Fra: 1 | Mem: 174M | Updating Geometry BVH medium.003 43/95 | Building BVH
00:08.841  render           | Fra: 1 | Mem: 174M | Updating Geometry BVH medium.003 43/95 | Building OptiX acceleration structure
00:08.841  render           | Fra: 1 | Mem: 174M | Updating Geometry BVH mesh1-geometry.004 44/95 | Building BVH
00:08.841  render           | Fra: 1 | Mem: 174M | Updating Geometry BVH mesh1-geometry.004 44/95 | Building OptiX acceleration structure
00:08.841  render           | Fra: 1 | Mem: 174M | Updating Geometry BVH modelShape.004 45/95 | Building BVH
00:08.841  render           | Fra: 1 | Mem: 174M | Updating Geometry BVH modelShape.004 45/95 | Building OptiX acceleration structure
00:08.842  render           | Fra: 1 | Mem: 175M | Updating Geometry BVH medium.004 46/95 | Building BVH
00:08.842  render           | Fra: 1 | Mem: 175M | Updating Geometry BVH medium.004 46/95 | Building OptiX acceleration structure
00:08.842  render           | Fra: 1 | Mem: 175M | Updating Geometry BVH mesh1-geometry.005 47/95 | Building BVH
00:08.842  render           | Fra: 1 | Mem: 175M | Updating Geometry BVH mesh1-geometry.005 47/95 | Building OptiX acceleration structure
00:08.842  render           | Fra: 1 | Mem: 175M | Updating Geometry BVH modelShape.005 48/95 | Building BVH
00:08.842  render           | Fra: 1 | Mem: 175M | Updating Geometry BVH modelShape.005 48/95 | Building OptiX acceleration structure
00:08.842  render           | Fra: 1 | Mem: 175M | Updating Geometry BVH medium.005 49/95 | Building BVH
00:08.842  render           | Fra: 1 | Mem: 175M | Updating Geometry BVH medium.005 49/95 | Building OptiX acceleration structure
00:08.843  render           | Fra: 1 | Mem: 176M | Updating Geometry BVH mesh1-geometry.006 50/95 | Building BVH
00:08.843  render           | Fra: 1 | Mem: 176M | Updating Geometry BVH mesh1-geometry.006 50/95 | Building OptiX acceleration structure
00:08.843  render           | Fra: 1 | Mem: 176M | Updating Geometry BVH Ridge_tall_3 94/95 | Building BVH
00:08.843  render           | Fra: 1 | Mem: 176M | Updating Geometry BVH Ridge_tall_3 94/95 | Building OptiX acceleration structure
00:08.844  render           | Fra: 1 | Mem: 177M | Updating Geometry BVH modelShape.006 51/95 | Building BVH
00:08.844  render           | Fra: 1 | Mem: 177M | Updating Geometry BVH modelShape.006 51/95 | Building OptiX acceleration structure
00:08.844  render           | Fra: 1 | Mem: 179M | Updating Geometry BVH medium.006 52/95 | Building BVH
00:08.844  render           | Fra: 1 | Mem: 179M | Updating Geometry BVH medium.006 52/95 | Building OptiX acceleration structure
00:08.844  render           | Fra: 1 | Mem: 178M | Updating Geometry BVH mesh1-geometry.007 53/95 | Building BVH
00:08.844  render           | Fra: 1 | Mem: 178M | Updating Geometry BVH mesh1-geometry.007 53/95 | Building OptiX acceleration structure
00:08.845  render           | Fra: 1 | Mem: 178M | Updating Geometry BVH modelShape.007 54/95 | Building BVH
00:08.845  render           | Fra: 1 | Mem: 178M | Updating Geometry BVH modelShape.007 54/95 | Building OptiX acceleration structure
00:08.845  render           | Fra: 1 | Mem: 178M | Updating Geometry BVH medium.007 55/95 | Building BVH
00:08.845  render           | Fra: 1 | Mem: 178M | Updating Geometry BVH medium.007 55/95 | Building OptiX acceleration structure
00:08.845  render           | Fra: 1 | Mem: 178M | Updating Geometry BVH mesh1-geometry.008 56/95 | Building BVH
00:08.845  render           | Fra: 1 | Mem: 178M | Updating Geometry BVH mesh1-geometry.008 56/95 | Building OptiX acceleration structure
00:08.846  render           | Fra: 1 | Mem: 179M | Updating Geometry BVH modelShape.008 57/95 | Building BVH
00:08.846  render           | Fra: 1 | Mem: 179M | Updating Geometry BVH modelShape.008 57/95 | Building OptiX acceleration structure
00:08.846  render           | Fra: 1 | Mem: 179M | Updating Geometry BVH medium.008 58/95 | Building BVH
00:08.846  render           | Fra: 1 | Mem: 179M | Updating Geometry BVH medium.008 58/95 | Building OptiX acceleration structure
00:08.846  render           | Fra: 1 | Mem: 181M | Updating Geometry BVH mesh1-geometry.009 59/95 | Building BVH
00:08.846  render           | Fra: 1 | Mem: 181M | Updating Geometry BVH mesh1-geometry.009 59/95 | Building OptiX acceleration structure
00:08.847  render           | Fra: 1 | Mem: 179M | Updating Geometry BVH modelShape.009 60/95 | Building BVH
00:08.847  render           | Fra: 1 | Mem: 179M | Updating Geometry BVH modelShape.009 60/95 | Building OptiX acceleration structure
00:08.847  render           | Fra: 1 | Mem: 180M | Updating Geometry BVH medium.009 61/95 | Building BVH
00:08.847  render           | Fra: 1 | Mem: 180M | Updating Geometry BVH medium.009 61/95 | Building OptiX acceleration structure
00:08.847  render           | Fra: 1 | Mem: 180M | Updating Geometry BVH mesh1-geometry.010 62/95 | Building BVH
00:08.847  render           | Fra: 1 | Mem: 180M | Updating Geometry BVH mesh1-geometry.010 62/95 | Building OptiX acceleration structure
00:08.848  render           | Fra: 1 | Mem: 180M | Updating Geometry BVH modelShape.010 63/95 | Building BVH
00:08.848  render           | Fra: 1 | Mem: 180M | Updating Geometry BVH modelShape.010 63/95 | Building OptiX acceleration structure
00:08.848  render           | Fra: 1 | Mem: 181M | Updating Geometry BVH medium.010 64/95 | Building BVH
00:08.848  render           | Fra: 1 | Mem: 181M | Updating Geometry BVH medium.010 64/95 | Building OptiX acceleration structure
00:08.852  render           | Fra: 1 | Mem: 224M | Updating Geometry BVH mesh1-geometry.011 65/95 | Building BVH
00:08.852  render           | Fra: 1 | Mem: 224M | Updating Geometry BVH mesh1-geometry.011 65/95 | Building OptiX acceleration structure
00:08.852  render           | Fra: 1 | Mem: 225M | Updating Geometry BVH modelShape.011 66/95 | Building BVH
00:08.852  render           | Fra: 1 | Mem: 225M | Updating Geometry BVH modelShape.011 66/95 | Building OptiX acceleration structure
00:08.853  render           | Fra: 1 | Mem: 225M | Updating Geometry BVH medium.011 67/95 | Building BVH
00:08.853  render           | Fra: 1 | Mem: 225M | Updating Geometry BVH medium.011 67/95 | Building OptiX acceleration structure
00:08.853  render           | Fra: 1 | Mem: 225M | Updating Geometry BVH mesh1-geometry.012 68/95 | Building BVH
00:08.853  render           | Fra: 1 | Mem: 225M | Updating Geometry BVH mesh1-geometry.012 68/95 | Building OptiX acceleration structure
00:08.854  render           | Fra: 1 | Mem: 226M | Updating Geometry BVH modelShape.012 69/95 | Building BVH
00:08.854  render           | Fra: 1 | Mem: 226M | Updating Geometry BVH modelShape.012 69/95 | Building OptiX acceleration structure
00:08.854  render           | Fra: 1 | Mem: 226M | Updating Geometry BVH medium.012 70/95 | Building BVH
00:08.854  render           | Fra: 1 | Mem: 226M | Updating Geometry BVH medium.012 70/95 | Building OptiX acceleration structure
00:08.855  render           | Fra: 1 | Mem: 227M | Updating Geometry BVH mesh1-geometry.013 71/95 | Building BVH
00:08.855  render           | Fra: 1 | Mem: 227M | Updating Geometry BVH mesh1-geometry.013 71/95 | Building OptiX acceleration structure
00:08.855  render           | Fra: 1 | Mem: 227M | Updating Geometry BVH modelShape.013 72/95 | Building BVH
00:08.855  render           | Fra: 1 | Mem: 227M | Updating Geometry BVH modelShape.013 72/95 | Building OptiX acceleration structure
00:08.856  render           | Fra: 1 | Mem: 227M | Updating Geometry BVH medium.013 73/95 | Building BVH
00:08.856  render           | Fra: 1 | Mem: 228M | Updating Geometry BVH medium.013 73/95 | Building OptiX acceleration structure
00:08.856  render           | Fra: 1 | Mem: 227M | Updating Geometry BVH mesh1-geometry.014 74/95 | Building BVH
00:08.856  render           | Fra: 1 | Mem: 227M | Updating Geometry BVH mesh1-geometry.014 74/95 | Building OptiX acceleration structure
00:08.856  render           | Fra: 1 | Mem: 228M | Updating Geometry BVH modelShape.014 75/95 | Building BVH
00:08.856  render           | Fra: 1 | Mem: 228M | Updating Geometry BVH modelShape.014 75/95 | Building OptiX acceleration structure
00:08.857  render           | Fra: 1 | Mem: 228M | Updating Geometry BVH medium.014 76/95 | Building BVH
00:08.857  render           | Fra: 1 | Mem: 228M | Updating Geometry BVH medium.014 76/95 | Building OptiX acceleration structure
00:08.858  render           | Fra: 1 | Mem: 229M | Updating Geometry BVH Ridge_tall_2 93/95 | Building BVH
00:08.858  render           | Fra: 1 | Mem: 229M | Updating Geometry BVH Ridge_tall_2 93/95 | Building OptiX acceleration structure
00:08.858  render           | Fra: 1 | Mem: 230M | Updating Geometry BVH mesh1-geometry.015 77/95 | Building BVH
00:08.858  render           | Fra: 1 | Mem: 230M | Updating Geometry BVH mesh1-geometry.015 77/95 | Building OptiX acceleration structure
00:08.858  render           | Fra: 1 | Mem: 230M | Updating Geometry BVH modelShape.015 78/95 | Building BVH
00:08.858  render           | Fra: 1 | Mem: 230M | Updating Geometry BVH modelShape.015 78/95 | Building OptiX acceleration structure
00:08.859  render           | Fra: 1 | Mem: 230M | Updating Geometry BVH medium.015 79/95 | Building BVH
00:08.859  render           | Fra: 1 | Mem: 231M | Updating Geometry BVH medium.015 79/95 | Building OptiX acceleration structure
00:08.859  render           | Fra: 1 | Mem: 230M | Updating Geometry BVH mesh1-geometry.016 80/95 | Building BVH
00:08.859  render           | Fra: 1 | Mem: 230M | Updating Geometry BVH mesh1-geometry.016 80/95 | Building OptiX acceleration structure
00:08.860  render           | Fra: 1 | Mem: 231M | Updating Geometry BVH modelShape.016 81/95 | Building BVH
00:08.860  render           | Fra: 1 | Mem: 231M | Updating Geometry BVH modelShape.016 81/95 | Building OptiX acceleration structure
00:08.860  render           | Fra: 1 | Mem: 232M | Updating Geometry BVH medium.016 82/95 | Building BVH
00:08.860  render           | Fra: 1 | Mem: 232M | Updating Geometry BVH medium.016 82/95 | Building OptiX acceleration structure
00:08.861  render           | Fra: 1 | Mem: 231M | Updating Geometry BVH mesh1-geometry.017 83/95 | Building BVH
00:08.861  render           | Fra: 1 | Mem: 231M | Updating Geometry BVH mesh1-geometry.017 83/95 | Building OptiX acceleration structure
00:08.861  render           | Fra: 1 | Mem: 231M | Updating Geometry BVH modelShape.017 84/95 | Building BVH
00:08.861  render           | Fra: 1 | Mem: 231M | Updating Geometry BVH modelShape.017 84/95 | Building OptiX acceleration structure
00:08.862  render           | Fra: 1 | Mem: 232M | Updating Geometry BVH medium.017 85/95 | Building BVH
00:08.862  render           | Fra: 1 | Mem: 232M | Updating Geometry BVH medium.017 85/95 | Building OptiX acceleration structure
00:08.862  render           | Fra: 1 | Mem: 232M | Updating Geometry BVH mesh1-geometry.018 86/95 | Building BVH
00:08.862  render           | Fra: 1 | Mem: 232M | Updating Geometry BVH mesh1-geometry.018 86/95 | Building OptiX acceleration structure
00:08.863  render           | Fra: 1 | Mem: 233M | Updating Geometry BVH modelShape.018 87/95 | Building BVH
00:08.863  render           | Fra: 1 | Mem: 233M | Updating Geometry BVH modelShape.018 87/95 | Building OptiX acceleration structure
00:08.864  render           | Fra: 1 | Mem: 253M | Updating Geometry BVH NurbsPath.007 88/95 | Building BVH
00:08.864  render           | Fra: 1 | Mem: 253M | Updating Geometry BVH NurbsPath.007 88/95 | Building OptiX acceleration structure
00:08.864  render           | Fra: 1 | Mem: 388M | Updating Geometry BVH NurbsPath.005 89/95 | Building BVH
00:08.864  render           | Fra: 1 | Mem: 388M | Updating Geometry BVH NurbsPath.005 89/95 | Building OptiX acceleration structure
00:08.875  render           | Fra: 1 | Mem: 272M | Updating Geometry BVH Sun 90/95 | Building BVH
00:08.875  render           | Fra: 1 | Mem: 272M | Updating Geometry BVH Sun 90/95 | Building OptiX acceleration structure
00:08.875  render           | Fra: 1 | Mem: 272M | Updating Geometry BVH Ridge_tall_0 91/95 | Building BVH
00:08.875  render           | Fra: 1 | Mem: 272M | Updating Geometry BVH Ridge_tall_0 91/95 | Building OptiX acceleration structure
00:08.876  render           | Fra: 1 | Mem: 272M | Updating Geometry BVH Ridge_tall_1 92/95 | Building BVH
00:08.876  render           | Fra: 1 | Mem: 272M | Updating Geometry BVH Ridge_tall_1 92/95 | Building OptiX acceleration structure
00:08.910  render           | Fra: 1 | Mem: 280M | Updating Scene BVH | Building
00:08.910  render           | Fra: 1 | Mem: 280M | Updating Scene BVH | Building OptiX acceleration structure
00:08.924  render           | Fra: 1 | Mem: 303M | Updating Scene BVH | Copying BVH to device
00:08.924  render           | Fra: 1 | Mem: 303M | Updating Mesh | Computing attributes
00:09.025  render           | Fra: 1 | Mem: 303M | Updating Mesh | Copying Attributes to device
00:09.054  render           | Fra: 1 | Mem: 664M | Updating Mesh | Computing normals
00:09.073  render           | Fra: 1 | Mem: 664M | Updating Mesh | Copying Mesh to device
00:09.078  render           | Fra: 1 | Mem: 735M | Updating Objects Flags
00:09.081  render           | Fra: 1 | Mem: 735M | Updating Primitive Offsets
00:09.082  render           | Fra: 1 | Mem: 736M | Updating Images
00:09.082  render           | Fra: 1 | Mem: 736M | Updating Images | Loading grass_medium_01_rough_2k.exr
00:09.082  render           | Fra: 1 | Mem: 736M | Updating Images | Loading kloofendal_overcast_puresky_4k.hdr
00:09.082  render           | Fra: 1 | Mem: 736M | Updating Images | Loading moss_01_nor_gl_2k.exr
00:09.082  render           | Fra: 1 | Mem: 736M | Updating Images | Loading grass_medium_01_nor_gl_2k.exr
00:09.082  render           | Fra: 1 | Mem: 736M | Updating Images | Loading rock_moss_set_01_nor_gl_2k.exr
00:09.082  render           | Fra: 1 | Mem: 736M | Updating Images | Loading fir_sapling_medium_twigs_diff_2k.png
00:09.082  render           | Fra: 1 | Mem: 736M | Updating Images | Loading grass_medium_01_diff_2k.jpg
00:09.082  render           | Fra: 1 | Mem: 736M | Updating Images | Loading fir_sapling_medium_twigs_alpha_2k.png
00:09.082  render           | Fra: 1 | Mem: 736M | Updating Images | Loading flower_heliophila_alpha_2k.png
00:09.082  render           | Fra: 1 | Mem: 736M | Updating Images | Loading moss_01_alpha_2k.png
00:09.082  render           | Fra: 1 | Mem: 736M | Updating Images | Loading grass_medium_01_alpha_2k.png
00:09.082  render           | Fra: 1 | Mem: 736M | Updating Images | Loading moss_01_rough_2k.exr
00:09.082  render           | Fra: 1 | Mem: 736M | Updating Images | Loading flower_heliophila_diff_2k.jpg
00:09.082  render           | Fra: 1 | Mem: 736M | Updating Images | Loading flower_heliophila_translucency_2k.png
00:09.359  render           | Fra: 1 | Mem: 1344M | Updating Volume
00:09.360  render           | Fra: 1 | Mem: 1344M | Updating Camera Volume
00:09.360  render           | Fra: 1 | Mem: 1344M | Updating Lookup Tables
00:09.360  render           | Fra: 1 | Mem: 1344M | Updating Lights
00:09.364  render           | Fra: 1 | Mem: 1344M | Updating Lights | Importance map
00:09.492  render           | Fra: 1 | Mem: 1408M | Updating Lights | Computing tree
00:09.495  render           | Fra: 1 | Mem: 1409M | Updating Integrator
00:09.495  render           | Fra: 1 | Mem: 1409M | Updating Film
00:09.495  render           | Fra: 1 | Mem: 1409M | Updating Lookup Tables
00:09.495  render           | Fra: 1 | Mem: 1409M | Updating Baking
00:09.496  render           | Fra: 1 | Mem: 1409M | Updating Device | Writing constant memory
00:09.497  render           | Fra: 1 | Mem: 1409M | Loading denoising kernels (may take a few minutes the first time)
00:09.499  render           | Fra: 1 | Mem: 1887M | Rendered 0/4 Tiles, Sample 0/128
00:09.556  render           | Fra: 1 | Remaining: 00:14.23 | Mem: 2192M | Rendered 0/4 Tiles, Sample 1/128
00:12.762  render           | Fra: 1 | Remaining: 00:07.06 | Mem: 2192M | Rendered 0/4 Tiles, Sample 80/128
00:13.107  render           | Fra: 1 | Remaining: 00:05.90 | Mem: 2192M | Rendered 0/4 Tiles, Sample 96/128
00:13.438  render           | Fra: 1 | Remaining: 00:04.96 | Mem: 2192M | Rendered 0/4 Tiles, Sample 112/128
00:14.082  render           | Fra: 1 | Remaining: 00:04.47 | Mem: 2192M | Rendered 0/4 Tiles, Sample 128/128
00:14.082  render           | Fra: 1 | Remaining: 00:04.47 | Mem: 2192M | Rendered 1/4 Tiles, Sample 128/128
00:14.100  render           | Fra: 1 | Remaining: 00:04.49 | Mem: 1904M | Rendered 1/4 Tiles, Sample 1/128
00:14.354  render           | Fra: 1 | Remaining: 00:04.42 | Mem: 1904M | Rendered 1/4 Tiles, Sample 80/128
00:14.396  render           | Fra: 1 | Remaining: 00:04.40 | Mem: 1904M | Rendered 1/4 Tiles, Sample 96/128
00:14.437  render           | Fra: 1 | Remaining: 00:04.38 | Mem: 1904M | Rendered 1/4 Tiles, Sample 112/128
00:14.545  render           | Fra: 1 | Remaining: 00:04.41 | Mem: 1904M | Rendered 1/4 Tiles, Sample 128/128
00:14.545  render           | Fra: 1 | Remaining: 00:04.41 | Mem: 1904M | Rendered 2/4 Tiles, Sample 128/128
00:14.554  render           | Fra: 1 | Remaining: 00:04.36 | Mem: 2154M | Rendered 2/4 Tiles, Sample 1/128
00:14.919  render           | Fra: 1 | Remaining: 00:01.27 | Mem: 2154M | Rendered 2/4 Tiles, Sample 80/128
00:14.929  render           | Fra: 1 | Remaining: 00:00.84 | Mem: 2154M | Rendered 2/4 Tiles, Sample 96/128
00:14.940  render           | Fra: 1 | Remaining: 00:00.46 | Mem: 2154M | Rendered 2/4 Tiles, Sample 112/128
00:15.201  render           | Fra: 1 | Remaining: 00:00.14 | Mem: 2154M | Rendered 2/4 Tiles, Sample 128/128
00:15.201  render           | Fra: 1 | Remaining: 00:00.14 | Mem: 2154M | Rendered 3/4 Tiles, Sample 128/128
00:15.208  render           | Fra: 1 | Remaining: 00:00.14 | Mem: 1902M | Rendered 3/4 Tiles, Sample 1/128
00:15.227  render           | Fra: 1 | Remaining: 00:00.05 | Mem: 1902M | Rendered 3/4 Tiles, Sample 80/128
00:15.262  render           | Fra: 1 | Remaining: 00:00.05 | Mem: 1902M | Rendered 3/4 Tiles, Sample 0/128
00:15.262  render           | Fra: 1 | Remaining: 00:00.05 | Mem: 1902M | Finished
Render statistics:
Mesh statistics:
  Geometry:
    Total memory: 75.82M (79,504,724)
        Island                           41.01M (42,997,861)
        NurbsPath.007                    11.11M (11,645,883)
        NurbsPath.005                    6.82M (7,154,075)
        Ridge_tall_0                     1.12M (1,175,125)
        Ridge_tall_1                     1.12M (1,175,125)
        Ridge_tall_2                     1.12M (1,175,125)
        Ridge_tall_3                     1.12M (1,175,125)
        Ridge_tall_4                     1.12M (1,175,125)
        Plane.5143                       539.82K (552,772)
        Plane.2197                       292.15K (299,166)
        modelShape.007                   274.81K (281,401)
        modelShape.003                   274.81K (281,401)
        modelShape.001                   274.81K (281,401)
        modelShape.002                   274.81K (281,401)
        modelShape.004                   274.81K (281,401)
        modelShape.005                   274.81K (281,401)
        modelShape.006                   274.81K (281,401)
        modelShape.018                   274.81K (281,401)
        modelShape.008                   274.81K (281,401)
        modelShape.009                   274.81K (281,401)
        modelShape.010                   274.81K (281,401)
        modelShape.011                   274.81K (281,401)
        modelShape.012                   274.81K (281,401)
        modelShape.013                   274.81K (281,401)
        modelShape.014                   274.81K (281,401)
        modelShape.015                   274.81K (281,401)
        modelShape.017                   274.81K (281,401)
        modelShape.016                   274.81K (281,401)
        medium.005                       175.88K (180,098)
        medium.012                       175.88K (180,098)
        medium.011                       175.88K (180,098)
        medium.010                       175.88K (180,098)
        medium.016                       175.88K (180,098)
        medium.009                       175.88K (180,098)
        medium.008                       175.88K (180,098)
        medium.017                       175.88K (180,098)
        medium.007                       175.88K (180,098)
        medium.006                       175.88K (180,098)
        medium.004                       175.88K (180,098)
        medium.013                       175.88K (180,098)
        medium.003                       175.88K (180,098)
        medium.002                       175.88K (180,098)
        medium.015                       175.88K (180,098)
        medium.014                       175.88K (180,098)
        medium.001                       175.88K (180,098)
        mesh1-geometry.015               149.40K (152,983)
        mesh1-geometry.014               149.40K (152,983)
        mesh1-geometry.012               149.40K (152,983)
        mesh1-geometry.016               149.40K (152,983)
        mesh1-geometry.017               149.40K (152,983)
        mesh1-geometry.011               149.40K (152,983)
        mesh1-geometry.010               149.40K (152,983)
        mesh1-geometry.003               149.40K (152,983)
        mesh1-geometry.013               149.40K (152,983)
        mesh1-geometry.009               149.40K (152,983)
        mesh1-geometry.018               149.40K (152,983)
        mesh1-geometry.008               149.40K (152,983)
        mesh1-geometry.001               149.40K (152,983)
        mesh1-geometry.007               149.40K (152,983)
        mesh1-geometry.006               149.40K (152,983)
        mesh1-geometry.005               149.40K (152,983)
        mesh1-geometry.002               149.40K (152,983)
        mesh1-geometry.004               149.40K (152,983)
        Plane.048                        24.42K (25,007)
        Plane.039                        20.95K (21,454)
        Plane.037                        13.91K (14,246)
        Plane.047                        10.92K (11,186)
        Plane.045                        5.73K (5,865)
      00:15.335  render           | Fra: 1 | Remaining: 00:00.05 | Mem: 1351M | Reading full buffer from disk
  Plane.042                        5.23K (5,355)
        Plane.043                        4.90K (5,015)
        Plane.055                        1.39K (1,428)
        Plane.058                        1.11K (1,139)
        Plane.059                        1.08K (1,105)
        Plane.054                        765B (765)
        Plane.057                        629B (629)
        Plane.056                        561B (561)
        Plane.040                        493B (493)
        Plane.035                        493B (493)
        Plane.009                        493B (493)
        Plane.003                        493B (493)
        Plane.005                        425B (425)
        Plane.006                        425B (425)
        Plane.008                        357B (357)
        Plane.007                        357B (357)
        Plane.004                        357B (357)
        Plane.032                        221B (221)
        Plane.011                        187B (187)
        Plane.010                        187B (187)
        TopMoss                          85B (85)
        Flowers                          85B (85)
        LipMoss                          85B (85)
        TopGrassTall                     85B (85)
        TopGrass                         85B (85)
        backgroundlight                  50B (50)
        Sun                              46B (46)
Image statistics:
  Full Images:
    kloofendal_overcast_puresky_4k.hdr 128.00M (134,217,728)
    rock_moss_set_01_nor_gl_2k.exr   32.00M (33,554,432)
    fir_sapling_medium_twigs_alpha_2k.png 32.00M (33,554,432)
    fir_sapling_medium_twigs_diff_2k.png 32.00M (33,554,432)
    fir_sapling_medium_branches_nor_gl_2k.png 32.00M (33,554,432)
    fir_sapling_medium_twigs_nor_gl_2k.png 32.00M (33,554,432)
    flower_heliophila_nor_gl_2k.exr  32.00M (33,554,432)
    grass_medium_01_nor_gl_2k.exr    32.00M (33,554,432)
    moss_01_nor_gl_2k.exr            32.00M (33,554,432)
    fir_sapling_medium_twigs_mask_2k.png 32.00M (33,554,432)
    fir_sapling_medium_branches_diff_2k.png 32.00M (33,554,432)
    flower_heliophila_diff_2k.jpg    16.00M (16,777,216)
    lichen_rock_Diffuse_2k.jpg       16.00M (16,777,216)
    aerial_rocks_02_Diffuse_2k.jpg   16.00M (16,777,216)
    rock_moss_set_01_diff_2k.jpg     16.00M (16,777,216)
    cliff_side_Diffuse_2k.jpg        16.00M (16,777,216)
    grass_medium_01_diff_2k.jpg      16.00M (16,777,216)
    moss_01_diff_2k.jpg              16.00M (16,777,216)
    rock_moss_set_01_rough_2k.jpg    16.00M (16,777,216)
    lichen_rock_nor_gl_2k.jpg        16.00M (16,777,216)
    cliff_side_nor_gl_2k.jpg         16.00M (16,777,216)
    forest_ground_04_Diffuse_2k.jpg  16.00M (16,777,216)
    lichen_rock_Displacement_2k.jpg  16.00M (16,777,216)
    forest_ground_04_nor_gl_2k.jpg   16.00M (16,777,216)
    flower_heliophila_translucency_2k.png 8.00M (8,388,608)
    flower_heliophila_rough_2k.exr   8.00M (8,388,608)
    fir_sapling_medium_twigs_rough_2k.png 8.00M (8,388,608)
    grass_medium_01_rough_2k.exr     8.00M (8,388,608)
    fir_sapling_medium_branches_rough_2k.png 8.00M (8,388,608)
    moss_01_rough_2k.exr             8.00M (8,388,608)
    grass_medium_01_alpha_2k.png     8.00M (8,388,608)
    moss_01_alpha_2k.png             8.00M (8,388,608)
    flower_heliophila_alpha_2k.png   8.00M (8,388,608)
    fir_sapling_medium_branches_disp_2k.png 8.00M (8,388,608)
    cliff_side_Displacement_2k.jpg   4.00M (4,194,304)
  Full image memory: 740.00M (775,946,240)
  Overhead image memory: 3.83K (3,920)
  Total image memory: 740.00M (775,950,160)
Profiling information not available (only works with CPU rendering)
00:15.691  render           | Fra: 1 | Remaining: 00:00.05 | Mem: 1351M | ViewLayer | Denoising
00:27.801  render           | Fra: 1 | Remaining: 00:00.16 | Mem: 1952M | ViewLayer | Finishing
00:28.595  render           | Saved: '/home/akamel/hero3d/out/still-223/p17/tall-s0-f0.png'
00:28.599  render           | Time: 00:24.44 (Saving: 00:00.37)
still: wrote /home/akamel/hero3d/out/still-223/p17/tall-s0-f0.png 2160x3840
00:28.626  render           | Rendering frame 1
00:28.632  render           | Start rendering: Scene, ViewLayer
00:28.632  render           | Engine: Cycles
00:32.144  render           | Fra: 1 | Mem: 1M | Synchronizing object | Island
00:32.149  render           | Fra: 1 | Mem: 1M | Synchronizing object | moss_01_d_LOD0
00:32.149  render           | Fra: 1 | Mem: 1M | Synchronizing object | TopMoss
00:32.149  render           | Fra: 1 | Mem: 1M | Synchronizing object | moss_01_h_LOD0
00:32.149  render           | Fra: 1 | Mem: 1M | Synchronizing object | moss_01_i_LOD0
00:32.149  render           | Fra: 1 | Mem: 1M | Synchronizing object | moss_01_e_LOD0
00:32.149  render           | Fra: 1 | Mem: 1M | Synchronizing object | moss_01_tall_a_LOD0
00:32.149  render           | Fra: 1 | Mem: 1M | Synchronizing object | moss_01_a_LOD0
00:32.149  render           | Fra: 1 | Mem: 1M | Synchronizing object | moss_01_f_LOD0
00:32.149  render           | Fra: 1 | Mem: 1M | Synchronizing object | moss_01_tall_b_LOD0
00:32.149  render           | Fra: 1 | Mem: 1M | Synchronizing object | moss_01_b_LOD0
00:32.149  render           | Fra: 1 | Mem: 1M | Synchronizing object | moss_01_g_LOD0
00:32.149  render           | Fra: 1 | Mem: 1M | Synchronizing object | moss_01_c_LOD0
00:32.149  render           | Fra: 1 | Mem: 1M | Synchronizing object | moss_01_j_LOD0
00:32.230  render           | Fra: 1 | Mem: 1M | Synchronizing object | grass_medium_01_tiny_e_LOD0
00:32.230  render           | Fra: 1 | Mem: 1M | Synchronizing object | grass_medium_01_tiny_f_LOD0
00:32.230  render           | Fra: 1 | Mem: 1M | Synchronizing object | grass_medium_01_small_a_LOD0
00:32.231  render           | Fra: 1 | Mem: 1M | Synchronizing object | grass_medium_01_mid_c_LOD0
00:32.231  render           | Fra: 1 | Mem: 1M | Synchronizing object | TopGrass
00:32.231  render           | Fra: 1 | Mem: 1M | Synchronizing object | grass_medium_01_mid_b_LOD0
00:32.231  render           | Fra: 1 | Mem: 1M | Synchronizing object | grass_medium_01_tiny_d_LOD0
00:32.231  render           | Fra: 1 | Mem: 1M | Synchronizing object | grass_medium_01_tiny_a_LOD0
00:32.231  render           | Fra: 1 | Mem: 1M | Synchronizing object | grass_medium_01_small_b_LOD0
00:32.231  render           | Fra: 1 | Mem: 1M | Synchronizing object | grass_medium_01_tiny_c_LOD0
00:32.231  render           | Fra: 1 | Mem: 1M | Synchronizing object | grass_medium_01_tiny_b_LOD0
00:32.232  render           | Fra: 1 | Mem: 1M | Synchronizing object | grass_medium_01_tall_a_LOD0
00:32.232  render           | Fra: 1 | Mem: 1M | Synchronizing object | grass_medium_01_tall_b_LOD0
00:32.232  render           | Fra: 1 | Mem: 1M | Synchronizing object | grass_medium_01_tall_c_LOD0
00:32.232  render           | Fra: 1 | Mem: 1M | Synchronizing object | TopGrassTall
00:32.238  render           | Fra: 1 | Mem: 1M | Synchronizing object | LipMoss
00:32.362  render           | Fra: 1 | Mem: 1M | Synchronizing object | flower_heliophila_medium_LOD0
00:32.362  render           | Fra: 1 | Mem: 1M | Synchronizing object | Flowers
00:32.363  render           | Fra: 1 | Mem: 1M | Synchronizing object | flower_heliophila_small_LOD0
00:32.363  render           | Fra: 1 | Mem: 1M | Synchronizing object | rock_moss_set_01_rock06.001
00:32.363  render           | Fra: 1 | Mem: 1M | Synchronizing object | rock_moss_set_01_rock05.001
00:32.363  render           | Fra: 1 | Mem: 1M | Synchronizing object | rock_moss_set_01_rock04.001
00:32.363  render           | Fra: 1 | Mem: 1M | Synchronizing object | rock_moss_set_01_rock04.004
00:32.363  render           | Fra: 1 | Mem: 1M | Synchronizing object | rock_moss_set_01_rock06.006
00:32.363  render           | Fra: 1 | Mem: 1M | Synchronizing object | rock_moss_set_01_rock06.007
00:32.363  render           | Fra: 1 | Mem: 1M | Synchronizing object | rock_moss_set_01_rock04.006
00:32.363  render           | Fra: 1 | Mem: 1M | Synchronizing object | rock_moss_set_01_rock05.008
00:32.363  render           | Fra: 1 | Mem: 1M | Synchronizing object | rock_moss_set_01_rock04.007
00:32.363  render           | Fra: 1 | Mem: 1M | Synchronizing object | rock_moss_set_01_rock06.009
00:32.363  render           | Fra: 1 | Mem: 1M | Synchronizing object | rock_moss_set_01_rock05.009
00:32.363  render           | Fra: 1 | Mem: 1M | Synchronizing object | Ridge_wide_4
00:32.363  render           | Fra: 1 | Mem: 1M | Synchronizing object | rock_moss_set_01_rock04.008
00:32.363  render           | Fra: 1 | Mem: 1M | Synchronizing object | rock_moss_set_01_rock04.009
00:32.363  render           | Fra: 1 | Mem: 1M | Synchronizing object | rock_moss_set_01_rock06.011
00:32.363  render           | Fra: 1 | Mem: 1M | Synchronizing object | rock_moss_set_01_rock05.011
00:32.363  render           | Fra: 1 | Mem: 1M | Synchronizing object | rock_moss_set_01_rock04.010
00:32.364  render           | Fra: 1 | Mem: 1M | Synchronizing object | rock_moss_set_01_rock06.012
00:32.364  render           | Fra: 1 | Mem: 1M | Synchronizing object | rock_moss_set_01_rock05.012
00:32.364  render           | Fra: 1 | Mem: 1M | Synchronizing object | rock_moss_set_01_rock04.011
00:32.364  render           | Fra: 1 | Mem: 1M | Synchronizing object | rock_moss_set_01_rock06.013
00:32.364  render           | Fra: 1 | Mem: 1M | Synchronizing object | rock_moss_set_01_rock04.012
00:32.364  render           | Fra: 1 | Mem: 1M | Synchronizing object | rock_moss_set_01_rock04.013
00:32.364  render           | Fra: 1 | Mem: 1M | Synchronizing object | rock_moss_set_01_rock05.015
00:32.364  render           | Fra: 1 | Mem: 1M | Synchronizing object | rock_moss_set_01_rock04.014
00:32.364  render           | Fra: 1 | Mem: 1M | Synchronizing object | rock_moss_set_01_rock06.016
00:32.364  render           | Fra: 1 | Mem: 1M | Synchronizing object | rock_moss_set_01_rock04.015
00:32.364  render           | Fra: 1 | Mem: 1M | Synchronizing object | rock_moss_set_01_rock06.017
00:32.364  render           | Fra: 1 | Mem: 1M | Synchronizing object | rock_moss_set_01_rock05.017
00:32.364  render           | Fra: 1 | Mem: 1M | Synchronizing object | rock_moss_set_01_rock04.016
00:32.364  render           | Fra: 1 | Mem: 1M | Synchronizing object | rock_moss_set_01_rock06.018
00:32.364  render           | Fra: 1 | Mem: 1M | Synchronizing object | rock_moss_set_01_rock05.018
00:32.364  render           | Fra: 1 | Mem: 1M | Synchronizing object | rock_moss_set_01_rock04.017
00:32.364  render           | Fra: 1 | Mem: 1M | Synchronizing object | rock_moss_set_01_rock06.019
00:32.364  render           | Fra: 1 | Mem: 1M | Synchronizing object | rock_moss_set_01_rock05.019
00:32.364  render           | Fra: 1 | Mem: 1M | Synchronizing object | fir_sapling_medium_a_LOD0.001
00:32.364  render           | Fra: 1 | Mem: 1M | Synchronizing object | fir_sapling_medium_b_LOD0.001
00:32.364  render           | Fra: 1 | Mem: 1M | Synchronizing object | Sun
00:32.364  render           | Fra: 1 | Mem: 1M | Synchronizing object | Ridge_wide_0
00:32.364  render           | Fra: 1 | Mem: 1M | Synchronizing object | Ridge_wide_1
00:32.364  render           | Fra: 1 | Mem: 1M | Synchronizing object | Ridge_wide_2
00:32.364  render           | Fra: 1 | Mem: 1M | Synchronizing object | Ridge_wide_3
00:32.376  render           | Fra: 1 | Mem: 1M | Initializing
00:32.447  render           | Fra: 1 | Mem: 1M | Waiting for render to start
00:32.447  render           | Fra: 1 | Mem: 1M | Updating Scene
00:32.447  render           | Fra: 1 | Mem: 1M | Updating Shaders
00:32.451  render           | Fra: 1 | Mem: 1M | Loading render kernels (may take a few minutes the first time)
00:32.501  render           | Fra: 1 | Mem: 1M | Updating Procedurals
Update statistics:
Scene:
    Total time: 0.051663s
        device_update                            0.051663s
Geometry:
    Total time: 0.000000s
Light:
    Total time: 0.000000s
Object:
    Total time: 0.000000s
Image:
    Total time: 0.000000s
Background:
    Total time: 0.000000s
Bake:
    Total time: 0.000000s
Camera:
    Total time: 0.000000s
Film:
    Total time: 0.000000s
Integrator:
    Total time: 0.000000s
OSL:
    Total time: 0.000000s
Particles:
    Total time: 0.000000s
SVM:
    Total time: 0.000000s
Tables:
    Total time: 0.000000s
Procedurals:
    Total time: 0.000000s

00:32.501  render           | Fra: 1 | Mem: 1M | Updating Background
00:32.501  render           | Fra: 1 | Mem: 1M | Updating Scene Attribute
00:32.501  render           | Fra: 1 | Mem: 1M | Updating Camera
00:32.501  render           | Fra: 1 | Mem: 1M | Updating Meshes Flags
00:32.501  render           | Fra: 1 | Mem: 1M | Updating Objects
00:32.503  render           | Fra: 1 | Mem: 1M | Updating Objects | Copying Transformations to device
00:32.508  render           | Fra: 1 | Mem: 37M | Updating Particle Systems
00:32.508  render           | Fra: 1 | Mem: 37M | Updating Particle Systems | Copying Particles to device
00:32.508  render           | Fra: 1 | Mem: 37M | Updating Meshes
00:32.621  render           | Fra: 1 | Mem: 37M | Updating Displacement Images
00:32.621  render           | Fra: 1 | Mem: 37M | Updating Images | Loading cliff_side_Displacement_2k.jpg
00:32.621  render           | Fra: 1 | Mem: 37M | Updating Images | Loading forest_ground_04_nor_gl_2k.jpg
00:32.621  render           | Fra: 1 | Mem: 37M | Updating Images | Loading cliff_side_nor_gl_2k.jpg
00:32.684  render           | Fra: 1 | Mem: 170M | Updating Mesh | Computing normals
00:32.704  render           | Fra: 1 | Mem: 170M | Updating Mesh | Copying Mesh to device
00:32.708  render           | Fra: 1 | Mem: 241M | Updating Objects | Applying Static Transformations
00:32.717  render           | Fra: 1 | Mem: 241M | Updating Mesh | Computing attributes
00:32.773  render           | Fra: 1 | Mem: 241M | Updating Mesh | Copying Attributes to device
00:32.797  render           | Fra: 1 | Mem: 433M | Updating Mesh | Computing Displacement Island
00:33.141  render           | Fra: 1 | Mem: 433M | Updating Mesh | Computing Displacement mesh1-geometry.001
00:33.146  render           | Fra: 1 | Mem: 433M | Updating Mesh | Computing Displacement modelShape.001
00:33.151  render           | Fra: 1 | Mem: 433M | Updating Mesh | Computing Displacement medium.002
00:33.154  render           | Fra: 1 | Mem: 433M | Updating Mesh | Computing Displacement mesh1-geometry.002
00:33.159  render           | Fra: 1 | Mem: 433M | Updating Mesh | Computing Displacement modelShape.002
00:33.163  render           | Fra: 1 | Mem: 433M | Updating Mesh | Computing Displacement medium.003
00:33.166  render           | Fra: 1 | Mem: 433M | Updating Mesh | Computing Displacement mesh1-geometry.004
00:33.170  render           | Fra: 1 | Mem: 433M | Updating Mesh | Computing Displacement modelShape.004
00:33.174  render           | Fra: 1 | Mem: 433M | Updating Mesh | Computing Displacement medium.004
00:33.178  render           | Fra: 1 | Mem: 433M | Updating Mesh | Computing Displacement mesh1-geometry.005
00:33.182  render           | Fra: 1 | Mem: 433M | Updating Mesh | Computing Displacement modelShape.005
00:33.185  render           | Fra: 1 | Mem: 433M | Updating Mesh | Computing Displacement medium.005
00:33.189  render           | Fra: 1 | Mem: 433M | Updating Mesh | Computing Displacement mesh1-geometry.006
00:33.193  render           | Fra: 1 | Mem: 433M | Updating Mesh | Computing Displacement modelShape.006
00:33.197  render           | Fra: 1 | Mem: 433M | Updating Mesh | Computing Displacement medium.006
00:33.201  render           | Fra: 1 | Mem: 433M | Updating Mesh | Computing Displacement mesh1-geometry.007
00:33.205  render           | Fra: 1 | Mem: 433M | Updating Mesh | Computing Displacement modelShape.007
00:33.209  render           | Fra: 1 | Mem: 433M | Updating Mesh | Computing Displacement medium.007
00:33.212  render           | Fra: 1 | Mem: 433M | Updating Mesh | Computing Displacement mesh1-geometry.008
00:33.217  render           | Fra: 1 | Mem: 433M | Updating Mesh | Computing Displacement modelShape.008
00:33.221  render           | Fra: 1 | Mem: 433M | Updating Mesh | Computing Displacement medium.008
00:33.224  render           | Fra: 1 | Mem: 433M | Updating Mesh | Computing Displacement mesh1-geometry.009
00:33.228  render           | Fra: 1 | Mem: 433M | Updating Mesh | Computing Displacement modelShape.009
00:33.232  render           | Fra: 1 | Mem: 433M | Updating Mesh | Computing Displacement medium.009
00:33.236  render           | Fra: 1 | Mem: 433M | Updating Mesh | Computing Displacement mesh1-geometry.010
00:33.240  render           | Fra: 1 | Mem: 433M | Updating Mesh | Computing Displacement modelShape.010
00:33.244  render           | Fra: 1 | Mem: 433M | Updating Mesh | Computing Displacement medium.010
00:33.247  render           | Fra: 1 | Mem: 433M | Updating Mesh | Computing Displacement mesh1-geometry.011
00:33.252  render           | Fra: 1 | Mem: 433M | Updating Mesh | Computing Displacement modelShape.011
00:33.256  render           | Fra: 1 | Mem: 433M | Updating Mesh | Computing Displacement medium.011
00:33.259  render           | Fra: 1 | Mem: 433M | Updating Mesh | Computing Displacement mesh1-geometry.012
00:33.264  render           | Fra: 1 | Mem: 433M | Updating Mesh | Computing Displacement modelShape.012
00:33.268  render           | Fra: 1 | Mem: 433M | Updating Mesh | Computing Displacement medium.012
00:33.271  render           | Fra: 1 | Mem: 433M | Updating Mesh | Computing Displacement mesh1-geometry.013
00:33.276  render           | Fra: 1 | Mem: 433M | Updating Mesh | Computing Displacement modelShape.013
00:33.279  render           | Fra: 1 | Mem: 433M | Updating Mesh | Computing Displacement medium.013
00:33.283  render           | Fra: 1 | Mem: 433M | Updating Mesh | Computing Displacement mesh1-geometry.014
00:33.287  render           | Fra: 1 | Mem: 433M | Updating Mesh | Computing Displacement modelShape.014
00:33.291  render           | Fra: 1 | Mem: 433M | Updating Mesh | Computing Displacement medium.014
00:33.295  render           | Fra: 1 | Mem: 433M | Updating Mesh | Computing Displacement mesh1-geometry.015
00:33.299  render           | Fra: 1 | Mem: 433M | Updating Mesh | Computing Displacement modelShape.015
00:33.303  render           | Fra: 1 | Mem: 433M | Updating Mesh | Computing Displacement medium.015
00:33.307  render           | Fra: 1 | Mem: 433M | Updating Mesh | Computing Displacement mesh1-geometry.016
00:33.311  render           | Fra: 1 | Mem: 433M | Updating Mesh | Computing Displacement modelShape.016
00:33.315  render           | Fra: 1 | Mem: 433M | Updating Mesh | Computing Displacement medium.016
00:33.318  render           | Fra: 1 | Mem: 433M | Updating Mesh | Computing Displacement mesh1-geometry.017
00:33.323  render           | Fra: 1 | Mem: 433M | Updating Mesh | Computing Displacement modelShape.017
00:33.327  render           | Fra: 1 | Mem: 433M | Updating Mesh | Computing Displacement medium.017
00:33.330  render           | Fra: 1 | Mem: 433M | Updating Mesh | Computing Displacement mesh1-geometry.018
00:33.335  render           | Fra: 1 | Mem: 433M | Updating Mesh | Computing Displacement modelShape.018
00:33.348  render           | Fra: 1 | Mem: 170M | Updating Geometry BVH backgroundlight 96/95 | Building BVH
00:33.348  render           | Fra: 1 | Mem: 170M | Updating Geometry BVH backgroundlight 96/95 | Building OptiX acceleration structure
00:33.348  render           | Fra: 1 | Mem: 170M | Updating Geometry BVH Ridge_wide_4 95/95 | Building BVH
00:33.348  render           | Fra: 1 | Mem: 170M | Updating Geometry BVH Ridge_wide_4 95/95 | Building OptiX acceleration structure
00:33.348  render           | Fra: 1 | Mem: 170M | Updating Geometry BVH TopMoss 3/95 | Building BVH
00:33.348  render           | Fra: 1 | Mem: 170M | Updating Geometry BVH TopMoss 3/95 | Building OptiX acceleration structure
00:33.348  render           | Fra: 1 | Mem: 170M | Updating Geometry BVH Plane.004 4/95 | Building BVH
00:33.348  render           | Fra: 1 | Mem: 170M | Updating Geometry BVH Plane.004 4/95 | Building OptiX acceleration structure
00:33.348  render           | Fra: 1 | Mem: 170M | Updating Geometry BVH Plane.011 6/95 | Building BVH
00:33.348  render           | Fra: 1 | Mem: 170M | Updating Geometry BVH Plane.032 15/95 | Building BVH
00:33.348  render           | Fra: 1 | Mem: 171M | Updating Geometry BVH Plane.048 20/95 | Building BVH
00:33.348  render           | Fra: 1 | Mem: 171M | Updating Geometry BVH Plane.057 22/95 | Building BVH
00:33.348  render           | Fra: 1 | Mem: 171M | Updating Geometry BVH Plane.055 23/95 | Building BVH
00:33.348  render           | Fra: 1 | Mem: 171M | Updating Geometry BVH Plane.055 23/95 | Building OptiX acceleration structure
00:33.348  render           | Fra: 1 | Mem: 171M | Updating Geometry BVH Plane.054 25/95 | Building BVH
00:33.348  render           | Fra: 1 | Mem: 171M | Updating Geometry BVH Plane.047 24/95 | Building OptiX acceleration structure
00:33.348  render           | Fra: 1 | Mem: 171M | Updating Geometry BVH TopGrassTall 27/95 | Building BVH
00:33.348  render           | Fra: 1 | Mem: 171M | Updating Geometry BVH Plane.043 28/95 | Building OptiX acceleration structure
00:33.348  render           | Fra: 1 | Mem: 171M | Updating Geometry BVH Plane.042 29/95 | Building BVH
00:33.348  render           | Fra: 1 | Mem: 171M | Updating Geometry BVH Plane.042 29/95 | Building OptiX acceleration structure
00:33.348  render           | Fra: 1 | Mem: 171M | Updating Geometry BVH Plane.045 30/95 | Building BVH
00:33.348  render           | Fra: 1 | Mem: 171M | Updating Geometry BVH Plane.045 30/95 | Building OptiX acceleration structure
00:33.349  render           | Fra: 1 | Mem: 171M | Updating Geometry BVH LipMoss 31/95 | Building BVH
00:33.349  render           | Fra: 1 | Mem: 171M | Updating Geometry BVH LipMoss 31/95 | Building OptiX acceleration structure
00:33.349  render           | Fra: 1 | Mem: 171M | Updating Geometry BVH Flowers 32/95 | Building BVH
00:33.349  render           | Fra: 1 | Mem: 171M | Updating Geometry BVH Flowers 32/95 | Building OptiX acceleration structure
00:33.349  render           | Fra: 1 | Mem: 171M | Updating Geometry BVH Plane.5143 33/95 | Building BVH
00:33.349  render           | Fra: 1 | Mem: 171M | Updating Geometry BVH Plane.5143 33/95 | Building OptiX acceleration structure
00:33.350  render           | Fra: 1 | Mem: 172M | Updating Geometry BVH Island 2/95 | Building BVH
00:33.350  render           | Fra: 1 | Mem: 172M | Updating Geometry BVH Island 2/95 | Building OptiX acceleration structure
00:33.350  render           | Fra: 1 | Mem: 172M | Updating Geometry BVH Plane.2197 34/95 | Building BVH
00:33.350  render           | Fra: 1 | Mem: 172M | Updating Geometry BVH Plane.2197 34/95 | Building OptiX acceleration structure
00:33.351  render           | Fra: 1 | Mem: 172M | Updating Geometry BVH Ridge_wide_3 94/95 | Building BVH
00:33.351  render           | Fra: 1 | Mem: 172M | Updating Geometry BVH Ridge_wide_3 94/95 | Building OptiX acceleration structure
00:33.352  render           | Fra: 1 | Mem: 174M | Updating Geometry BVH mesh1-geometry.003 35/95 | Building BVH
00:33.352  render           | Fra: 1 | Mem: 174M | Updating Geometry BVH mesh1-geometry.003 35/95 | Building OptiX acceleration structure
00:33.352  render           | Fra: 1 | Mem: 174M | Updating Geometry BVH modelShape.003 36/95 | Building BVH
00:33.352  render           | Fra: 1 | Mem: 174M | Updating Geometry BVH modelShape.003 36/95 | Building OptiX acceleration structure
00:33.352  render           | Fra: 1 | Mem: 174M | Updating Geometry BVH medium.001 37/95 | Building BVH
00:33.352  render           | Fra: 1 | Mem: 174M | Updating Geometry BVH medium.001 37/95 | Building OptiX acceleration structure
00:33.353  render           | Fra: 1 | Mem: 174M | Updating Geometry BVH mesh1-geometry.001 38/95 | Building BVH
00:33.353  render           | Fra: 1 | Mem: 174M | Updating Geometry BVH mesh1-geometry.001 38/95 | Building OptiX acceleration structure
00:33.353  render           | Fra: 1 | Mem: 174M | Updating Geometry BVH modelShape.001 39/95 | Building BVH
00:33.353  render           | Fra: 1 | Mem: 175M | Updating Geometry BVH modelShape.001 39/95 | Building OptiX acceleration structure
00:33.353  render           | Fra: 1 | Mem: 175M | Updating Geometry BVH medium.002 40/95 | Building BVH
00:33.353  render           | Fra: 1 | Mem: 175M | Updating Geometry BVH medium.002 40/95 | Building OptiX acceleration structure
00:33.353  render           | Fra: 1 | Mem: 175M | Updating Geometry BVH mesh1-geometry.002 41/95 | Building BVH
00:33.353  render           | Fra: 1 | Mem: 175M | Updating Geometry BVH mesh1-geometry.002 41/95 | Building OptiX acceleration structure
00:33.353  render           | Fra: 1 | Mem: 175M | Updating Geometry BVH modelShape.002 42/95 | Building BVH
00:33.353  render           | Fra: 1 | Mem: 175M | Updating Geometry BVH modelShape.002 42/95 | Building OptiX acceleration structure
00:33.354  render           | Fra: 1 | Mem: 175M | Updating Geometry BVH medium.003 43/95 | Building BVH
00:33.354  render           | Fra: 1 | Mem: 175M | Updating Geometry BVH medium.003 43/95 | Building OptiX acceleration structure
00:33.354  render           | Fra: 1 | Mem: 176M | Updating Geometry BVH mesh1-geometry.004 44/95 | Building BVH
00:33.354  render           | Fra: 1 | Mem: 176M | Updating Geometry BVH mesh1-geometry.004 44/95 | Building OptiX acceleration structure
00:33.354  render           | Fra: 1 | Mem: 176M | Updating Geometry BVH modelShape.004 45/95 | Building BVH
00:33.354  render           | Fra: 1 | Mem: 176M | Updating Geometry BVH modelShape.004 45/95 | Building OptiX acceleration structure
00:33.354  render           | Fra: 1 | Mem: 176M | Updating Geometry BVH medium.004 46/95 | Building BVH
00:33.354  render           | Fra: 1 | Mem: 176M | Updating Geometry BVH medium.004 46/95 | Building OptiX acceleration structure
00:33.355  render           | Fra: 1 | Mem: 176M | Updating Geometry BVH mesh1-geometry.005 47/95 | Building BVH
00:33.355  render           | Fra: 1 | Mem: 176M | Updating Geometry BVH mesh1-geometry.005 47/95 | Building OptiX acceleration structure
00:33.355  render           | Fra: 1 | Mem: 176M | Updating Geometry BVH modelShape.005 48/95 | Building BVH
00:33.355  render           | Fra: 1 | Mem: 176M | Updating Geometry BVH modelShape.005 48/95 | Building OptiX acceleration structure
00:33.355  render           | Fra: 1 | Mem: 177M | Updating Geometry BVH medium.005 49/95 | Building BVH
00:33.355  render           | Fra: 1 | Mem: 177M | Updating Geometry BVH medium.005 49/95 | Building OptiX acceleration structure
00:33.356  render           | Fra: 1 | Mem: 177M | Updating Geometry BVH mesh1-geometry.006 50/95 | Building BVH
00:33.356  render           | Fra: 1 | Mem: 177M | Updating Geometry BVH mesh1-geometry.006 50/95 | Building OptiX acceleration structure
00:33.356  render           | Fra: 1 | Mem: 177M | Updating Geometry BVH modelShape.006 51/95 | Building BVH
00:33.356  render           | Fra: 1 | Mem: 177M | Updating Geometry BVH modelShape.006 51/95 | Building OptiX acceleration structure
00:33.357  render           | Fra: 1 | Mem: 177M | Updating Geometry BVH medium.006 52/95 | Building BVH
00:33.357  render           | Fra: 1 | Mem: 177M | Updating Geometry BVH medium.006 52/95 | Building OptiX acceleration structure
00:33.357  render           | Fra: 1 | Mem: 178M | Updating Geometry BVH mesh1-geometry.007 53/95 | Building BVH
00:33.357  render           | Fra: 1 | Mem: 178M | Updating Geometry BVH mesh1-geometry.007 53/95 | Building OptiX acceleration structure
00:33.357  render           | Fra: 1 | Mem: 178M | Updating Geometry BVH modelShape.007 54/95 | Building BVH
00:33.357  render           | Fra: 1 | Mem: 178M | Updating Geometry BVH modelShape.007 54/95 | Building OptiX acceleration structure
00:33.358  render           | Fra: 1 | Mem: 178M | Updating Geometry BVH medium.007 55/95 | Building BVH
00:33.358  render           | Fra: 1 | Mem: 178M | Updating Geometry BVH medium.007 55/95 | Building OptiX acceleration structure
00:33.358  render           | Fra: 1 | Mem: 178M | Updating Geometry BVH mesh1-geometry.008 56/95 | Building BVH
00:33.358  render           | Fra: 1 | Mem: 178M | Updating Geometry BVH mesh1-geometry.008 56/95 | Building OptiX acceleration structure
00:33.358  render           | Fra: 1 | Mem: 178M | Updating Geometry BVH modelShape.008 57/95 | Building BVH
00:33.358  render           | Fra: 1 | Mem: 178M | Updating Geometry BVH modelShape.008 57/95 | Building OptiX acceleration structure
00:33.359  render           | Fra: 1 | Mem: 179M | Updating Geometry BVH medium.008 58/95 | Building BVH
00:33.359  render           | Fra: 1 | Mem: 179M | Updating Geometry BVH medium.008 58/95 | Building OptiX acceleration structure
00:33.359  render           | Fra: 1 | Mem: 179M | Updating Geometry BVH mesh1-geometry.009 59/95 | Building BVH
00:33.359  render           | Fra: 1 | Mem: 179M | Updating Geometry BVH mesh1-geometry.009 59/95 | Building OptiX acceleration structure
00:33.360  render           | Fra: 1 | Mem: 179M | Updating Geometry BVH Ridge_wide_2 93/95 | Building BVH
00:33.360  render           | Fra: 1 | Mem: 179M | Updating Geometry BVH Ridge_wide_2 93/95 | Building OptiX acceleration structure
00:33.361  render           | Fra: 1 | Mem: 181M | Updating Geometry BVH modelShape.009 60/95 | Building BVH
00:33.361  render           | Fra: 1 | Mem: 181M | Updating Geometry BVH modelShape.009 60/95 | Building OptiX acceleration structure
00:33.361  render           | Fra: 1 | Mem: 182M | Updating Geometry BVH medium.009 61/95 | Building BVH
00:33.361  render           | Fra: 1 | Mem: 182M | Updating Geometry BVH medium.009 61/95 | Building OptiX acceleration structure
00:33.362  render           | Fra: 1 | Mem: 182M | Updating Geometry BVH mesh1-geometry.010 62/95 | Building BVH
00:33.362  render           | Fra: 1 | Mem: 182M | Updating Geometry BVH mesh1-geometry.010 62/95 | Building OptiX acceleration structure
00:33.362  render           | Fra: 1 | Mem: 181M | Updating Geometry BVH modelShape.010 63/95 | Building BVH
00:33.362  render           | Fra: 1 | Mem: 181M | Updating Geometry BVH modelShape.010 63/95 | Building OptiX acceleration structure
00:33.362  render           | Fra: 1 | Mem: 182M | Updating Geometry BVH medium.010 64/95 | Building BVH
00:33.362  render           | Fra: 1 | Mem: 182M | Updating Geometry BVH medium.010 64/95 | Building OptiX acceleration structure
00:33.363  render           | Fra: 1 | Mem: 182M | Updating Geometry BVH mesh1-geometry.011 65/95 | Building BVH
00:33.363  render           | Fra: 1 | Mem: 182M | Updating Geometry BVH mesh1-geometry.011 65/95 | Building OptiX acceleration structure
00:33.363  render           | Fra: 1 | Mem: 183M | Updating Geometry BVH modelShape.011 66/95 | Building BVH
00:33.364  render           | Fra: 1 | Mem: 183M | Updating Geometry BVH modelShape.011 66/95 | Building OptiX acceleration structure
00:33.364  render           | Fra: 1 | Mem: 183M | Updating Geometry BVH medium.011 67/95 | Building BVH
00:33.364  render           | Fra: 1 | Mem: 183M | Updating Geometry BVH medium.011 67/95 | Building OptiX acceleration structure
00:33.364  render           | Fra: 1 | Mem: 184M | Updating Geometry BVH mesh1-geometry.012 68/95 | Building BVH
00:33.364  render           | Fra: 1 | Mem: 184M | Updating Geometry BVH mesh1-geometry.012 68/95 | Building OptiX acceleration structure
00:33.365  render           | Fra: 1 | Mem: 183M | Updating Geometry BVH modelShape.012 69/95 | Building BVH
00:33.365  render           | Fra: 1 | Mem: 183M | Updating Geometry BVH modelShape.012 69/95 | Building OptiX acceleration structure
00:33.365  render           | Fra: 1 | Mem: 184M | Updating Geometry BVH medium.012 70/95 | Building BVH
00:33.365  render           | Fra: 1 | Mem: 184M | Updating Geometry BVH medium.012 70/95 | Building OptiX acceleration structure
00:33.366  render           | Fra: 1 | Mem: 184M | Updating Geometry BVH mesh1-geometry.013 71/95 | Building BVH
00:33.366  render           | Fra: 1 | Mem: 184M | Updating Geometry BVH mesh1-geometry.013 71/95 | Building OptiX acceleration structure
00:33.366  render           | Fra: 1 | Mem: 184M | Updating Geometry BVH modelShape.013 72/95 | Building BVH
00:33.366  render           | Fra: 1 | Mem: 184M | Updating Geometry BVH modelShape.013 72/95 | Building OptiX acceleration structure
00:33.367  render           | Fra: 1 | Mem: 184M | Updating Geometry BVH medium.013 73/95 | Building BVH
00:33.367  render           | Fra: 1 | Mem: 185M | Updating Geometry BVH medium.013 73/95 | Building OptiX acceleration structure
00:33.367  render           | Fra: 1 | Mem: 186M | Updating Geometry BVH mesh1-geometry.014 74/95 | Building BVH
00:33.367  render           | Fra: 1 | Mem: 186M | Updating Geometry BVH mesh1-geometry.014 74/95 | Building OptiX acceleration structure
00:33.368  render           | Fra: 1 | Mem: 185M | Updating Geometry BVH modelShape.014 75/95 | Building BVH
00:33.368  render           | Fra: 1 | Mem: 185M | Updating Geometry BVH modelShape.014 75/95 | Building OptiX acceleration structure
00:33.368  render           | Fra: 1 | Mem: 185M | Updating Geometry BVH medium.014 76/95 | Building BVH
00:33.368  render           | Fra: 1 | Mem: 185M | Updating Geometry BVH medium.014 76/95 | Building OptiX acceleration structure
00:33.368  render           | Fra: 1 | Mem: 186M | Updating Geometry BVH mesh1-geometry.015 77/95 | Building BVH
00:33.368  render           | Fra: 1 | Mem: 186M | Updating Geometry BVH mesh1-geometry.015 77/95 | Building OptiX acceleration structure
00:33.369  render           | Fra: 1 | Mem: 186M | Updating Geometry BVH modelShape.015 78/95 | Building BVH
00:33.369  render           | Fra: 1 | Mem: 186M | Updating Geometry BVH modelShape.015 78/95 | Building OptiX acceleration structure
00:33.372  render           | Fra: 1 | Mem: 230M | Updating Geometry BVH medium.015 79/95 | Building BVH
00:33.372  render           | Fra: 1 | Mem: 230M | Updating Geometry BVH medium.015 79/95 | Building OptiX acceleration structure
00:33.373  render           | Fra: 1 | Mem: 230M | Updating Geometry BVH mesh1-geometry.016 80/95 | Building BVH
00:33.373  render           | Fra: 1 | Mem: 231M | Updating Geometry BVH mesh1-geometry.016 80/95 | Building OptiX acceleration structure
00:33.373  render           | Fra: 1 | Mem: 231M | Updating Geometry BVH modelShape.016 81/95 | Building BVH
00:33.374  render           | Fra: 1 | Mem: 231M | Updating Geometry BVH modelShape.016 81/95 | Building OptiX acceleration structure
00:33.374  render           | Fra: 1 | Mem: 231M | Updating Geometry BVH medium.016 82/95 | Building BVH
00:33.374  render           | Fra: 1 | Mem: 231M | Updating Geometry BVH medium.016 82/95 | Building OptiX acceleration structure
00:33.375  render           | Fra: 1 | Mem: 231M | Updating Geometry BVH mesh1-geometry.017 83/95 | Building BVH
00:33.375  render           | Fra: 1 | Mem: 231M | Updating Geometry BVH mesh1-geometry.017 83/95 | Building OptiX acceleration structure
00:33.375  render           | Fra: 1 | Mem: 231M | Updating Geometry BVH modelShape.017 84/95 | Building BVH
00:33.375  render           | Fra: 1 | Mem: 231M | Updating Geometry BVH modelShape.017 84/95 | Building OptiX acceleration structure
00:33.375  render           | Fra: 1 | Mem: 232M | Updating Geometry BVH medium.017 85/95 | Building BVH
00:33.375  render           | Fra: 1 | Mem: 232M | Updating Geometry BVH medium.017 85/95 | Building OptiX acceleration structure
00:33.376  render           | Fra: 1 | Mem: 232M | Updating Geometry BVH Ridge_wide_1 92/95 | Building BVH
00:33.376  render           | Fra: 1 | Mem: 232M | Updating Geometry BVH Ridge_wide_1 92/95 | Building OptiX acceleration structure
00:33.377  render           | Fra: 1 | Mem: 234M | Updating Geometry BVH mesh1-geometry.018 86/95 | Building BVH
00:33.377  render           | Fra: 1 | Mem: 234M | Updating Geometry BVH mesh1-geometry.018 86/95 | Building OptiX acceleration structure
00:33.377  render           | Fra: 1 | Mem: 234M | Updating Geometry BVH modelShape.018 87/95 | Building BVH
00:33.377  render           | Fra: 1 | Mem: 234M | Updating Geometry BVH modelShape.018 87/95 | Building OptiX acceleration structure
00:33.378  render           | Fra: 1 | Mem: 235M | Updating Geometry BVH NurbsPath.007 88/95 | Building BVH
00:33.378  render           | Fra: 1 | Mem: 235M | Updating Geometry BVH NurbsPath.007 88/95 | Building OptiX acceleration structure
00:33.379  render           | Fra: 1 | Mem: 235M | Updating Geometry BVH NurbsPath.005 89/95 | Building BVH
00:33.379  render           | Fra: 1 | Mem: 235M | Updating Geometry BVH NurbsPath.005 89/95 | Building OptiX acceleration structure
00:33.379  render           | Fra: 1 | Mem: 234M | Updating Geometry BVH Sun 90/95 | Building BVH
00:33.379  render           | Fra: 1 | Mem: 235M | Updating Geometry BVH Sun 90/95 | Building OptiX acceleration structure
00:33.379  render           | Fra: 1 | Mem: 235M | Updating Geometry BVH Ridge_wide_0 91/95 | Building BVH
00:33.379  render           | Fra: 1 | Mem: 235M | Updating Geometry BVH Ridge_wide_0 91/95 | Building OptiX acceleration structure
00:33.415  render           | Fra: 1 | Mem: 280M | Updating Scene BVH | Building
00:33.415  render           | Fra: 1 | Mem: 280M | Updating Scene BVH | Building OptiX acceleration structure
00:33.426  render           | Fra: 1 | Mem: 303M | Updating Scene BVH | Copying BVH to device
00:33.426  render           | Fra: 1 | Mem: 303M | Updating Mesh | Computing attributes
00:33.523  render           | Fra: 1 | Mem: 303M | Updating Mesh | Copying Attributes to device
00:33.552  render           | Fra: 1 | Mem: 664M | Updating Mesh | Computing normals
00:33.570  render           | Fra: 1 | Mem: 664M | Updating Mesh | Copying Mesh to device
00:33.575  render           | Fra: 1 | Mem: 735M | Updating Objects Flags
00:33.578  render           | Fra: 1 | Mem: 735M | Updating Primitive Offsets
00:33.579  render           | Fra: 1 | Mem: 736M | Updating Images
00:33.579  render           | Fra: 1 | Mem: 736M | Updating Images | Loading grass_medium_01_rough_2k.exr
00:33.579  render           | Fra: 1 | Mem: 736M | Updating Images | Loading kloofendal_overcast_puresky_4k.hdr
00:33.579  render           | Fra: 1 | Mem: 736M | Updating Images | Loading moss_01_nor_gl_2k.exr
00:33.579  render           | Fra: 1 | Mem: 736M | Updating Images | Loading grass_medium_01_nor_gl_2k.exr
00:33.579  render           | Fra: 1 | Mem: 736M | Updating Images | Loading flower_heliophila_nor_gl_2k.exr
00:33.579  render           | Fra: 1 | Mem: 736M | Updating Images | Loading fir_sapling_medium_twigs_nor_gl_2k.png
00:33.579  render           | Fra: 1 | Mem: 736M | Updating Images | Loading fir_sapling_medium_branches_nor_gl_2k.png
00:33.579  render           | Fra: 1 | Mem: 736M | Updating Images | Loading moss_01_diff_2k.jpg
00:33.579  render           | Fra: 1 | Mem: 736M | Updating Images | Loading fir_sapling_medium_twigs_diff_2k.png
00:33.579  render           | Fra: 1 | Mem: 736M | Updating Images | Loading moss_01_alpha_2k.png
00:33.579  render           | Fra: 1 | Mem: 736M | Updating Images | Loading rock_moss_set_01_diff_2k.jpg
00:33.579  render           | Fra: 1 | Mem: 736M | Updating Images | Loading grass_medium_01_diff_2k.jpg
00:33.579  render           | Fra: 1 | Mem: 736M | Updating Images | Loading fir_sapling_medium_twigs_alpha_2k.png
00:33.579  render           | Fra: 1 | Mem: 736M | Updating Images | Loading grass_medium_01_alpha_2k.png
00:33.858  render           | Fra: 1 | Mem: 1344M | Updating Volume
00:33.859  render           | Fra: 1 | Mem: 1344M | Updating Camera Volume
00:33.859  render           | Fra: 1 | Mem: 1344M | Updating Lookup Tables
00:33.859  render           | Fra: 1 | Mem: 1344M | Updating Lights
00:33.863  render           | Fra: 1 | Mem: 1344M | Updating Lights | Importance map
00:33.993  render           | Fra: 1 | Mem: 1408M | Updating Lights | Computing tree
00:33.996  render           | Fra: 1 | Mem: 1409M | Updating Integrator
00:33.996  render           | Fra: 1 | Mem: 1409M | Updating Film
00:33.996  render           | Fra: 1 | Mem: 1409M | Updating Lookup Tables
00:33.996  render           | Fra: 1 | Mem: 1409M | Updating Baking
00:33.997  render           | Fra: 1 | Mem: 1409M | Updating Device | Writing constant memory
00:33.997  render           | Fra: 1 | Mem: 1409M | Loading denoising kernels (may take a few minutes the first time)
00:34.000  render           | Fra: 1 | Mem: 1887M | Rendered 0/4 Tiles, Sample 0/128
00:34.028  render           | Fra: 1 | Remaining: 00:07.03 | Mem: 2192M | Rendered 0/4 Tiles, Sample 1/128
00:35.726  render           | Fra: 1 | Remaining: 00:03.73 | Mem: 2192M | Rendered 0/4 Tiles, Sample 80/128
00:35.733  render           | Fra: 1 | Remaining: 00:02.83 | Mem: 2192M | Rendered 0/4 Tiles, Sample 96/128
00:35.741  render           | Fra: 1 | Remaining: 00:02.19 | Mem: 2192M | Rendered 0/4 Tiles, Sample 112/128
00:36.060  render           | Fra: 1 | Remaining: 00:02.01 | Mem: 2192M | Rendered 0/4 Tiles, Sample 128/128
00:36.060  render           | Fra: 1 | Remaining: 00:02.01 | Mem: 2192M | Rendered 1/4 Tiles, Sample 128/128
00:36.112  render           | Fra: 1 | Remaining: 00:02.03 | Mem: 2154M | Rendered 1/4 Tiles, Sample 1/128
00:38.581  render           | Fra: 1 | Remaining: 00:01.27 | Mem: 2154M | Rendered 1/4 Tiles, Sample 80/128
00:38.864  render           | Fra: 1 | Remaining: 00:00.94 | Mem: 2154M | Rendered 1/4 Tiles, Sample 96/128
00:39.139  render           | Fra: 1 | Remaining: 00:00.61 | Mem: 2154M | Rendered 1/4 Tiles, Sample 112/128
00:39.684  render           | Fra: 1 | Remaining: 00:00.31 | Mem: 2154M | Rendered 1/4 Tiles, Sample 128/128
00:39.684  render           | Fra: 1 | Remaining: 00:00.31 | Mem: 2154M | Rendered 2/4 Tiles, Sample 128/128
00:39.690  render           | Fra: 1 | Remaining: 00:00.30 | Mem: 1904M | Rendered 2/4 Tiles, Sample 1/128
00:39.713  render           | Fra: 1 | Remaining: 00:00.20 | Mem: 1904M | Rendered 2/4 Tiles, Sample 80/128
00:39.736  render           | Fra: 1 | Remaining: 00:00.20 | Mem: 1904M | Rendered 2/4 Tiles, Sample 0/128
00:39.736  render           | Fra: 1 | Remaining: 00:00.20 | Mem: 1904M | Rendered 3/4 Tiles, Sample 0/128
00:39.737  render           | Fra: 1 | Remaining: 00:00.20 | Mem: 1902M | Rendered 3/4 Tiles, Sample 1/128
00:39.757  render           | Fra: 1 | Remaining: 00:00.11 | Mem: 1902M | Rendered 3/4 Tiles, Sample 80/128
00:39.773  render           | Fra: 1 | Remaining: 00:00.11 | Mem: 1902M | Rendered 3/4 Tiles, Sample 0/128
00:39.774  render           | Fra: 1 | Remaining: 00:00.11 | Mem: 1902M | Finished
Render statistics:
Mesh statistics:
  Geometry:
    Total memory: 75.82M (79,504,724)
        Island                           41.01M (42,997,861)
        NurbsPath.007                    11.11M (11,645,883)
        NurbsPath.005                    6.82M (7,154,075)
        Ridge_wide_0                     1.12M (1,175,125)
        Ridge_wide_1                     1.12M (1,175,125)
        Ridge_wide_2                     1.12M (1,175,125)
        Ridge_wide_3                     1.12M (1,175,125)
        Ridge_wide_4                     1.12M (1,175,125)
        Plane.5143                       539.82K (552,772)
        Plane.2197                       292.15K (299,166)
        modelShape.007                   274.81K (281,401)
        modelShape.003                   274.81K (281,401)
        modelShape.001                   274.81K (281,401)
        modelShape.002                   274.81K (281,401)
        modelShape.004                   274.81K (281,401)
        modelShape.005                   274.81K (281,401)
        modelShape.006                   274.81K (281,401)
        modelShape.018                   274.81K (281,401)
        modelShape.008                   274.81K (281,401)
        modelShape.009                   274.81K (281,401)
        modelShape.010                   274.81K (281,401)
        modelShape.011                   274.81K (281,401)
        modelShape.012                   274.81K (281,401)
        modelShape.013                   274.81K (281,401)
        modelShape.014                   274.81K (281,401)
        modelShape.015                   274.81K (281,401)
        modelShape.017                   274.81K (281,401)
        modelShape.016                   274.81K (281,401)
        medium.005                       175.88K (180,098)
        medium.012                       175.88K (180,098)
        medium.011                       175.88K (180,098)
        medium.010                       175.88K (180,098)
        medium.016                       175.88K (180,098)
        medium.009                       175.88K (180,098)
        medium.008                       175.88K (180,098)
        medium.017                       175.88K (180,098)
        medium.007                       175.88K (180,098)
        medium.006                       175.88K (180,098)
        medium.004                       175.88K (180,098)
        medium.013                       175.88K (180,098)
        medium.003                       175.88K (180,098)
        medium.002                       175.88K (180,098)
        medium.015                       175.88K (180,098)
        medium.014                       175.88K (180,098)
        medium.001                       175.88K (180,098)
        mesh1-geometry.015               149.40K (152,983)
        mesh1-geometry.014               149.40K (152,983)
        mesh1-geometry.012               149.40K (152,983)
        mesh1-geometry.016               149.40K (152,983)
        mesh1-geometry.017               149.40K (152,983)
        mesh1-geometry.011               149.40K (152,983)
        mesh1-geometry.010               149.40K (152,983)
        mesh1-geometry.003               149.40K (152,983)
        mesh1-geometry.013               149.40K (152,983)
        mesh1-geometry.009               149.40K (152,983)
        mesh1-geometry.018               149.40K (152,983)
        mesh1-geometry.008               149.40K (152,983)
        mesh1-geometry.001               149.40K (152,983)
        mesh1-geometry.007               149.40K (152,983)
        mesh1-geometry.006               149.40K (152,983)
        mesh1-geometry.005               149.40K (152,983)
        mesh1-geometry.002               149.40K (152,983)
        mesh1-geometry.004               149.40K (152,983)
        Plane.048                        24.42K (25,007)
        Plane.039                        20.95K (21,454)
        Plane.037                        13.91K (14,246)
        Plane.047                        10.92K (11,186)
        Plane.045                        5.73K (5,865)
      00:39.846  render           | Fra: 1 | Remaining: 00:00.11 | Mem: 1351M | Reading full buffer from disk
  Plane.042                        5.23K (5,355)
        Plane.043                        4.90K (5,015)
        Plane.055                        1.39K (1,428)
        Plane.058                        1.11K (1,139)
        Plane.059                        1.08K (1,105)
        Plane.054                        765B (765)
        Plane.057                        629B (629)
        Plane.056                        561B (561)
        Plane.040                        493B (493)
        Plane.035                        493B (493)
        Plane.009                        493B (493)
        Plane.003                        493B (493)
        Plane.005                        425B (425)
        Plane.006                        425B (425)
        Plane.008                        357B (357)
        Plane.007                        357B (357)
        Plane.004                        357B (357)
        Plane.032                        221B (221)
        Plane.011                        187B (187)
        Plane.010                        187B (187)
        TopMoss                          85B (85)
        Flowers                          85B (85)
        LipMoss                          85B (85)
        TopGrassTall                     85B (85)
        TopGrass                         85B (85)
        backgroundlight                  50B (50)
        Sun                              46B (46)
Image statistics:
  Full Images:
    kloofendal_overcast_puresky_4k.hdr 128.00M (134,217,728)
    rock_moss_set_01_nor_gl_2k.exr   32.00M (33,554,432)
    fir_sapling_medium_twigs_diff_2k.png 32.00M (33,554,432)
    fir_sapling_medium_twigs_mask_2k.png 32.00M (33,554,432)
    fir_sapling_medium_branches_nor_gl_2k.png 32.00M (33,554,432)
    fir_sapling_medium_twigs_nor_gl_2k.png 32.00M (33,554,432)
    flower_heliophila_nor_gl_2k.exr  32.00M (33,554,432)
    grass_medium_01_nor_gl_2k.exr    32.00M (33,554,432)
    moss_01_nor_gl_2k.exr            32.00M (33,554,432)
    fir_sapling_medium_twigs_alpha_2k.png 32.00M (33,554,432)
    fir_sapling_medium_branches_diff_2k.png 32.00M (33,554,432)
    cliff_side_nor_gl_2k.jpg         16.00M (16,777,216)
    grass_medium_01_diff_2k.jpg      16.00M (16,777,216)
    rock_moss_set_01_diff_2k.jpg     16.00M (16,777,216)
    cliff_side_Diffuse_2k.jpg        16.00M (16,777,216)
    lichen_rock_nor_gl_2k.jpg        16.00M (16,777,216)
    flower_heliophila_diff_2k.jpg    16.00M (16,777,216)
    rock_moss_set_01_rough_2k.jpg    16.00M (16,777,216)
    moss_01_diff_2k.jpg              16.00M (16,777,216)
    aerial_rocks_02_Diffuse_2k.jpg   16.00M (16,777,216)
    forest_ground_04_Diffuse_2k.jpg  16.00M (16,777,216)
    lichen_rock_Displacement_2k.jpg  16.00M (16,777,216)
    forest_ground_04_nor_gl_2k.jpg   16.00M (16,777,216)
    lichen_rock_Diffuse_2k.jpg       16.00M (16,777,216)
    grass_medium_01_alpha_2k.png     8.00M (8,388,608)
    flower_heliophila_rough_2k.exr   8.00M (8,388,608)
    fir_sapling_medium_twigs_rough_2k.png 8.00M (8,388,608)
    grass_medium_01_rough_2k.exr     8.00M (8,388,608)
    flower_heliophila_translucency_2k.png 8.00M (8,388,608)
    moss_01_rough_2k.exr             8.00M (8,388,608)
    moss_01_alpha_2k.png             8.00M (8,388,608)
    fir_sapling_medium_branches_rough_2k.png 8.00M (8,388,608)
    flower_heliophila_alpha_2k.png   8.00M (8,388,608)
    fir_sapling_medium_branches_disp_2k.png 8.00M (8,388,608)
    cliff_side_Displacement_2k.jpg   4.00M (4,194,304)
  Full image memory: 740.00M (775,946,240)
  Overhead image memory: 3.83K (3,920)
  Total image memory: 740.00M (775,950,160)
Profiling information not available (only works with CPU rendering)
00:39.994  render           | Fra: 1 | Remaining: 00:00.11 | Mem: 1351M | ViewLayer | Denoising
00:53.609  render           | Fra: 1 | Remaining: 00:00.38 | Mem: 1952M | ViewLayer | Finishing
00:54.401  render           | Saved: '/home/akamel/hero3d/out/still-223/p17/wide-s0-f0.png'
00:54.406  render           | Time: 00:25.77 (Saving: 00:00.37)
still: wrote /home/akamel/hero3d/out/still-223/p17/wide-s0-f0.png 3840x2160

Blender quit
