1503
1503
1503
1503
1503
1503
1503
1503
1503
1503
1503
1708
1708
1708
1708
1708
2666
2666
2980
4508
4508
4508
4508
4508
4508
4508
4508
4508
4220
4470
3662
3662
3662
3662
3662
3662
3662
3662
3662
3662
3662
3662
3662
3662
3662
3662
3662
3662
3662
3662
3662
3662
3662
3662
3662
1503
1503
1503
1708
1708
1708
1708
1708
2472
2666
2982
4512
4512
4512
4512
4474
4474
4474
4474
4474
4474
4474
3666
3666
3666
3666
3666
3666
3666
3666
3666
3666
3666
3666
3666
3666
3666
3666
3666
3666
3666
3666
3666
3666
3666
3666
3666
3666
3666
1503
