1503
1503
1503
1503
1503
1503
1503
1503
1503
1503
1503
1708
1708
1708
1708
1708
2650
2536
4176
4176
1503
1503
1708
1708
1708
1708
1708
2268
2650
2932
4462
4462
4462
4462
4462
4462
4462
4462
4462
4174
4424
3654
3654
3654
3654
3654
3654
3654
3654
3654
3654
3654
3654
3654
3654
3654
3654
3654
3654
3654
3654
3654
3654
3654
3654
3654
2216
1503
1503
1503
1528
1708
1708
1708
1708
1708
2632
2578
3542
4516
4587
4593
4557
4546
4555
4545
4552
4548
4559
4550
4295
3700
3778
3786
3777
3773
3770
3707
3721
3758
3756
3756
3704
3713
3759
3759
3778
3778
3768
3777
3773
3773
3777
3777
3783
3815
3799
3795
3795
3794
3794
1643
