1503
1503
1503
1503
1503
1503
1503
1503
1503
1503
1503
1708
1708
1708
1708
1708
2472
2666
2980
4224
2143
1503
1503
1708
1708
1708
1708
1708
2678
2666
3588
4510
4510
4510
4510
4510
4510
4510
4510
4510
4472
4472
3664
3664
3664
3664
3664
3664
3664
3664
3664
3664
3664
3664
3664
3664
3664
3664
3664
3664
3664
3664
3664
3664
3664
3664
2143
1503
1503
1503
1708
1708
1708
1708
1708
2666
2460
3590
4512
4512
4512
4512
4474
4474
4474
4474
4474
4474
4474
3666
3666
3666
3666
3666
3666
3666
3666
3666
3666
3666
3666
3666
3666
3666
3666
3666
3666
3666
3666
3666
3666
3666
3666
3666
3666
3666
3666
1503
