1503
1503
1503
1503
1503
1503
1503
1503
1503
1503
1503
1708
1708
1708
1708
1708
2666
2666
3356
4510
4510
4510
4510
4510
4510
4510
4510
4510
4222
4472
3664
3664
3664
3664
3664
3664
3664
3664
3664
3664
3664
3664
3664
3664
3664
3664
3664
3664
3664
3664
3664
3664
3664
3664
2184
1503
1503
1503
1708
1708
1708
1708
1708
2666
2544
3588
4510
4510
4510
4510
4472
4472
4472
4472
4472
4472
4472
3664
3664
3664
3664
3664
3664
3664
3664
3664
3664
3664
3664
3664
3664
3664
3664
3664
3664
3664
3664
3664
3664
3664
3664
3664
3664
3664
1503
