5504
5504
5504
5504
5504
5504
5504
5504
5504
5504
5504
5504
5504
5504
5504
5504
1503
2290
2290
4359
6179
6141
5763
5763
5763
5763
5763
5791
6323
6713
6713
6713
6873
6987
7597
8465
8465
8465
8465
8465
8465
8465
8465
8465
8465
8465
5763
5763
5763
5763
5763
5763
5763
5763
5763
1762
3109
3499
6093
8651
8613
5574
5574
5574
5574
5574
5574
5779
5779
5779
5779
5779
5779
5779
5779
5779
5779
5779
5779
5779
5779
6301
6551
6729
6729
6603
7005
7333
7837
8947
8947
8947
8947
4952
5151
5733
5733
9363
9363
9363
9363
9075
9325
9325
8947
8947
8947
8947
8947
8947
8479
8479
8885
8885
8885
8475
8475
8475
8475
8475
8475
8475
5574
5779
5779
5779
5779
5779
5779
5779
5779
5779
5779
5779
5779
6339
2728
3791
4495
8061
8983
8983
8983
8695
8945
8945
8567
8567
8567
8567
8567
8567
8567
8249
8525
8525
8247
7735
7735
7735
7735
7735
7735
7735
7735
7735
7735
7735
7735
7735
7735
7735
7735
7735
7735
7735
7735
7735
7735
7735
7735
7735
7735
7735
7735
7735
7735
7735
7735
7735
7735
7735
7735
4801
3734
3939
4521
4521
4521
4521
4521
7229
8151
8151
8113
8113
7735
7735
7735
7735
7735
7735
7735
7735
7735
7735
7735
7735
7735
7735
7735
7735
7735
7735
7735
7735
7735
7735
7735
7735
7735
7735
7735
7735
7735
7735
7735
7735
7735
7735
7735
7735
7735
7735
7735
7735
7735
7735
7735
7735
7735
7735
7735
7735
7735
7735
7735
7735
7735
7735
7735
7735
7735
4379
3734
4521
2712
3918
6342
6304
6131
6131
6131
6131
6131
6131
6131
6131
6131
6131
6131
6131
6691
7113
7081
7081
6965
7355
7963
9299
9299
9299
9299
9299
9299
9299
9299
9299
9237
9237
9237
9237
5953
5427
6023
6023
9653
9653
9653
9653
9615
8827
8827
8827
8827
8827
6655
6131
6131
6131
6131
6131
6131
6131
6131
6131
6131
6131
6131
6131
6131
6691
7081
7081
7123
7357
7965
8919
8919
8919
8919
8877
8877
4876
5663
5663
7947
9293
8503
8465
8087
8087
8087
8087
8087
8087
8087
8087
8087
8087
8087
8087
8087
8087
8087
8087
8087
8087
8087
8087
8087
8087
8087
8087
8087
8087
8087
8087
8087
8087
8087
8087
8087
8087
8087
8087
8087
8087
8087
8087
8087
8087
8087
8087
8087
8087
8087
8087
8087
8087
8087
8087
8087
8087
8087
8087
8087
8087
8087
4739
4086
4277
4841
4873
4873
4873
4873
7515
8503
8503
8465
8465
8087
8087
8087
8087
8087
8087
8087
8087
8087
8087
8087
8087
8087
8087
8087
8087
8087
8087
8087
8087
8087
8087
8087
8087
8087
8087
8087
8087
8087
6086
6086
6086
5504
