5504
5504
5504
5504
5504
5504
5504
5504
5504
5504
5504
5504
5504
5504
5504
5504
5504
5504
5504
5504
5504
5504
5504
5525
5763
5763
5763
5763
5763
5763
5763
4557
1967
2549
3499
6889
7437
8843
8591
8465
8465
8465
8465
8465
8465
8465
5573
5763
5763
5763
5763
5763
5763
5763
5763
5763
5763
5763
5763
5763
6323
6535
6713
6713
6597
6987
7395
8233
8233
8233
8233
5574
1573
2360
2565
5273
6195
6157
5779
5779
5779
5779
6339
6551
6729
6729
6615
7005
7613
8947
8947
8947
8947
8947
8947
8947
8947
8947
8947
8947
8947
8947
8947
8947
8947
8947
8947
8947
8947
8479
4884
5671
5261
6843
8891
6747
5779
5779
5779
5779
5779
5779
5779
5779
5779
5779
5779
6301
6339
6729
6729
6729
6615
7005
7741
8567
8567
8567
8567
8567
8567
8567
8567
8567
8567
8567
8567
8249
4524
4521
4521
4521
7229
8151
8151
8113
8113
7735
7735
7735
7735
7735
7735
7735
7735
7735
7735
7735
7735
7735
7735
7735
7735
7735
7735
7735
7735
7735
7735
7735
7735
7735
7735
7735
7735
7735
7735
7735
7735
7735
7735
7735
7735
7735
7735
7735
7735
7735
7735
7735
7735
7735
7735
7735
7735
7735
7735
7735
7735
7735
7735
7735
7735
7735
4383
3734
3759
4521
4521
4521
4521
4521
7229
8151
8151
8113
8113
7735
7735
7735
7735
7735
7735
7735
7735
7735
7735
7735
7735
7735
7735
7735
7735
7735
7735
7735
7735
7735
7735
7735
7735
7735
5926
5926
5926
5926
5926
5926
5926
5926
5981
6131
6131
6131
6131
6131
6131
6131
6131
6131
2130
3689
3867
4721
9715
9715
9715
9427
9677
9677
9299
9299
9299
9299
9299
9237
9237
9237
9237
9237
9237
9237
9237
9237
9237
9237
9237
9237
8827
8827
8827
8827
8827
8827
8827
5941
6131
6131
6131
6131
6131
6131
2144
2917
3477
6641
7773
9297
9045
8919
8919
8877
8877
8877
8877
8877
8877
8877
8877
8599
8087
8087
8087
8087
8087
8087
8087
8087
8087
8087
8087
8087
8087
8087
8087
8087
8087
8087
8087
8087
8087
8087
8087
8087
8087
8087
8087
8087
8087
8087
8087
8087
8087
8087
8087
8087
8087
8087
4086
4086
4291
4873
4873
4873
4873
4873
7457
8503
8503
8465
8087
8087
8087
8087
8087
8087
8087
8087
8087
8087
8087
8087
8087
8087
8087
8087
8087
8087
8087
8087
8087
8087
8087
8087
8087
8087
8087
8087
8087
8087
8087
8087
8087
8087
8087
8087
8087
8087
8087
8087
8087
8087
8087
8087
8087
8087
8087
8087
8087
8087
8087
8087
8087
8087
8087
8087
6643
6086
5864
