5504
5504
5504
5504
5504
5504
5504
5504
5504
5504
5504
5504
5504
5504
5504
5504
5504
5504
5504
5504
5504
5504
5504
5504
5546
5763
5763
5763
2519
2489
2549
3703
6739
7091
6989
7597
8465
8465
8465
8465
8465
8465
8465
8465
8465
8465
8465
5763
5763
5763
5763
5763
5763
5763
5763
5763
5763
5763
5763
5763
6285
6323
6745
6713
6713
6599
6989
6517
4234
2360
2360
2850
6177
6157
5779
5779
5779
5779
5779
5779
5779
5779
6339
6551
6729
6729
6729
7003
7003
7835
8947
8947
8947
8947
8947
8947
8947
8947
8947
8947
8947
8947
8947
8947
8947
8947
4946
5733
5265
8125
9301
9301
8853
8475
8475
8475
5589
5779
5779
5779
5779
5779
5779
5779
5779
5779
5779
5779
5779
5779
6339
6685
6729
6729
6941
7005
7837
8567
8567
8567
8567
8567
8567
8567
8567
4566
5353
5353
6463
8941
8941
8113
7735
7735
7735
7735
7735
7735
7735
7735
7735
7735
7735
7735
7735
7735
7735
7735
7735
7735
7735
7735
7735
7735
7735
7735
7735
7735
7735
7735
7735
7735
7735
7735
7735
7735
7735
7735
7735
7735
7735
7735
7735
7735
7735
7735
7735
7735
7735
7735
7735
7735
7735
7735
7735
7735
7735
7735
7735
7735
7735
3742
3734
4461
4521
4521
4521
4521
7229
8151
8151
8113
8113
7735
7735
7735
7735
7735
7735
7735
7735
7735
7735
7735
7735
7735
7735
7735
7735
7735
7735
7735
7735
7735
7735
7735
7735
7735
7735
7735
7735
7735
7735
7735
7735
7735
7735
7735
7735
7735
5926
5926
5926
5926
5926
5926
5926
5926
5926
6131
6131
6131
2130
2917
2917
5069
7319
7459
7357
9299
9299
9299
9299
9299
9299
9299
9299
9299
9299
9237
9237
9237
9237
9237
9237
9237
9237
9237
9237
9237
9237
8831
8827
8827
8827
8827
8827
8827
6727
6131
4925
2335
2917
2917
6547
6967
7207
7357
8031
8919
8919
8919
8877
8877
8877
8877
8877
8877
8877
8877
8601
8087
8087
8087
8087
8087
8087
8087
8087
8087
8087
8087
8087
8087
8087
8087
8087
8087
8087
8087
8087
8087
8087
8087
8087
8087
8087
8087
8087
8087
8087
8087
8087
6369
4086
4279
4873
4873
4873
4873
6801
8503
8503
8503
8465
8087
8087
8087
8087
8087
8087
8087
8087
8087
8087
8087
8087
8087
8087
8087
8087
8087
8087
8087
8087
8087
8087
8087
8087
8087
8087
8087
8087
8087
8087
8087
8087
8087
8087
8087
8087
8087
8087
8087
8087
8087
8087
8087
8087
8087
8087
8087
8087
8087
8087
8087
8087
8087
8087
8087
8087
8087
8087
8087
8087
7871
1925
2872
