1503
1503
1503
1503
1503
1503
1503
1503
1503
1503
1503
1708
1708
1708
1708
1708
2666
2402
3280
4514
4514
4514
4514
4514
4514
4514
4514
4514
4226
4476
3668
3668
3668
3668
3668
3668
3668
3668
3668
3668
3668
3668
3668
3668
3668
3668
3668
3668
3668
3668
3668
3668
3668
3668
3298
1503
1503
1503
1708
1708
1708
1708
1708
2666
2414
3588
4508
4508
4508
4508
4470
4470
4470
4470
4470
4470
4470
3662
3662
3662
3662
3662
3662
3662
3662
3662
3662
3662
3662
3662
3662
3662
3662
3662
3662
3662
3662
3662
3662
3662
3662
3662
3662
3662
1503
