00:00.551  cycles           | WARNING HIPEW initialization failed: Error opening HIP dynamic library
/home/akamel/hero3d/still223/still.py:430: DeprecationWarning: 'Material.use_nodes' is expected to be removed in Blender 6.0
  mat.use_nodes = True
still: shots=['tall', 'wide'] outdir=/home/akamel/hero3d/out/still-223/p10 az=0.0 res=native
00:04.032  render           | Rendering frame 1
00:04.032  render           | Start rendering: Scene, ViewLayer
00:04.032  render           | Engine: Cycles
00:07.473  render           | Fra: 1 | Mem: 1M | Synchronizing object | Island
Blender 5.2.2 LTS (hash d13f752e3b9c built 2026-09-15 01:34:58)
00:07.480  render           | Fra: 1 | Mem: 1M | Synchronizing object | moss_01_d_LOD0
00:07.480  render           | Fra: 1 | Mem: 1M | Synchronizing object | TopMoss
00:07.480  render           | Fra: 1 | Mem: 1M | Synchronizing object | moss_01_h_LOD0
00:07.480  render           | Fra: 1 | Mem: 1M | Synchronizing object | moss_01_i_LOD0
00:07.480  render           | Fra: 1 | Mem: 1M | Synchronizing object | moss_01_e_LOD0
00:07.480  render           | Fra: 1 | Mem: 1M | Synchronizing object | moss_01_tall_a_LOD0
00:07.480  render           | Fra: 1 | Mem: 1M | Synchronizing object | moss_01_a_LOD0
00:07.480  render           | Fra: 1 | Mem: 1M | Synchronizing object | moss_01_f_LOD0
00:07.480  render           | Fra: 1 | Mem: 1M | Synchronizing object | moss_01_tall_b_LOD0
00:07.480  render           | Fra: 1 | Mem: 1M | Synchronizing object | moss_01_b_LOD0
00:07.480  render           | Fra: 1 | Mem: 1M | Synchronizing object | moss_01_g_LOD0
00:07.480  render           | Fra: 1 | Mem: 1M | Synchronizing object | moss_01_c_LOD0
00:07.480  render           | Fra: 1 | Mem: 1M | Synchronizing object | moss_01_j_LOD0
00:07.567  render           | Fra: 1 | Mem: 1M | Synchronizing object | grass_medium_01_tiny_e_LOD0
00:07.568  render           | Fra: 1 | Mem: 1M | Synchronizing object | TopGrass
00:07.568  render           | Fra: 1 | Mem: 1M | Synchronizing object | grass_medium_01_tiny_f_LOD0
00:07.568  render           | Fra: 1 | Mem: 1M | Synchronizing object | grass_medium_01_small_a_LOD0
00:07.568  render           | Fra: 1 | Mem: 1M | Synchronizing object | grass_medium_01_mid_c_LOD0
00:07.568  render           | Fra: 1 | Mem: 1M | Synchronizing object | grass_medium_01_mid_b_LOD0
00:07.568  render           | Fra: 1 | Mem: 1M | Synchronizing object | grass_medium_01_tiny_d_LOD0
00:07.568  render           | Fra: 1 | Mem: 1M | Synchronizing object | grass_medium_01_tiny_a_LOD0
00:07.568  render           | Fra: 1 | Mem: 1M | Synchronizing object | grass_medium_01_small_b_LOD0
00:07.568  render           | Fra: 1 | Mem: 1M | Synchronizing object | grass_medium_01_tiny_c_LOD0
00:07.568  render           | Fra: 1 | Mem: 1M | Synchronizing object | grass_medium_01_tiny_b_LOD0
00:07.570  render           | Fra: 1 | Mem: 1M | Synchronizing object | grass_medium_01_tall_a_LOD0
00:07.570  render           | Fra: 1 | Mem: 1M | Synchronizing object | grass_medium_01_tall_b_LOD0
00:07.570  render           | Fra: 1 | Mem: 1M | Synchronizing object | TopGrassTall
00:07.570  render           | Fra: 1 | Mem: 1M | Synchronizing object | grass_medium_01_tall_c_LOD0
00:07.577  render           | Fra: 1 | Mem: 1M | Synchronizing object | LipMoss
00:07.704  render           | Fra: 1 | Mem: 1M | Synchronizing object | flower_heliophila_medium_LOD0
00:07.704  render           | Fra: 1 | Mem: 1M | Synchronizing object | Flowers
00:07.705  render           | Fra: 1 | Mem: 1M | Synchronizing object | flower_heliophila_small_LOD0
00:07.707  render           | Fra: 1 | Mem: 1M | Synchronizing object | rock_moss_set_01_rock06.001
00:07.707  render           | Fra: 1 | Mem: 1M | Synchronizing object | rock_moss_set_01_rock04.001
00:07.707  render           | Fra: 1 | Mem: 1M | Synchronizing object | rock_moss_set_01_rock05.004
00:07.707  render           | Fra: 1 | Mem: 1M | Synchronizing object | rock_moss_set_01_rock04.003
00:07.707  render           | Fra: 1 | Mem: 1M | Synchronizing object | rock_moss_set_01_rock05.005
00:07.707  render           | Fra: 1 | Mem: 1M | Synchronizing object | rock_moss_set_01_rock04.007
00:07.707  render           | Fra: 1 | Mem: 1M | Synchronizing object | rock_moss_set_01_rock06.009
00:07.707  render           | Fra: 1 | Mem: 1M | Synchronizing object | rock_moss_set_01_rock05.009
00:07.707  render           | Fra: 1 | Mem: 1M | Synchronizing object | Ridge_tall_4
00:07.707  render           | Fra: 1 | Mem: 1M | Synchronizing object | rock_moss_set_01_rock06.010
00:07.707  render           | Fra: 1 | Mem: 1M | Synchronizing object | rock_moss_set_01_rock04.009
00:07.708  render           | Fra: 1 | Mem: 1M | Synchronizing object | rock_moss_set_01_rock06.011
00:07.708  render           | Fra: 1 | Mem: 1M | Synchronizing object | rock_moss_set_01_rock05.011
00:07.708  render           | Fra: 1 | Mem: 1M | Synchronizing object | rock_moss_set_01_rock06.012
00:07.708  render           | Fra: 1 | Mem: 1M | Synchronizing object | rock_moss_set_01_rock05.012
00:07.708  render           | Fra: 1 | Mem: 1M | Synchronizing object | rock_moss_set_01_rock04.011
00:07.708  render           | Fra: 1 | Mem: 1M | Synchronizing object | rock_moss_set_01_rock06.013
00:07.709  render           | Fra: 1 | Mem: 1M | Synchronizing object | rock_moss_set_01_rock05.013
00:07.709  render           | Fra: 1 | Mem: 1M | Synchronizing object | rock_moss_set_01_rock04.012
00:07.709  render           | Fra: 1 | Mem: 1M | Synchronizing object | rock_moss_set_01_rock06.014
00:07.709  render           | Fra: 1 | Mem: 1M | Synchronizing object | rock_moss_set_01_rock05.014
00:07.709  render           | Fra: 1 | Mem: 1M | Synchronizing object | rock_moss_set_01_rock04.013
00:07.709  render           | Fra: 1 | Mem: 1M | Synchronizing object | rock_moss_set_01_rock06.015
00:07.709  render           | Fra: 1 | Mem: 1M | Synchronizing object | rock_moss_set_01_rock05.015
00:07.709  render           | Fra: 1 | Mem: 1M | Synchronizing object | rock_moss_set_01_rock04.014
00:07.709  render           | Fra: 1 | Mem: 1M | Synchronizing object | rock_moss_set_01_rock06.016
00:07.709  render           | Fra: 1 | Mem: 1M | Synchronizing object | rock_moss_set_01_rock05.016
00:07.709  render           | Fra: 1 | Mem: 1M | Synchronizing object | rock_moss_set_01_rock04.015
00:07.709  render           | Fra: 1 | Mem: 1M | Synchronizing object | rock_moss_set_01_rock06.017
00:07.709  render           | Fra: 1 | Mem: 1M | Synchronizing object | rock_moss_set_01_rock05.017
00:07.710  render           | Fra: 1 | Mem: 1M | Synchronizing object | rock_moss_set_01_rock04.016
00:07.710  render           | Fra: 1 | Mem: 1M | Synchronizing object | rock_moss_set_01_rock06.018
00:07.710  render           | Fra: 1 | Mem: 1M | Synchronizing object | rock_moss_set_01_rock05.018
00:07.710  render           | Fra: 1 | Mem: 1M | Synchronizing object | rock_moss_set_01_rock04.017
00:07.710  render           | Fra: 1 | Mem: 1M | Synchronizing object | rock_moss_set_01_rock06.019
00:07.710  render           | Fra: 1 | Mem: 1M | Synchronizing object | rock_moss_set_01_rock05.019
00:07.710  render           | Fra: 1 | Mem: 1M | Synchronizing object | fir_sapling_medium_a_LOD0.001
00:07.710  render           | Fra: 1 | Mem: 1M | Synchronizing object | fir_sapling_medium_b_LOD0.001
00:07.710  render           | Fra: 1 | Mem: 1M | Synchronizing object | Sun
00:07.710  render           | Fra: 1 | Mem: 1M | Synchronizing object | Ridge_tall_0
00:07.710  render           | Fra: 1 | Mem: 1M | Synchronizing object | Ridge_tall_2
00:07.710  render           | Fra: 1 | Mem: 1M | Synchronizing object | Ridge_tall_3
00:07.735  render           | Fra: 1 | Mem: 1M | Initializing
00:07.799  render           | Fra: 1 | Mem: 1M | Waiting for render to start
00:07.799  render           | Fra: 1 | Mem: 1M | Updating Scene
00:07.799  render           | Fra: 1 | Mem: 1M | Updating Shaders
00:07.803  render           | Fra: 1 | Mem: 1M | Loading render kernels (may take a few minutes the first time)
00:07.854  render           | Fra: 1 | Mem: 1M | Updating Procedurals
Update statistics:
Scene:
    Total time: 0.052222s
        device_update                            0.052222s
Geometry:
    Total time: 0.000000s
Light:
    Total time: 0.000000s
Object:
    Total time: 0.000000s
Image:
    Total time: 0.000000s
Background:
    Total time: 0.000000s
Bake:
    Total time: 0.000000s
Camera:
    Total time: 0.000000s
Film:
    Total time: 0.000000s
Integrator:
    Total time: 0.000000s
OSL:
    Total time: 0.000000s
Particles:
    Total time: 0.000000s
SVM:
    Total time: 0.000000s
Tables:
    Total time: 0.000000s
Procedurals:
    Total time: 0.000000s

00:07.854  render           | Fra: 1 | Mem: 1M | Updating Background
00:07.854  render           | Fra: 1 | Mem: 1M | Updating Scene Attribute
00:07.854  render           | Fra: 1 | Mem: 1M | Updating Camera
00:07.854  render           | Fra: 1 | Mem: 1M | Updating Meshes Flags
00:07.854  render           | Fra: 1 | Mem: 1M | Updating Objects
00:07.856  render           | Fra: 1 | Mem: 1M | Updating Objects | Copying Transformations to device
00:07.863  render           | Fra: 1 | Mem: 37M | Updating Particle Systems
00:07.863  render           | Fra: 1 | Mem: 37M | Updating Particle Systems | Copying Particles to device
00:07.863  render           | Fra: 1 | Mem: 37M | Updating Meshes
00:07.986  render           | Fra: 1 | Mem: 37M | Updating Displacement Images
00:07.986  render           | Fra: 1 | Mem: 37M | Updating Images | Loading cliff_side_Displacement_2k.jpg
00:07.986  render           | Fra: 1 | Mem: 37M | Updating Images | Loading lichen_rock_Diffuse_2k.jpg
00:07.986  render           | Fra: 1 | Mem: 37M | Updating Images | Loading aerial_rocks_02_Diffuse_2k.jpg
00:07.986  render           | Fra: 1 | Mem: 37M | Updating Images | Loading lichen_rock_nor_gl_2k.jpg
00:07.986  render           | Fra: 1 | Mem: 37M | Updating Images | Loading lichen_rock_Displacement_2k.jpg
00:07.986  render           | Fra: 1 | Mem: 37M | Updating Images | Loading forest_ground_04_nor_gl_2k.jpg
00:07.986  render           | Fra: 1 | Mem: 37M | Updating Images | Loading cliff_side_Diffuse_2k.jpg
00:07.986  render           | Fra: 1 | Mem: 37M | Updating Images | Loading cliff_side_nor_gl_2k.jpg
00:08.049  render           | Fra: 1 | Mem: 170M | Updating Mesh | Computing normals
00:08.067  render           | Fra: 1 | Mem: 170M | Updating Mesh | Copying Mesh to device
00:08.072  render           | Fra: 1 | Mem: 241M | Updating Objects | Applying Static Transformations
00:08.080  render           | Fra: 1 | Mem: 241M | Updating Mesh | Computing attributes
00:08.135  render           | Fra: 1 | Mem: 241M | Updating Mesh | Copying Attributes to device
00:08.160  render           | Fra: 1 | Mem: 433M | Updating Mesh | Computing Displacement Island
00:08.531  render           | Fra: 1 | Mem: 433M | Updating Mesh | Computing Displacement mesh1-geometry.001
00:08.536  render           | Fra: 1 | Mem: 433M | Updating Mesh | Computing Displacement modelShape.001
00:08.541  render           | Fra: 1 | Mem: 433M | Updating Mesh | Computing Displacement medium.002
00:08.544  render           | Fra: 1 | Mem: 433M | Updating Mesh | Computing Displacement mesh1-geometry.002
00:08.549  render           | Fra: 1 | Mem: 433M | Updating Mesh | Computing Displacement modelShape.002
00:08.553  render           | Fra: 1 | Mem: 433M | Updating Mesh | Computing Displacement medium.003
00:08.556  render           | Fra: 1 | Mem: 433M | Updating Mesh | Computing Displacement mesh1-geometry.004
00:08.560  render           | Fra: 1 | Mem: 433M | Updating Mesh | Computing Displacement modelShape.004
00:08.564  render           | Fra: 1 | Mem: 433M | Updating Mesh | Computing Displacement medium.004
00:08.568  render           | Fra: 1 | Mem: 433M | Updating Mesh | Computing Displacement mesh1-geometry.005
00:08.572  render           | Fra: 1 | Mem: 433M | Updating Mesh | Computing Displacement modelShape.005
00:08.576  render           | Fra: 1 | Mem: 433M | Updating Mesh | Computing Displacement medium.005
00:08.580  render           | Fra: 1 | Mem: 433M | Updating Mesh | Computing Displacement mesh1-geometry.006
00:08.584  render           | Fra: 1 | Mem: 433M | Updating Mesh | Computing Displacement modelShape.006
00:08.588  render           | Fra: 1 | Mem: 433M | Updating Mesh | Computing Displacement medium.006
00:08.591  render           | Fra: 1 | Mem: 433M | Updating Mesh | Computing Displacement mesh1-geometry.007
00:08.596  render           | Fra: 1 | Mem: 433M | Updating Mesh | Computing Displacement modelShape.007
00:08.600  render           | Fra: 1 | Mem: 433M | Updating Mesh | Computing Displacement medium.007
00:08.603  render           | Fra: 1 | Mem: 433M | Updating Mesh | Computing Displacement mesh1-geometry.008
00:08.607  render           | Fra: 1 | Mem: 433M | Updating Mesh | Computing Displacement modelShape.008
00:08.611  render           | Fra: 1 | Mem: 433M | Updating Mesh | Computing Displacement medium.008
00:08.615  render           | Fra: 1 | Mem: 433M | Updating Mesh | Computing Displacement mesh1-geometry.009
00:08.619  render           | Fra: 1 | Mem: 433M | Updating Mesh | Computing Displacement modelShape.009
00:08.623  render           | Fra: 1 | Mem: 433M | Updating Mesh | Computing Displacement medium.009
00:08.627  render           | Fra: 1 | Mem: 433M | Updating Mesh | Computing Displacement mesh1-geometry.010
00:08.631  render           | Fra: 1 | Mem: 433M | Updating Mesh | Computing Displacement modelShape.010
00:08.635  render           | Fra: 1 | Mem: 433M | Updating Mesh | Computing Displacement medium.010
00:08.639  render           | Fra: 1 | Mem: 433M | Updating Mesh | Computing Displacement mesh1-geometry.011
00:08.643  render           | Fra: 1 | Mem: 433M | Updating Mesh | Computing Displacement modelShape.011
00:08.647  render           | Fra: 1 | Mem: 433M | Updating Mesh | Computing Displacement medium.011
00:08.650  render           | Fra: 1 | Mem: 433M | Updating Mesh | Computing Displacement mesh1-geometry.012
00:08.655  render           | Fra: 1 | Mem: 433M | Updating Mesh | Computing Displacement modelShape.012
00:08.659  render           | Fra: 1 | Mem: 433M | Updating Mesh | Computing Displacement medium.012
00:08.662  render           | Fra: 1 | Mem: 433M | Updating Mesh | Computing Displacement mesh1-geometry.013
00:08.666  render           | Fra: 1 | Mem: 433M | Updating Mesh | Computing Displacement modelShape.013
00:08.670  render           | Fra: 1 | Mem: 433M | Updating Mesh | Computing Displacement medium.013
00:08.674  render           | Fra: 1 | Mem: 433M | Updating Mesh | Computing Displacement mesh1-geometry.014
00:08.678  render           | Fra: 1 | Mem: 433M | Updating Mesh | Computing Displacement modelShape.014
00:08.682  render           | Fra: 1 | Mem: 433M | Updating Mesh | Computing Displacement medium.014
00:08.686  render           | Fra: 1 | Mem: 433M | Updating Mesh | Computing Displacement mesh1-geometry.015
00:08.690  render           | Fra: 1 | Mem: 433M | Updating Mesh | Computing Displacement modelShape.015
00:08.694  render           | Fra: 1 | Mem: 433M | Updating Mesh | Computing Displacement medium.015
00:08.698  render           | Fra: 1 | Mem: 433M | Updating Mesh | Computing Displacement mesh1-geometry.016
00:08.702  render           | Fra: 1 | Mem: 433M | Updating Mesh | Computing Displacement modelShape.016
00:08.706  render           | Fra: 1 | Mem: 433M | Updating Mesh | Computing Displacement medium.016
00:08.709  render           | Fra: 1 | Mem: 433M | Updating Mesh | Computing Displacement mesh1-geometry.017
00:08.714  render           | Fra: 1 | Mem: 433M | Updating Mesh | Computing Displacement modelShape.017
00:08.718  render           | Fra: 1 | Mem: 433M | Updating Mesh | Computing Displacement medium.017
00:08.721  render           | Fra: 1 | Mem: 433M | Updating Mesh | Computing Displacement mesh1-geometry.018
00:08.726  render           | Fra: 1 | Mem: 433M | Updating Mesh | Computing Displacement modelShape.018
00:08.738  render           | Fra: 1 | Mem: 170M | Updating Geometry BVH backgroundlight 96/95 | Building BVH
00:08.738  render           | Fra: 1 | Mem: 170M | Updating Geometry BVH backgroundlight 96/95 | Building OptiX acceleration structure
00:08.738  render           | Fra: 1 | Mem: 170M | Updating Geometry BVH Ridge_tall_4 95/95 | Building BVH
00:08.738  render           | Fra: 1 | Mem: 170M | Updating Geometry BVH Ridge_tall_4 95/95 | Building OptiX acceleration structure
00:08.738  render           | Fra: 1 | Mem: 170M | Updating Geometry BVH TopMoss 3/95 | Building BVH
00:08.738  render           | Fra: 1 | Mem: 170M | Updating Geometry BVH TopMoss 3/95 | Building OptiX acceleration structure
00:08.738  render           | Fra: 1 | Mem: 170M | Updating Geometry BVH Plane.004 4/95 | Building BVH
00:08.738  render           | Fra: 1 | Mem: 170M | Updating Geometry BVH Plane.004 4/95 | Building OptiX acceleration structure
00:08.738  render           | Fra: 1 | Mem: 170M | Updating Geometry BVH Plane.010 5/95 | Building BVH
00:08.738  render           | Fra: 1 | Mem: 170M | Updating Geometry BVH Plane.010 5/95 | Building OptiX acceleration structure
00:08.738  render           | Fra: 1 | Mem: 170M | Updating Geometry BVH Plane.011 6/95 | Building BVH
00:08.738  render           | Fra: 1 | Mem: 170M | Updating Geometry BVH Plane.011 6/95 | Building OptiX acceleration structure
00:08.738  render           | Fra: 1 | Mem: 170M | Updating Geometry BVH Plane.005 7/95 | Building BVH
00:08.738  render           | Fra: 1 | Mem: 170M | Updating Geometry BVH Plane.035 8/95 | Building OptiX acceleration structure
00:08.738  render           | Fra: 1 | Mem: 170M | Updating Geometry BVH Plane.006 10/95 | Building BVH
00:08.738  render           | Fra: 1 | Mem: 170M | Updating Geometry BVH Plane.007 12/95 | Building BVH
00:08.738  render           | Fra: 1 | Mem: 170M | Updating Geometry BVH Plane.008 13/95 | Building OptiX acceleration structure
00:08.738  render           | Fra: 1 | Mem: 170M | Updating Geometry BVH TopGrass 16/95 | Building BVH
00:08.738  render           | Fra: 1 | Mem: 170M | Updating Geometry BVH Plane.058 17/95 | Building BVH
00:08.738  render           | Fra: 1 | Mem: 170M | Updating Geometry BVH Plane.059 18/95 | Building BVH
00:08.738  render           | Fra: 1 | Mem: 170M | Updating Geometry BVH Plane.037 19/95 | Building OptiX acceleration structure
00:08.738  render           | Fra: 1 | Mem: 170M | Updating Geometry BVH Plane.048 20/95 | Building BVH
00:08.738  render           | Fra: 1 | Mem: 170M | Updating Geometry BVH Plane.048 20/95 | Building OptiX acceleration structure
00:08.738  render           | Fra: 1 | Mem: 170M | Updating Geometry BVH Plane.057 22/95 | Building BVH
00:08.738  render           | Fra: 1 | Mem: 170M | Updating Geometry BVH Plane.047 24/95 | Building BVH
00:08.738  render           | Fra: 1 | Mem: 170M | Updating Geometry BVH Plane.047 24/95 | Building OptiX acceleration structure
00:08.738  render           | Fra: 1 | Mem: 170M | Updating Geometry BVH Plane.056 26/95 | Building BVH
00:08.738  render           | Fra: 1 | Mem: 170M | Updating Geometry BVH Plane.042 29/95 | Building BVH
00:08.738  render           | Fra: 1 | Mem: 170M | Updating Geometry BVH Plane.042 29/95 | Building OptiX acceleration structure
00:08.739  render           | Fra: 1 | Mem: 171M | Updating Geometry BVH Plane.045 30/95 | Building BVH
00:08.739  render           | Fra: 1 | Mem: 171M | Updating Geometry BVH Plane.045 30/95 | Building OptiX acceleration structure
00:08.739  render           | Fra: 1 | Mem: 171M | Updating Geometry BVH LipMoss 31/95 | Building BVH
00:08.739  render           | Fra: 1 | Mem: 171M | Updating Geometry BVH LipMoss 31/95 | Building OptiX acceleration structure
00:08.739  render           | Fra: 1 | Mem: 171M | Updating Geometry BVH Flowers 32/95 | Building BVH
00:08.739  render           | Fra: 1 | Mem: 171M | Updating Geometry BVH Flowers 32/95 | Building OptiX acceleration structure
00:08.739  render           | Fra: 1 | Mem: 171M | Updating Geometry BVH Plane.5143 33/95 | Building BVH
00:08.739  render           | Fra: 1 | Mem: 171M | Updating Geometry BVH Plane.5143 33/95 | Building OptiX acceleration structure
00:08.740  render           | Fra: 1 | Mem: 171M | Updating Geometry BVH Island 2/95 | Building BVH
00:08.740  render           | Fra: 1 | Mem: 172M | Updating Geometry BVH Island 2/95 | Building OptiX acceleration structure
00:08.741  render           | Fra: 1 | Mem: 172M | Updating Geometry BVH Plane.2197 34/95 | Building BVH
00:08.741  render           | Fra: 1 | Mem: 172M | Updating Geometry BVH Plane.2197 34/95 | Building OptiX acceleration structure
00:08.741  render           | Fra: 1 | Mem: 172M | Updating Geometry BVH mesh1-geometry.003 35/95 | Building BVH
00:08.741  render           | Fra: 1 | Mem: 172M | Updating Geometry BVH mesh1-geometry.003 35/95 | Building OptiX acceleration structure
00:08.741  render           | Fra: 1 | Mem: 172M | Updating Geometry BVH modelShape.003 36/95 | Building BVH
00:08.741  render           | Fra: 1 | Mem: 172M | Updating Geometry BVH modelShape.003 36/95 | Building OptiX acceleration structure
00:08.741  render           | Fra: 1 | Mem: 173M | Updating Geometry BVH medium.001 37/95 | Building BVH
00:08.741  render           | Fra: 1 | Mem: 173M | Updating Geometry BVH medium.001 37/95 | Building OptiX acceleration structure
00:08.742  render           | Fra: 1 | Mem: 173M | Updating Geometry BVH mesh1-geometry.001 38/95 | Building BVH
00:08.742  render           | Fra: 1 | Mem: 173M | Updating Geometry BVH mesh1-geometry.001 38/95 | Building OptiX acceleration structure
00:08.742  render           | Fra: 1 | Mem: 173M | Updating Geometry BVH modelShape.001 39/95 | Building BVH
00:08.742  render           | Fra: 1 | Mem: 173M | Updating Geometry BVH modelShape.001 39/95 | Building OptiX acceleration structure
00:08.742  render           | Fra: 1 | Mem: 173M | Updating Geometry BVH medium.002 40/95 | Building BVH
00:08.742  render           | Fra: 1 | Mem: 173M | Updating Geometry BVH medium.002 40/95 | Building OptiX acceleration structure
00:08.742  render           | Fra: 1 | Mem: 174M | Updating Geometry BVH mesh1-geometry.002 41/95 | Building BVH
00:08.742  render           | Fra: 1 | Mem: 174M | Updating Geometry BVH mesh1-geometry.002 41/95 | Building OptiX acceleration structure
00:08.743  render           | Fra: 1 | Mem: 174M | Updating Geometry BVH modelShape.002 42/95 | Building BVH
00:08.743  render           | Fra: 1 | Mem: 174M | Updating Geometry BVH modelShape.002 42/95 | Building OptiX acceleration structure
00:08.743  render           | Fra: 1 | Mem: 174M | Updating Geometry BVH medium.003 43/95 | Building BVH
00:08.743  render           | Fra: 1 | Mem: 174M | Updating Geometry BVH medium.003 43/95 | Building OptiX acceleration structure
00:08.744  render           | Fra: 1 | Mem: 174M | Updating Geometry BVH mesh1-geometry.004 44/95 | Building BVH
00:08.744  render           | Fra: 1 | Mem: 174M | Updating Geometry BVH mesh1-geometry.004 44/95 | Building OptiX acceleration structure
00:08.744  render           | Fra: 1 | Mem: 174M | Updating Geometry BVH modelShape.004 45/95 | Building BVH
00:08.744  render           | Fra: 1 | Mem: 174M | Updating Geometry BVH modelShape.004 45/95 | Building OptiX acceleration structure
00:08.744  render           | Fra: 1 | Mem: 175M | Updating Geometry BVH medium.004 46/95 | Building BVH
00:08.744  render           | Fra: 1 | Mem: 175M | Updating Geometry BVH medium.004 46/95 | Building OptiX acceleration structure
00:08.744  render           | Fra: 1 | Mem: 175M | Updating Geometry BVH mesh1-geometry.005 47/95 | Building BVH
00:08.744  render           | Fra: 1 | Mem: 175M | Updating Geometry BVH mesh1-geometry.005 47/95 | Building OptiX acceleration structure
00:08.745  render           | Fra: 1 | Mem: 175M | Updating Geometry BVH modelShape.005 48/95 | Building BVH
00:08.745  render           | Fra: 1 | Mem: 175M | Updating Geometry BVH modelShape.005 48/95 | Building OptiX acceleration structure
00:08.745  render           | Fra: 1 | Mem: 175M | Updating Geometry BVH medium.005 49/95 | Building BVH
00:08.745  render           | Fra: 1 | Mem: 175M | Updating Geometry BVH medium.005 49/95 | Building OptiX acceleration structure
00:08.745  render           | Fra: 1 | Mem: 175M | Updating Geometry BVH mesh1-geometry.006 50/95 | Building BVH
00:08.745  render           | Fra: 1 | Mem: 175M | Updating Geometry BVH mesh1-geometry.006 50/95 | Building OptiX acceleration structure
00:08.746  render           | Fra: 1 | Mem: 176M | Updating Geometry BVH modelShape.006 51/95 | Building BVH
00:08.746  render           | Fra: 1 | Mem: 176M | Updating Geometry BVH modelShape.006 51/95 | Building OptiX acceleration structure
00:08.746  render           | Fra: 1 | Mem: 176M | Updating Geometry BVH medium.006 52/95 | Building BVH
00:08.746  render           | Fra: 1 | Mem: 176M | Updating Geometry BVH medium.006 52/95 | Building OptiX acceleration structure
00:08.746  render           | Fra: 1 | Mem: 176M | Updating Geometry BVH mesh1-geometry.007 53/95 | Building BVH
00:08.746  render           | Fra: 1 | Mem: 176M | Updating Geometry BVH mesh1-geometry.007 53/95 | Building OptiX acceleration structure
00:08.747  render           | Fra: 1 | Mem: 176M | Updating Geometry BVH modelShape.007 54/95 | Building BVH
00:08.747  render           | Fra: 1 | Mem: 176M | Updating Geometry BVH modelShape.007 54/95 | Building OptiX acceleration structure
00:08.747  render           | Fra: 1 | Mem: 177M | Updating Geometry BVH medium.007 55/95 | Building BVH
00:08.747  render           | Fra: 1 | Mem: 177M | Updating Geometry BVH medium.007 55/95 | Building OptiX acceleration structure
00:08.747  render           | Fra: 1 | Mem: 177M | Updating Geometry BVH mesh1-geometry.008 56/95 | Building BVH
00:08.747  render           | Fra: 1 | Mem: 177M | Updating Geometry BVH mesh1-geometry.008 56/95 | Building OptiX acceleration structure
00:08.748  render           | Fra: 1 | Mem: 177M | Updating Geometry BVH modelShape.008 57/95 | Building BVH
00:08.748  render           | Fra: 1 | Mem: 177M | Updating Geometry BVH modelShape.008 57/95 | Building OptiX acceleration structure
00:08.748  render           | Fra: 1 | Mem: 177M | Updating Geometry BVH medium.008 58/95 | Building BVH
00:08.748  render           | Fra: 1 | Mem: 177M | Updating Geometry BVH medium.008 58/95 | Building OptiX acceleration structure
00:08.749  render           | Fra: 1 | Mem: 178M | Updating Geometry BVH mesh1-geometry.009 59/95 | Building BVH
00:08.749  render           | Fra: 1 | Mem: 178M | Updating Geometry BVH mesh1-geometry.009 59/95 | Building OptiX acceleration structure
00:08.750  render           | Fra: 1 | Mem: 179M | Updating Geometry BVH modelShape.009 60/95 | Building BVH
00:08.750  render           | Fra: 1 | Mem: 179M | Updating Geometry BVH modelShape.009 60/95 | Building OptiX acceleration structure
00:08.750  render           | Fra: 1 | Mem: 178M | Updating Geometry BVH medium.009 61/95 | Building BVH
00:08.750  render           | Fra: 1 | Mem: 178M | Updating Geometry BVH medium.009 61/95 | Building OptiX acceleration structure
00:08.750  render           | Fra: 1 | Mem: 178M | Updating Geometry BVH mesh1-geometry.010 62/95 | Building BVH
00:08.750  render           | Fra: 1 | Mem: 178M | Updating Geometry BVH mesh1-geometry.010 62/95 | Building OptiX acceleration structure
00:08.751  render           | Fra: 1 | Mem: 180M | Updating Geometry BVH Ridge_tall_3 94/95 | Building BVH
00:08.751  render           | Fra: 1 | Mem: 180M | Updating Geometry BVH Ridge_tall_3 94/95 | Building OptiX acceleration structure
00:08.751  render           | Fra: 1 | Mem: 181M | Updating Geometry BVH modelShape.010 63/95 | Building BVH
00:08.751  render           | Fra: 1 | Mem: 181M | Updating Geometry BVH modelShape.010 63/95 | Building OptiX acceleration structure
00:08.752  render           | Fra: 1 | Mem: 180M | Updating Geometry BVH medium.010 64/95 | Building BVH
00:08.752  render           | Fra: 1 | Mem: 180M | Updating Geometry BVH medium.010 64/95 | Building OptiX acceleration structure
00:08.752  render           | Fra: 1 | Mem: 181M | Updating Geometry BVH mesh1-geometry.011 65/95 | Building BVH
00:08.752  render           | Fra: 1 | Mem: 182M | Updating Geometry BVH mesh1-geometry.011 65/95 | Building OptiX acceleration structure
00:08.753  render           | Fra: 1 | Mem: 182M | Updating Geometry BVH modelShape.011 66/95 | Building BVH
00:08.753  render           | Fra: 1 | Mem: 182M | Updating Geometry BVH modelShape.011 66/95 | Building OptiX acceleration structure
00:08.756  render           | Fra: 1 | Mem: 225M | Updating Geometry BVH medium.011 67/95 | Building BVH
00:08.756  render           | Fra: 1 | Mem: 225M | Updating Geometry BVH medium.011 67/95 | Building OptiX acceleration structure
00:08.757  render           | Fra: 1 | Mem: 225M | Updating Geometry BVH mesh1-geometry.012 68/95 | Building BVH
00:08.757  render           | Fra: 1 | Mem: 225M | Updating Geometry BVH mesh1-geometry.012 68/95 | Building OptiX acceleration structure
00:08.757  render           | Fra: 1 | Mem: 225M | Updating Geometry BVH modelShape.012 69/95 | Building BVH
00:08.757  render           | Fra: 1 | Mem: 225M | Updating Geometry BVH modelShape.012 69/95 | Building OptiX acceleration structure
00:08.758  render           | Fra: 1 | Mem: 227M | Updating Geometry BVH medium.012 70/95 | Building BVH
00:08.758  render           | Fra: 1 | Mem: 227M | Updating Geometry BVH medium.012 70/95 | Building OptiX acceleration structure
00:08.758  render           | Fra: 1 | Mem: 227M | Updating Geometry BVH mesh1-geometry.013 71/95 | Building BVH
00:08.758  render           | Fra: 1 | Mem: 227M | Updating Geometry BVH mesh1-geometry.013 71/95 | Building OptiX acceleration structure
00:08.758  render           | Fra: 1 | Mem: 227M | Updating Geometry BVH modelShape.013 72/95 | Building BVH
00:08.758  render           | Fra: 1 | Mem: 227M | Updating Geometry BVH modelShape.013 72/95 | Building OptiX acceleration structure
00:08.759  render           | Fra: 1 | Mem: 227M | Updating Geometry BVH medium.013 73/95 | Building BVH
00:08.759  render           | Fra: 1 | Mem: 227M | Updating Geometry BVH medium.013 73/95 | Building OptiX acceleration structure
00:08.759  render           | Fra: 1 | Mem: 227M | Updating Geometry BVH mesh1-geometry.014 74/95 | Building BVH
00:08.759  render           | Fra: 1 | Mem: 227M | Updating Geometry BVH mesh1-geometry.014 74/95 | Building OptiX acceleration structure
00:08.760  render           | Fra: 1 | Mem: 227M | Updating Geometry BVH modelShape.014 75/95 | Building BVH
00:08.760  render           | Fra: 1 | Mem: 227M | Updating Geometry BVH modelShape.014 75/95 | Building OptiX acceleration structure
00:08.760  render           | Fra: 1 | Mem: 227M | Updating Geometry BVH medium.014 76/95 | Building BVH
00:08.760  render           | Fra: 1 | Mem: 227M | Updating Geometry BVH medium.014 76/95 | Building OptiX acceleration structure
00:08.761  render           | Fra: 1 | Mem: 228M | Updating Geometry BVH mesh1-geometry.015 77/95 | Building BVH
00:08.761  render           | Fra: 1 | Mem: 228M | Updating Geometry BVH mesh1-geometry.015 77/95 | Building OptiX acceleration structure
00:08.761  render           | Fra: 1 | Mem: 228M | Updating Geometry BVH modelShape.015 78/95 | Building BVH
00:08.761  render           | Fra: 1 | Mem: 228M | Updating Geometry BVH modelShape.015 78/95 | Building OptiX acceleration structure
00:08.762  render           | Fra: 1 | Mem: 228M | Updating Geometry BVH medium.015 79/95 | Building BVH
00:08.762  render           | Fra: 1 | Mem: 228M | Updating Geometry BVH medium.015 79/95 | Building OptiX acceleration structure
00:08.763  render           | Fra: 1 | Mem: 229M | Updating Geometry BVH mesh1-geometry.016 80/95 | Building BVH
00:08.763  render           | Fra: 1 | Mem: 229M | Updating Geometry BVH mesh1-geometry.016 80/95 | Building OptiX acceleration structure
00:08.763  render           | Fra: 1 | Mem: 229M | Updating Geometry BVH modelShape.016 81/95 | Building BVH
00:08.763  render           | Fra: 1 | Mem: 229M | Updating Geometry BVH modelShape.016 81/95 | Building OptiX acceleration structure
00:08.764  render           | Fra: 1 | Mem: 229M | Updating Geometry BVH medium.016 82/95 | Building BVH
00:08.764  render           | Fra: 1 | Mem: 229M | Updating Geometry BVH medium.016 82/95 | Building OptiX acceleration structure
00:08.764  render           | Fra: 1 | Mem: 230M | Updating Geometry BVH mesh1-geometry.017 83/95 | Building BVH
00:08.764  render           | Fra: 1 | Mem: 230M | Updating Geometry BVH mesh1-geometry.017 83/95 | Building OptiX acceleration structure
00:08.765  render           | Fra: 1 | Mem: 230M | Updating Geometry BVH modelShape.017 84/95 | Building BVH
00:08.765  render           | Fra: 1 | Mem: 230M | Updating Geometry BVH modelShape.017 84/95 | Building OptiX acceleration structure
00:08.765  render           | Fra: 1 | Mem: 230M | Updating Geometry BVH medium.017 85/95 | Building BVH
00:08.765  render           | Fra: 1 | Mem: 230M | Updating Geometry BVH medium.017 85/95 | Building OptiX acceleration structure
00:08.766  render           | Fra: 1 | Mem: 232M | Updating Geometry BVH mesh1-geometry.018 86/95 | Building BVH
00:08.766  render           | Fra: 1 | Mem: 232M | Updating Geometry BVH mesh1-geometry.018 86/95 | Building OptiX acceleration structure
00:08.767  render           | Fra: 1 | Mem: 231M | Updating Geometry BVH modelShape.018 87/95 | Building BVH
00:08.767  render           | Fra: 1 | Mem: 231M | Updating Geometry BVH modelShape.018 87/95 | Building OptiX acceleration structure
00:08.768  render           | Fra: 1 | Mem: 232M | Updating Geometry BVH Ridge_tall_2 93/95 | Building BVH
00:08.768  render           | Fra: 1 | Mem: 232M | Updating Geometry BVH Ridge_tall_2 93/95 | Building OptiX acceleration structure
00:08.769  render           | Fra: 1 | Mem: 233M | Updating Geometry BVH NurbsPath.007 88/95 | Building BVH
00:08.769  render           | Fra: 1 | Mem: 233M | Updating Geometry BVH NurbsPath.007 88/95 | Building OptiX acceleration structure
00:08.769  render           | Fra: 1 | Mem: 233M | Updating Geometry BVH Sun 90/95 | Building BVH
00:08.769  render           | Fra: 1 | Mem: 233M | Updating Geometry BVH Sun 90/95 | Building OptiX acceleration structure
00:08.769  render           | Fra: 1 | Mem: 233M | Updating Geometry BVH Ridge_tall_0 91/95 | Building BVH
00:08.769  render           | Fra: 1 | Mem: 233M | Updating Geometry BVH Ridge_tall_0 91/95 | Building OptiX acceleration structure
00:08.769  render           | Fra: 1 | Mem: 234M | Updating Geometry BVH NurbsPath.005 89/95 | Building BVH
00:08.769  render           | Fra: 1 | Mem: 234M | Updating Geometry BVH NurbsPath.005 89/95 | Building OptiX acceleration structure
00:08.770  render           | Fra: 1 | Mem: 235M | Updating Geometry BVH Ridge_tall_1 92/95 | Building BVH
00:08.770  render           | Fra: 1 | Mem: 236M | Updating Geometry BVH Ridge_tall_1 92/95 | Building OptiX acceleration structure
00:08.823  render           | Fra: 1 | Mem: 280M | Updating Scene BVH | Building
00:08.824  render           | Fra: 1 | Mem: 280M | Updating Scene BVH | Building OptiX acceleration structure
00:08.836  render           | Fra: 1 | Mem: 302M | Updating Scene BVH | Copying BVH to device
00:08.836  render           | Fra: 1 | Mem: 302M | Updating Mesh | Computing attributes
00:08.933  render           | Fra: 1 | Mem: 302M | Updating Mesh | Copying Attributes to device
00:08.962  render           | Fra: 1 | Mem: 663M | Updating Mesh | Computing normals
00:08.981  render           | Fra: 1 | Mem: 663M | Updating Mesh | Copying Mesh to device
00:08.986  render           | Fra: 1 | Mem: 735M | Updating Objects Flags
00:08.989  render           | Fra: 1 | Mem: 735M | Updating Primitive Offsets
00:08.990  render           | Fra: 1 | Mem: 735M | Updating Images
00:08.990  render           | Fra: 1 | Mem: 735M | Updating Images | Loading flower_heliophila_translucency_2k.png
00:08.990  render           | Fra: 1 | Mem: 735M | Updating Images | Loading kloofendal_overcast_puresky_4k.hdr
00:08.990  render           | Fra: 1 | Mem: 735M | Updating Images | Loading grass_medium_01_nor_gl_2k.exr
00:08.990  render           | Fra: 1 | Mem: 735M | Updating Images | Loading flower_heliophila_nor_gl_2k.exr
00:08.990  render           | Fra: 1 | Mem: 735M | Updating Images | Loading fir_sapling_medium_branches_nor_gl_2k.png
00:08.990  render           | Fra: 1 | Mem: 735M | Updating Images | Loading moss_01_diff_2k.jpg
00:08.990  render           | Fra: 1 | Mem: 735M | Updating Images | Loading fir_sapling_medium_branches_rough_2k.png
00:08.990  render           | Fra: 1 | Mem: 735M | Updating Images | Loading fir_sapling_medium_twigs_diff_2k.png
00:08.990  render           | Fra: 1 | Mem: 735M | Updating Images | Loading fir_sapling_medium_branches_diff_2k.png
00:08.990  render           | Fra: 1 | Mem: 735M | Updating Images | Loading rock_moss_set_01_rough_2k.jpg
00:08.990  render           | Fra: 1 | Mem: 735M | Updating Images | Loading grass_medium_01_rough_2k.exr
00:08.990  render           | Fra: 1 | Mem: 735M | Updating Images | Loading moss_01_rough_2k.exr
00:08.990  render           | Fra: 1 | Mem: 735M | Updating Images | Loading rock_moss_set_01_diff_2k.jpg
00:08.990  render           | Fra: 1 | Mem: 735M | Updating Images | Loading flower_heliophila_rough_2k.exr
00:08.990  render           | Fra: 1 | Mem: 735M | Updating Images | Loading flower_heliophila_diff_2k.jpg
00:09.255  render           | Fra: 1 | Mem: 1343M | Updating Volume
00:09.256  render           | Fra: 1 | Mem: 1343M | Updating Camera Volume
00:09.256  render           | Fra: 1 | Mem: 1343M | Updating Lookup Tables
00:09.256  render           | Fra: 1 | Mem: 1343M | Updating Lights
00:09.259  render           | Fra: 1 | Mem: 1343M | Updating Lights | Importance map
00:09.391  render           | Fra: 1 | Mem: 1407M | Updating Lights | Computing tree
00:09.394  render           | Fra: 1 | Mem: 1409M | Updating Integrator
00:09.394  render           | Fra: 1 | Mem: 1409M | Updating Film
00:09.394  render           | Fra: 1 | Mem: 1409M | Updating Lookup Tables
00:09.394  render           | Fra: 1 | Mem: 1409M | Updating Baking
00:09.395  render           | Fra: 1 | Mem: 1409M | Updating Device | Writing constant memory
00:09.396  render           | Fra: 1 | Mem: 1409M | Loading denoising kernels (may take a few minutes the first time)
00:09.399  render           | Fra: 1 | Mem: 1886M | Rendered 0/4 Tiles, Sample 0/128
00:09.455  render           | Fra: 1 | Remaining: 00:14.23 | Mem: 2192M | Rendered 0/4 Tiles, Sample 1/128
00:12.669  render           | Fra: 1 | Remaining: 00:07.07 | Mem: 2192M | Rendered 0/4 Tiles, Sample 80/128
00:13.014  render           | Fra: 1 | Remaining: 00:05.91 | Mem: 2192M | Rendered 0/4 Tiles, Sample 96/128
00:13.343  render           | Fra: 1 | Remaining: 00:04.97 | Mem: 2192M | Rendered 0/4 Tiles, Sample 112/128
00:14.008  render           | Fra: 1 | Remaining: 00:04.50 | Mem: 2192M | Rendered 0/4 Tiles, Sample 128/128
00:14.008  render           | Fra: 1 | Remaining: 00:04.50 | Mem: 2192M | Rendered 1/4 Tiles, Sample 128/128
00:14.024  render           | Fra: 1 | Remaining: 00:04.51 | Mem: 1904M | Rendered 1/4 Tiles, Sample 1/128
00:14.279  render           | Fra: 1 | Remaining: 00:04.45 | Mem: 1904M | Rendered 1/4 Tiles, Sample 80/128
00:14.321  render           | Fra: 1 | Remaining: 00:04.42 | Mem: 1904M | Rendered 1/4 Tiles, Sample 96/128
00:14.362  render           | Fra: 1 | Remaining: 00:04.40 | Mem: 1904M | Rendered 1/4 Tiles, Sample 112/128
00:14.470  render           | Fra: 1 | Remaining: 00:04.43 | Mem: 1904M | Rendered 1/4 Tiles, Sample 128/128
00:14.470  render           | Fra: 1 | Remaining: 00:04.43 | Mem: 1904M | Rendered 2/4 Tiles, Sample 128/128
00:14.479  render           | Fra: 1 | Remaining: 00:04.38 | Mem: 2153M | Rendered 2/4 Tiles, Sample 1/128
00:14.845  render           | Fra: 1 | Remaining: 00:01.27 | Mem: 2153M | Rendered 2/4 Tiles, Sample 80/128
00:14.855  render           | Fra: 1 | Remaining: 00:00.85 | Mem: 2153M | Rendered 2/4 Tiles, Sample 96/128
00:14.865  render           | Fra: 1 | Remaining: 00:00.47 | Mem: 2153M | Rendered 2/4 Tiles, Sample 112/128
00:15.120  render           | Fra: 1 | Remaining: 00:00.14 | Mem: 2153M | Rendered 2/4 Tiles, Sample 128/128
00:15.120  render           | Fra: 1 | Remaining: 00:00.14 | Mem: 2153M | Rendered 3/4 Tiles, Sample 128/128
00:15.128  render           | Fra: 1 | Remaining: 00:00.14 | Mem: 1901M | Rendered 3/4 Tiles, Sample 1/128
00:15.148  render           | Fra: 1 | Remaining: 00:00.05 | Mem: 1901M | Rendered 3/4 Tiles, Sample 80/128
00:15.182  render           | Fra: 1 | Remaining: 00:00.05 | Mem: 1901M | Rendered 3/4 Tiles, Sample 0/128
00:15.186  render           | Fra: 1 | Remaining: 00:00.05 | Mem: 1901M | Finished
Render statistics:
Mesh statistics:
  Geometry:
    Total memory: 75.82M (79,504,724)
        Island                           41.01M (42,997,861)
        NurbsPath.007                    11.11M (11,645,883)
        NurbsPath.005                    6.82M (7,154,075)
        Ridge_tall_0                     1.12M (1,175,125)
        Ridge_tall_1                     1.12M (1,175,125)
        Ridge_tall_2                     1.12M (1,175,125)
        Ridge_tall_3                     1.12M (1,175,125)
        Ridge_tall_4                     1.12M (1,175,125)
        Plane.5143                       539.82K (552,772)
        Plane.2197                       292.15K (299,166)
        modelShape.007                   274.81K (281,401)
        modelShape.003                   274.81K (281,401)
        modelShape.001                   274.81K (281,401)
        modelShape.002                   274.81K (281,401)
        modelShape.004                   274.81K (281,401)
        modelShape.005                   274.81K (281,401)
        modelShape.006                   274.81K (281,401)
        modelShape.018                   274.81K (281,401)
        modelShape.008                   274.81K (281,401)
        modelShape.009                   274.81K (281,401)
        modelShape.010                   274.81K (281,401)
        modelShape.011                   274.81K (281,401)
        modelShape.012                   274.81K (281,401)
        modelShape.013                   274.81K (281,401)
        modelShape.014                   274.81K (281,401)
        modelShape.015                   274.81K (281,401)
        modelShape.017                   274.81K (281,401)
        modelShape.016                   274.81K (281,401)
        medium.005                       175.88K (180,098)
        medium.012                       175.88K (180,098)
        medium.011                       175.88K (180,098)
        medium.010                       175.88K (180,098)
        medium.016                       175.88K (180,098)
        medium.009                       175.88K (180,098)
        medium.008                       175.88K (180,098)
        medium.017                       175.88K (180,098)
        medium.007                       175.88K (180,098)
        medium.006                       175.88K (180,098)
        medium.004                       175.88K (180,098)
        medium.013                       175.88K (180,098)
        medium.003                       175.88K (180,098)
        medium.002                       175.88K (180,098)
        medium.015                       175.88K (180,098)
        medium.014                       175.88K (180,098)
        medium.001                       175.88K (180,098)
        mesh1-geometry.015               149.40K (152,983)
        mesh1-geometry.014               149.40K (152,983)
        mesh1-geometry.012               149.40K (152,983)
        mesh1-geometry.016               149.40K (152,983)
        mesh1-geometry.017               149.40K (152,983)
        mesh1-geometry.011               149.40K (152,983)
        mesh1-geometry.010               149.40K (152,983)
        mesh1-geometry.003               149.40K (152,983)
        mesh1-geometry.013               149.40K (152,983)
        mesh1-geometry.009               149.40K (152,983)
        mesh1-geometry.018               149.40K (152,983)
        mesh1-geometry.008               149.40K (152,983)
        mesh1-geometry.001               149.40K (152,983)
        mesh1-geometry.007               149.40K (152,983)
        mesh1-geometry.006               149.40K (152,983)
        mesh1-geometry.005               149.40K (152,983)
        mesh1-geometry.002               149.40K (152,983)
        mesh1-geometry.004               149.40K (152,983)
        Plane.048                        24.42K (25,007)
        Plane.039                        20.95K (21,454)
        Plane.037                        13.91K (14,246)
        Plane.047                        10.92K (11,186)
        Plane.045                        5.73K (5,865)
      00:15.257  render           | Fra: 1 | Remaining: 00:00.05 | Mem: 1351M | Reading full buffer from disk
  Plane.042                        5.23K (5,355)
        Plane.043                        4.90K (5,015)
        Plane.055                        1.39K (1,428)
        Plane.058                        1.11K (1,139)
        Plane.059                        1.08K (1,105)
        Plane.054                        765B (765)
        Plane.057                        629B (629)
        Plane.056                        561B (561)
        Plane.040                        493B (493)
        Plane.035                        493B (493)
        Plane.009                        493B (493)
        Plane.003                        493B (493)
        Plane.005                        425B (425)
        Plane.006                        425B (425)
        Plane.008                        357B (357)
        Plane.007                        357B (357)
        Plane.004                        357B (357)
        Plane.032                        221B (221)
        Plane.011                        187B (187)
        Plane.010                        187B (187)
        TopMoss                          85B (85)
        Flowers                          85B (85)
        LipMoss                          85B (85)
        TopGrassTall                     85B (85)
        TopGrass                         85B (85)
        backgroundlight                  50B (50)
        Sun                              46B (46)
Image statistics:
  Full Images:
    kloofendal_overcast_puresky_4k.hdr 128.00M (134,217,728)
    fir_sapling_medium_twigs_diff_2k.png 32.00M (33,554,432)
    fir_sapling_medium_branches_diff_2k.png 32.00M (33,554,432)
    fir_sapling_medium_twigs_alpha_2k.png 32.00M (33,554,432)
    fir_sapling_medium_branches_nor_gl_2k.png 32.00M (33,554,432)
    fir_sapling_medium_twigs_nor_gl_2k.png 32.00M (33,554,432)
    rock_moss_set_01_nor_gl_2k.exr   32.00M (33,554,432)
    flower_heliophila_nor_gl_2k.exr  32.00M (33,554,432)
    grass_medium_01_nor_gl_2k.exr    32.00M (33,554,432)
    moss_01_nor_gl_2k.exr            32.00M (33,554,432)
    fir_sapling_medium_twigs_mask_2k.png 32.00M (33,554,432)
    cliff_side_Diffuse_2k.jpg        16.00M (16,777,216)
    rock_moss_set_01_diff_2k.jpg     16.00M (16,777,216)
    lichen_rock_Diffuse_2k.jpg       16.00M (16,777,216)
    rock_moss_set_01_rough_2k.jpg    16.00M (16,777,216)
    flower_heliophila_diff_2k.jpg    16.00M (16,777,216)
    aerial_rocks_02_Diffuse_2k.jpg   16.00M (16,777,216)
    forest_ground_04_nor_gl_2k.jpg   16.00M (16,777,216)
    moss_01_diff_2k.jpg              16.00M (16,777,216)
    grass_medium_01_diff_2k.jpg      16.00M (16,777,216)
    lichen_rock_nor_gl_2k.jpg        16.00M (16,777,216)
    lichen_rock_Displacement_2k.jpg  16.00M (16,777,216)
    cliff_side_nor_gl_2k.jpg         16.00M (16,777,216)
    forest_ground_04_Diffuse_2k.jpg  16.00M (16,777,216)
    moss_01_rough_2k.exr             8.00M (8,388,608)
    flower_heliophila_translucency_2k.png 8.00M (8,388,608)
    flower_heliophila_rough_2k.exr   8.00M (8,388,608)
    fir_sapling_medium_twigs_rough_2k.png 8.00M (8,388,608)
    fir_sapling_medium_branches_disp_2k.png 8.00M (8,388,608)
    flower_heliophila_alpha_2k.png   8.00M (8,388,608)
    grass_medium_01_rough_2k.exr     8.00M (8,388,608)
    moss_01_alpha_2k.png             8.00M (8,388,608)
    grass_medium_01_alpha_2k.png     8.00M (8,388,608)
    fir_sapling_medium_branches_rough_2k.png 8.00M (8,388,608)
    cliff_side_Displacement_2k.jpg   4.00M (4,194,304)
  Full image memory: 740.00M (775,946,240)
  Overhead image memory: 3.83K (3,920)
  Total image memory: 740.00M (775,950,160)
Profiling information not available (only works with CPU rendering)
00:15.603  render           | Fra: 1 | Remaining: 00:00.05 | Mem: 1351M | ViewLayer | Denoising
00:27.718  render           | Fra: 1 | Remaining: 00:00.16 | Mem: 1952M | ViewLayer | Finishing
00:28.490  render           | Saved: '/home/akamel/hero3d/out/still-223/p10/tall-s0-f0.png'
00:28.494  render           | Time: 00:24.46 (Saving: 00:00.36)
still: wrote /home/akamel/hero3d/out/still-223/p10/tall-s0-f0.png 2160x3840
00:28.524  render           | Rendering frame 1
00:28.529  render           | Start rendering: Scene, ViewLayer
00:28.529  render           | Engine: Cycles
00:31.962  render           | Fra: 1 | Mem: 1M | Synchronizing object | Island
00:31.966  render           | Fra: 1 | Mem: 1M | Synchronizing object | moss_01_d_LOD0
00:31.966  render           | Fra: 1 | Mem: 1M | Synchronizing object | moss_01_h_LOD0
00:31.966  render           | Fra: 1 | Mem: 1M | Synchronizing object | TopMoss
00:31.966  render           | Fra: 1 | Mem: 1M | Synchronizing object | moss_01_i_LOD0
00:31.966  render           | Fra: 1 | Mem: 1M | Synchronizing object | moss_01_e_LOD0
00:31.966  render           | Fra: 1 | Mem: 1M | Synchronizing object | moss_01_tall_a_LOD0
00:31.966  render           | Fra: 1 | Mem: 1M | Synchronizing object | moss_01_a_LOD0
00:31.966  render           | Fra: 1 | Mem: 1M | Synchronizing object | moss_01_f_LOD0
00:31.966  render           | Fra: 1 | Mem: 1M | Synchronizing object | moss_01_tall_b_LOD0
00:31.966  render           | Fra: 1 | Mem: 1M | Synchronizing object | moss_01_b_LOD0
00:31.966  render           | Fra: 1 | Mem: 1M | Synchronizing object | moss_01_g_LOD0
00:31.966  render           | Fra: 1 | Mem: 1M | Synchronizing object | moss_01_c_LOD0
00:31.966  render           | Fra: 1 | Mem: 1M | Synchronizing object | moss_01_j_LOD0
00:32.054  render           | Fra: 1 | Mem: 1M | Synchronizing object | grass_medium_01_tiny_e_LOD0
00:32.054  render           | Fra: 1 | Mem: 1M | Synchronizing object | TopGrass
00:32.054  render           | Fra: 1 | Mem: 1M | Synchronizing object | grass_medium_01_tiny_f_LOD0
00:32.054  render           | Fra: 1 | Mem: 1M | Synchronizing object | grass_medium_01_small_a_LOD0
00:32.054  render           | Fra: 1 | Mem: 1M | Synchronizing object | grass_medium_01_mid_c_LOD0
00:32.054  render           | Fra: 1 | Mem: 1M | Synchronizing object | grass_medium_01_mid_b_LOD0
00:32.054  render           | Fra: 1 | Mem: 1M | Synchronizing object | grass_medium_01_tiny_d_LOD0
00:32.054  render           | Fra: 1 | Mem: 1M | Synchronizing object | grass_medium_01_tiny_a_LOD0
00:32.054  render           | Fra: 1 | Mem: 1M | Synchronizing object | grass_medium_01_small_b_LOD0
00:32.054  render           | Fra: 1 | Mem: 1M | Synchronizing object | grass_medium_01_tiny_c_LOD0
00:32.054  render           | Fra: 1 | Mem: 1M | Synchronizing object | grass_medium_01_tiny_b_LOD0
00:32.056  render           | Fra: 1 | Mem: 1M | Synchronizing object | grass_medium_01_tall_a_LOD0
00:32.056  render           | Fra: 1 | Mem: 1M | Synchronizing object | grass_medium_01_tall_b_LOD0
00:32.056  render           | Fra: 1 | Mem: 1M | Synchronizing object | grass_medium_01_tall_c_LOD0
00:32.056  render           | Fra: 1 | Mem: 1M | Synchronizing object | TopGrassTall
00:32.061  render           | Fra: 1 | Mem: 1M | Synchronizing object | LipMoss
00:32.195  render           | Fra: 1 | Mem: 1M | Synchronizing object | flower_heliophila_medium_LOD0
00:32.195  render           | Fra: 1 | Mem: 1M | Synchronizing object | Flowers
00:32.196  render           | Fra: 1 | Mem: 1M | Synchronizing object | flower_heliophila_small_LOD0
00:32.196  render           | Fra: 1 | Mem: 1M | Synchronizing object | rock_moss_set_01_rock06.001
00:32.196  render           | Fra: 1 | Mem: 1M | Synchronizing object | rock_moss_set_01_rock05.004
00:32.196  render           | Fra: 1 | Mem: 1M | Synchronizing object | rock_moss_set_01_rock06.009
00:32.196  render           | Fra: 1 | Mem: 1M | Synchronizing object | rock_moss_set_01_rock05.009
00:32.196  render           | Fra: 1 | Mem: 1M | Synchronizing object | rock_moss_set_01_rock06.010
00:32.196  render           | Fra: 1 | Mem: 1M | Synchronizing object | rock_moss_set_01_rock05.010
00:32.196  render           | Fra: 1 | Mem: 1M | Synchronizing object | rock_moss_set_01_rock04.009
00:32.196  render           | Fra: 1 | Mem: 1M | Synchronizing object | rock_moss_set_01_rock06.011
00:32.196  render           | Fra: 1 | Mem: 1M | Synchronizing object | rock_moss_set_01_rock04.010
00:32.196  render           | Fra: 1 | Mem: 1M | Synchronizing object | rock_moss_set_01_rock06.012
00:32.196  render           | Fra: 1 | Mem: 1M | Synchronizing object | rock_moss_set_01_rock05.012
00:32.196  render           | Fra: 1 | Mem: 1M | Synchronizing object | rock_moss_set_01_rock04.011
00:32.196  render           | Fra: 1 | Mem: 1M | Synchronizing object | rock_moss_set_01_rock05.013
00:32.197  render           | Fra: 1 | Mem: 1M | Synchronizing object | rock_moss_set_01_rock04.012
00:32.197  render           | Fra: 1 | Mem: 1M | Synchronizing object | rock_moss_set_01_rock06.014
00:32.197  render           | Fra: 1 | Mem: 1M | Synchronizing object | Ridge_wide_4
00:32.197  render           | Fra: 1 | Mem: 1M | Synchronizing object | rock_moss_set_01_rock05.014
00:32.197  render           | Fra: 1 | Mem: 1M | Synchronizing object | rock_moss_set_01_rock04.013
00:32.197  render           | Fra: 1 | Mem: 1M | Synchronizing object | rock_moss_set_01_rock06.015
00:32.197  render           | Fra: 1 | Mem: 1M | Synchronizing object | rock_moss_set_01_rock05.015
00:32.197  render           | Fra: 1 | Mem: 1M | Synchronizing object | rock_moss_set_01_rock04.014
00:32.197  render           | Fra: 1 | Mem: 1M | Synchronizing object | rock_moss_set_01_rock05.016
00:32.197  render           | Fra: 1 | Mem: 1M | Synchronizing object | rock_moss_set_01_rock04.015
00:32.197  render           | Fra: 1 | Mem: 1M | Synchronizing object | rock_moss_set_01_rock06.017
00:32.197  render           | Fra: 1 | Mem: 1M | Synchronizing object | rock_moss_set_01_rock04.016
00:32.197  render           | Fra: 1 | Mem: 1M | Synchronizing object | rock_moss_set_01_rock06.018
00:32.197  render           | Fra: 1 | Mem: 1M | Synchronizing object | rock_moss_set_01_rock05.018
00:32.197  render           | Fra: 1 | Mem: 1M | Synchronizing object | rock_moss_set_01_rock04.017
00:32.197  render           | Fra: 1 | Mem: 1M | Synchronizing object | rock_moss_set_01_rock05.019
00:32.197  render           | Fra: 1 | Mem: 1M | Synchronizing object | fir_sapling_medium_a_LOD0.001
00:32.197  render           | Fra: 1 | Mem: 1M | Synchronizing object | Sun
00:32.197  render           | Fra: 1 | Mem: 1M | Synchronizing object | Ridge_wide_0
00:32.197  render           | Fra: 1 | Mem: 1M | Synchronizing object | Ridge_wide_1
00:32.197  render           | Fra: 1 | Mem: 1M | Synchronizing object | Ridge_wide_2
00:32.197  render           | Fra: 1 | Mem: 1M | Synchronizing object | Ridge_wide_3
00:32.212  render           | Fra: 1 | Mem: 1M | Initializing
00:32.276  render           | Fra: 1 | Mem: 1M | Waiting for render to start
00:32.276  render           | Fra: 1 | Mem: 1M | Updating Scene
00:32.276  render           | Fra: 1 | Mem: 1M | Updating Shaders
00:32.283  render           | Fra: 1 | Mem: 1M | Loading render kernels (may take a few minutes the first time)
00:32.332  render           | Fra: 1 | Mem: 1M | Updating Procedurals
Update statistics:
Scene:
    Total time: 0.053833s
        device_update                            0.053833s
Geometry:
    Total time: 0.000000s
Light:
    Total time: 0.000000s
Object:
    Total time: 0.000000s
Image:
    Total time: 0.000000s
Background:
    Total time: 0.000000s
Bake:
    Total time: 0.000000s
Camera:
    Total time: 0.000000s
Film:
    Total time: 0.000000s
Integrator:
    Total time: 0.000000s
OSL:
    Total time: 0.000000s
Particles:
    Total time: 0.000000s
SVM:
    Total time: 0.000000s
Tables:
    Total time: 0.000000s
Procedurals:
    Total time: 0.000000s

00:32.332  render           | Fra: 1 | Mem: 1M | Updating Background
00:32.332  render           | Fra: 1 | Mem: 1M | Updating Scene Attribute
00:32.332  render           | Fra: 1 | Mem: 1M | Updating Camera
00:32.332  render           | Fra: 1 | Mem: 1M | Updating Meshes Flags
00:32.332  render           | Fra: 1 | Mem: 1M | Updating Objects
00:32.334  render           | Fra: 1 | Mem: 1M | Updating Objects | Copying Transformations to device
00:32.340  render           | Fra: 1 | Mem: 37M | Updating Particle Systems
00:32.340  render           | Fra: 1 | Mem: 37M | Updating Particle Systems | Copying Particles to device
00:32.340  render           | Fra: 1 | Mem: 37M | Updating Meshes
00:32.453  render           | Fra: 1 | Mem: 37M | Updating Displacement Images
00:32.453  render           | Fra: 1 | Mem: 37M | Updating Images | Loading lichen_rock_Displacement_2k.jpg
00:32.453  render           | Fra: 1 | Mem: 37M | Updating Images | Loading forest_ground_04_Diffuse_2k.jpg
00:32.453  render           | Fra: 1 | Mem: 37M | Updating Images | Loading cliff_side_Diffuse_2k.jpg
00:32.453  render           | Fra: 1 | Mem: 37M | Updating Images | Loading lichen_rock_Diffuse_2k.jpg
00:32.453  render           | Fra: 1 | Mem: 37M | Updating Images | Loading lichen_rock_nor_gl_2k.jpg
00:32.520  render           | Fra: 1 | Mem: 170M | Updating Mesh | Computing normals
00:32.539  render           | Fra: 1 | Mem: 170M | Updating Mesh | Copying Mesh to device
00:32.544  render           | Fra: 1 | Mem: 241M | Updating Objects | Applying Static Transformations
00:32.552  render           | Fra: 1 | Mem: 241M | Updating Mesh | Computing attributes
00:32.607  render           | Fra: 1 | Mem: 241M | Updating Mesh | Copying Attributes to device
00:32.630  render           | Fra: 1 | Mem: 433M | Updating Mesh | Computing Displacement Island
00:32.977  render           | Fra: 1 | Mem: 433M | Updating Mesh | Computing Displacement mesh1-geometry.001
00:32.981  render           | Fra: 1 | Mem: 433M | Updating Mesh | Computing Displacement modelShape.001
00:32.986  render           | Fra: 1 | Mem: 433M | Updating Mesh | Computing Displacement medium.002
00:32.990  render           | Fra: 1 | Mem: 433M | Updating Mesh | Computing Displacement mesh1-geometry.002
00:32.994  render           | Fra: 1 | Mem: 433M | Updating Mesh | Computing Displacement modelShape.002
00:32.998  render           | Fra: 1 | Mem: 433M | Updating Mesh | Computing Displacement medium.003
00:33.001  render           | Fra: 1 | Mem: 433M | Updating Mesh | Computing Displacement mesh1-geometry.004
00:33.005  render           | Fra: 1 | Mem: 433M | Updating Mesh | Computing Displacement modelShape.004
00:33.009  render           | Fra: 1 | Mem: 433M | Updating Mesh | Computing Displacement medium.004
00:33.012  render           | Fra: 1 | Mem: 433M | Updating Mesh | Computing Displacement mesh1-geometry.005
00:33.017  render           | Fra: 1 | Mem: 433M | Updating Mesh | Computing Displacement modelShape.005
00:33.021  render           | Fra: 1 | Mem: 433M | Updating Mesh | Computing Displacement medium.005
00:33.024  render           | Fra: 1 | Mem: 433M | Updating Mesh | Computing Displacement mesh1-geometry.006
00:33.028  render           | Fra: 1 | Mem: 433M | Updating Mesh | Computing Displacement modelShape.006
00:33.032  render           | Fra: 1 | Mem: 433M | Updating Mesh | Computing Displacement medium.006
00:33.036  render           | Fra: 1 | Mem: 433M | Updating Mesh | Computing Displacement mesh1-geometry.007
00:33.040  render           | Fra: 1 | Mem: 433M | Updating Mesh | Computing Displacement modelShape.007
00:33.044  render           | Fra: 1 | Mem: 433M | Updating Mesh | Computing Displacement medium.007
00:33.047  render           | Fra: 1 | Mem: 433M | Updating Mesh | Computing Displacement mesh1-geometry.008
00:33.051  render           | Fra: 1 | Mem: 433M | Updating Mesh | Computing Displacement modelShape.008
00:33.055  render           | Fra: 1 | Mem: 433M | Updating Mesh | Computing Displacement medium.008
00:33.058  render           | Fra: 1 | Mem: 433M | Updating Mesh | Computing Displacement mesh1-geometry.009
00:33.063  render           | Fra: 1 | Mem: 433M | Updating Mesh | Computing Displacement modelShape.009
00:33.066  render           | Fra: 1 | Mem: 433M | Updating Mesh | Computing Displacement medium.009
00:33.070  render           | Fra: 1 | Mem: 433M | Updating Mesh | Computing Displacement mesh1-geometry.010
00:33.074  render           | Fra: 1 | Mem: 433M | Updating Mesh | Computing Displacement modelShape.010
00:33.078  render           | Fra: 1 | Mem: 433M | Updating Mesh | Computing Displacement medium.010
00:33.082  render           | Fra: 1 | Mem: 433M | Updating Mesh | Computing Displacement mesh1-geometry.011
00:33.086  render           | Fra: 1 | Mem: 433M | Updating Mesh | Computing Displacement modelShape.011
00:33.090  render           | Fra: 1 | Mem: 433M | Updating Mesh | Computing Displacement medium.011
00:33.093  render           | Fra: 1 | Mem: 433M | Updating Mesh | Computing Displacement mesh1-geometry.012
00:33.097  render           | Fra: 1 | Mem: 433M | Updating Mesh | Computing Displacement modelShape.012
00:33.101  render           | Fra: 1 | Mem: 433M | Updating Mesh | Computing Displacement medium.012
00:33.105  render           | Fra: 1 | Mem: 433M | Updating Mesh | Computing Displacement mesh1-geometry.013
00:33.109  render           | Fra: 1 | Mem: 433M | Updating Mesh | Computing Displacement modelShape.013
00:33.113  render           | Fra: 1 | Mem: 433M | Updating Mesh | Computing Displacement medium.013
00:33.117  render           | Fra: 1 | Mem: 433M | Updating Mesh | Computing Displacement mesh1-geometry.014
00:33.121  render           | Fra: 1 | Mem: 433M | Updating Mesh | Computing Displacement modelShape.014
00:33.125  render           | Fra: 1 | Mem: 433M | Updating Mesh | Computing Displacement medium.014
00:33.128  render           | Fra: 1 | Mem: 433M | Updating Mesh | Computing Displacement mesh1-geometry.015
00:33.132  render           | Fra: 1 | Mem: 433M | Updating Mesh | Computing Displacement modelShape.015
00:33.136  render           | Fra: 1 | Mem: 433M | Updating Mesh | Computing Displacement medium.015
00:33.140  render           | Fra: 1 | Mem: 433M | Updating Mesh | Computing Displacement mesh1-geometry.016
00:33.144  render           | Fra: 1 | Mem: 433M | Updating Mesh | Computing Displacement modelShape.016
00:33.148  render           | Fra: 1 | Mem: 433M | Updating Mesh | Computing Displacement medium.016
00:33.151  render           | Fra: 1 | Mem: 433M | Updating Mesh | Computing Displacement mesh1-geometry.017
00:33.156  render           | Fra: 1 | Mem: 433M | Updating Mesh | Computing Displacement modelShape.017
00:33.160  render           | Fra: 1 | Mem: 433M | Updating Mesh | Computing Displacement medium.017
00:33.163  render           | Fra: 1 | Mem: 433M | Updating Mesh | Computing Displacement mesh1-geometry.018
00:33.168  render           | Fra: 1 | Mem: 433M | Updating Mesh | Computing Displacement modelShape.018
00:33.181  render           | Fra: 1 | Mem: 170M | Updating Geometry BVH backgroundlight 96/95 | Building BVH
00:33.181  render           | Fra: 1 | Mem: 170M | Updating Geometry BVH TopMoss 3/95 | Building OptiX acceleration structure
00:33.181  render           | Fra: 1 | Mem: 170M | Updating Geometry BVH Plane.010 5/95 | Building BVH
00:33.181  render           | Fra: 1 | Mem: 170M | Updating Geometry BVH Plane.032 15/95 | Building BVH
00:33.181  render           | Fra: 1 | Mem: 170M | Updating Geometry BVH Plane.059 18/95 | Building OptiX acceleration structure
00:33.181  render           | Fra: 1 | Mem: 170M | Updating Geometry BVH Plane.048 20/95 | Building BVH
00:33.181  render           | Fra: 1 | Mem: 170M | Updating Geometry BVH Plane.048 20/95 | Building OptiX acceleration structure
00:33.181  render           | Fra: 1 | Mem: 170M | Updating Geometry BVH Plane.039 21/95 | Building BVH
00:33.181  render           | Fra: 1 | Mem: 170M | Updating Geometry BVH Ridge_wide_4 95/95 | Building OptiX acceleration structure
00:33.181  render           | Fra: 1 | Mem: 170M | Updating Geometry BVH Plane.057 22/95 | Building BVH
00:33.181  render           | Fra: 1 | Mem: 170M | Updating Geometry BVH Plane.057 22/95 | Building OptiX acceleration structure
00:33.181  render           | Fra: 1 | Mem: 170M | Updating Geometry BVH Plane.055 23/95 | Building BVH
00:33.181  render           | Fra: 1 | Mem: 170M | Updating Geometry BVH Plane.047 24/95 | Building OptiX acceleration structure
00:33.181  render           | Fra: 1 | Mem: 170M | Updating Geometry BVH Plane.054 25/95 | Building BVH
00:33.181  render           | Fra: 1 | Mem: 170M | Updating Geometry BVH Plane.056 26/95 | Building OptiX acceleration structure
00:33.181  render           | Fra: 1 | Mem: 170M | Updating Geometry BVH TopGrassTall 27/95 | Building BVH
00:33.181  render           | Fra: 1 | Mem: 170M | Updating Geometry BVH Plane.043 28/95 | Building OptiX acceleration structure
00:33.181  render           | Fra: 1 | Mem: 170M | Updating Geometry BVH Plane.042 29/95 | Building BVH
00:33.181  render           | Fra: 1 | Mem: 170M | Updating Geometry BVH Plane.042 29/95 | Building OptiX acceleration structure
00:33.181  render           | Fra: 1 | Mem: 170M | Updating Geometry BVH Plane.045 30/95 | Building BVH
00:33.181  render           | Fra: 1 | Mem: 170M | Updating Geometry BVH Plane.045 30/95 | Building OptiX acceleration structure
00:33.182  render           | Fra: 1 | Mem: 170M | Updating Geometry BVH LipMoss 31/95 | Building BVH
00:33.182  render           | Fra: 1 | Mem: 170M | Updating Geometry BVH LipMoss 31/95 | Building OptiX acceleration structure
00:33.182  render           | Fra: 1 | Mem: 170M | Updating Geometry BVH Flowers 32/95 | Building BVH
00:33.182  render           | Fra: 1 | Mem: 170M | Updating Geometry BVH Flowers 32/95 | Building OptiX acceleration structure
00:33.182  render           | Fra: 1 | Mem: 170M | Updating Geometry BVH Plane.5143 33/95 | Building BVH
00:33.182  render           | Fra: 1 | Mem: 170M | Updating Geometry BVH Plane.5143 33/95 | Building OptiX acceleration structure
00:33.182  render           | Fra: 1 | Mem: 170M | Updating Geometry BVH Plane.2197 34/95 | Building OptiX acceleration structure
00:33.182  render           | Fra: 1 | Mem: 171M | Updating Geometry BVH mesh1-geometry.003 35/95 | Building BVH
00:33.182  render           | Fra: 1 | Mem: 171M | Updating Geometry BVH mesh1-geometry.003 35/95 | Building OptiX acceleration structure
00:33.183  render           | Fra: 1 | Mem: 172M | Updating Geometry BVH Island 2/95 | Building BVH
00:33.183  render           | Fra: 1 | Mem: 172M | Updating Geometry BVH Island 2/95 | Building OptiX acceleration structure
00:33.184  render           | Fra: 1 | Mem: 172M | Updating Geometry BVH modelShape.003 36/95 | Building BVH
00:33.184  render           | Fra: 1 | Mem: 172M | Updating Geometry BVH modelShape.003 36/95 | Building OptiX acceleration structure
00:33.184  render           | Fra: 1 | Mem: 173M | Updating Geometry BVH medium.001 37/95 | Building BVH
00:33.184  render           | Fra: 1 | Mem: 173M | Updating Geometry BVH medium.001 37/95 | Building OptiX acceleration structure
00:33.184  render           | Fra: 1 | Mem: 173M | Updating Geometry BVH mesh1-geometry.001 38/95 | Building BVH
00:33.184  render           | Fra: 1 | Mem: 173M | Updating Geometry BVH mesh1-geometry.001 38/95 | Building OptiX acceleration structure
00:33.184  render           | Fra: 1 | Mem: 173M | Updating Geometry BVH modelShape.001 39/95 | Building BVH
00:33.184  render           | Fra: 1 | Mem: 173M | Updating Geometry BVH modelShape.001 39/95 | Building OptiX acceleration structure
00:33.185  render           | Fra: 1 | Mem: 173M | Updating Geometry BVH medium.002 40/95 | Building BVH
00:33.185  render           | Fra: 1 | Mem: 173M | Updating Geometry BVH medium.002 40/95 | Building OptiX acceleration structure
00:33.185  render           | Fra: 1 | Mem: 173M | Updating Geometry BVH mesh1-geometry.002 41/95 | Building BVH
00:33.185  render           | Fra: 1 | Mem: 173M | Updating Geometry BVH mesh1-geometry.002 41/95 | Building OptiX acceleration structure
00:33.185  render           | Fra: 1 | Mem: 174M | Updating Geometry BVH modelShape.002 42/95 | Building BVH
00:33.185  render           | Fra: 1 | Mem: 174M | Updating Geometry BVH modelShape.002 42/95 | Building OptiX acceleration structure
00:33.185  render           | Fra: 1 | Mem: 174M | Updating Geometry BVH medium.003 43/95 | Building BVH
00:33.185  render           | Fra: 1 | Mem: 174M | Updating Geometry BVH medium.003 43/95 | Building OptiX acceleration structure
00:33.186  render           | Fra: 1 | Mem: 174M | Updating Geometry BVH mesh1-geometry.004 44/95 | Building BVH
00:33.186  render           | Fra: 1 | Mem: 174M | Updating Geometry BVH mesh1-geometry.004 44/95 | Building OptiX acceleration structure
00:33.186  render           | Fra: 1 | Mem: 174M | Updating Geometry BVH modelShape.004 45/95 | Building BVH
00:33.186  render           | Fra: 1 | Mem: 174M | Updating Geometry BVH modelShape.004 45/95 | Building OptiX acceleration structure
00:33.186  render           | Fra: 1 | Mem: 175M | Updating Geometry BVH medium.004 46/95 | Building BVH
00:33.186  render           | Fra: 1 | Mem: 175M | Updating Geometry BVH medium.004 46/95 | Building OptiX acceleration structure
00:33.186  render           | Fra: 1 | Mem: 175M | Updating Geometry BVH mesh1-geometry.005 47/95 | Building BVH
00:33.186  render           | Fra: 1 | Mem: 175M | Updating Geometry BVH mesh1-geometry.005 47/95 | Building OptiX acceleration structure
00:33.187  render           | Fra: 1 | Mem: 175M | Updating Geometry BVH modelShape.005 48/95 | Building BVH
00:33.187  render           | Fra: 1 | Mem: 175M | Updating Geometry BVH modelShape.005 48/95 | Building OptiX acceleration structure
00:33.187  render           | Fra: 1 | Mem: 175M | Updating Geometry BVH medium.005 49/95 | Building BVH
00:33.187  render           | Fra: 1 | Mem: 175M | Updating Geometry BVH medium.005 49/95 | Building OptiX acceleration structure
00:33.187  render           | Fra: 1 | Mem: 175M | Updating Geometry BVH mesh1-geometry.006 50/95 | Building BVH
00:33.187  render           | Fra: 1 | Mem: 175M | Updating Geometry BVH mesh1-geometry.006 50/95 | Building OptiX acceleration structure
00:33.187  render           | Fra: 1 | Mem: 176M | Updating Geometry BVH modelShape.006 51/95 | Building BVH
00:33.187  render           | Fra: 1 | Mem: 176M | Updating Geometry BVH modelShape.006 51/95 | Building OptiX acceleration structure
00:33.188  render           | Fra: 1 | Mem: 176M | Updating Geometry BVH medium.006 52/95 | Building BVH
00:33.188  render           | Fra: 1 | Mem: 176M | Updating Geometry BVH medium.006 52/95 | Building OptiX acceleration structure
00:33.188  render           | Fra: 1 | Mem: 176M | Updating Geometry BVH mesh1-geometry.007 53/95 | Building BVH
00:33.188  render           | Fra: 1 | Mem: 176M | Updating Geometry BVH mesh1-geometry.007 53/95 | Building OptiX acceleration structure
00:33.188  render           | Fra: 1 | Mem: 176M | Updating Geometry BVH modelShape.007 54/95 | Building BVH
00:33.188  render           | Fra: 1 | Mem: 176M | Updating Geometry BVH modelShape.007 54/95 | Building OptiX acceleration structure
00:33.189  render           | Fra: 1 | Mem: 177M | Updating Geometry BVH medium.007 55/95 | Building BVH
00:33.189  render           | Fra: 1 | Mem: 177M | Updating Geometry BVH medium.007 55/95 | Building OptiX acceleration structure
00:33.189  render           | Fra: 1 | Mem: 177M | Updating Geometry BVH mesh1-geometry.008 56/95 | Building BVH
00:33.189  render           | Fra: 1 | Mem: 177M | Updating Geometry BVH mesh1-geometry.008 56/95 | Building OptiX acceleration structure
00:33.190  render           | Fra: 1 | Mem: 178M | Updating Geometry BVH Ridge_wide_3 94/95 | Building BVH
00:33.190  render           | Fra: 1 | Mem: 179M | Updating Geometry BVH Ridge_wide_3 94/95 | Building OptiX acceleration structure
00:33.191  render           | Fra: 1 | Mem: 178M | Updating Geometry BVH modelShape.008 57/95 | Building BVH
00:33.191  render           | Fra: 1 | Mem: 178M | Updating Geometry BVH modelShape.008 57/95 | Building OptiX acceleration structure
00:33.191  render           | Fra: 1 | Mem: 179M | Updating Geometry BVH medium.008 58/95 | Building BVH
00:33.191  render           | Fra: 1 | Mem: 179M | Updating Geometry BVH medium.008 58/95 | Building OptiX acceleration structure
00:33.192  render           | Fra: 1 | Mem: 179M | Updating Geometry BVH mesh1-geometry.009 59/95 | Building BVH
00:33.192  render           | Fra: 1 | Mem: 179M | Updating Geometry BVH mesh1-geometry.009 59/95 | Building OptiX acceleration structure
00:33.192  render           | Fra: 1 | Mem: 179M | Updating Geometry BVH modelShape.009 60/95 | Building BVH
00:33.192  render           | Fra: 1 | Mem: 180M | Updating Geometry BVH modelShape.009 60/95 | Building OptiX acceleration structure
00:33.192  render           | Fra: 1 | Mem: 180M | Updating Geometry BVH medium.009 61/95 | Building BVH
00:33.192  render           | Fra: 1 | Mem: 181M | Updating Geometry BVH medium.009 61/95 | Building OptiX acceleration structure
00:33.193  render           | Fra: 1 | Mem: 180M | Updating Geometry BVH mesh1-geometry.010 62/95 | Building BVH
00:33.193  render           | Fra: 1 | Mem: 180M | Updating Geometry BVH mesh1-geometry.010 62/95 | Building OptiX acceleration structure
00:33.193  render           | Fra: 1 | Mem: 181M | Updating Geometry BVH modelShape.010 63/95 | Building BVH
00:33.193  render           | Fra: 1 | Mem: 181M | Updating Geometry BVH modelShape.010 63/95 | Building OptiX acceleration structure
00:33.194  render           | Fra: 1 | Mem: 182M | Updating Geometry BVH medium.010 64/95 | Building BVH
00:33.194  render           | Fra: 1 | Mem: 182M | Updating Geometry BVH medium.010 64/95 | Building OptiX acceleration structure
00:33.194  render           | Fra: 1 | Mem: 182M | Updating Geometry BVH mesh1-geometry.011 65/95 | Building BVH
00:33.194  render           | Fra: 1 | Mem: 182M | Updating Geometry BVH mesh1-geometry.011 65/95 | Building OptiX acceleration structure
00:33.194  render           | Fra: 1 | Mem: 181M | Updating Geometry BVH modelShape.011 66/95 | Building BVH
00:33.194  render           | Fra: 1 | Mem: 181M | Updating Geometry BVH modelShape.011 66/95 | Building OptiX acceleration structure
00:33.195  render           | Fra: 1 | Mem: 182M | Updating Geometry BVH medium.011 67/95 | Building BVH
00:33.195  render           | Fra: 1 | Mem: 182M | Updating Geometry BVH medium.011 67/95 | Building OptiX acceleration structure
00:33.195  render           | Fra: 1 | Mem: 182M | Updating Geometry BVH mesh1-geometry.012 68/95 | Building BVH
00:33.195  render           | Fra: 1 | Mem: 182M | Updating Geometry BVH mesh1-geometry.012 68/95 | Building OptiX acceleration structure
00:33.196  render           | Fra: 1 | Mem: 183M | Updating Geometry BVH modelShape.012 69/95 | Building BVH
00:33.196  render           | Fra: 1 | Mem: 183M | Updating Geometry BVH modelShape.012 69/95 | Building OptiX acceleration structure
00:33.196  render           | Fra: 1 | Mem: 183M | Updating Geometry BVH medium.012 70/95 | Building BVH
00:33.196  render           | Fra: 1 | Mem: 183M | Updating Geometry BVH medium.012 70/95 | Building OptiX acceleration structure
00:33.196  render           | Fra: 1 | Mem: 184M | Updating Geometry BVH mesh1-geometry.013 71/95 | Building BVH
00:33.196  render           | Fra: 1 | Mem: 184M | Updating Geometry BVH mesh1-geometry.013 71/95 | Building OptiX acceleration structure
00:33.200  render           | Fra: 1 | Mem: 227M | Updating Geometry BVH modelShape.013 72/95 | Building BVH
00:33.200  render           | Fra: 1 | Mem: 227M | Updating Geometry BVH modelShape.013 72/95 | Building OptiX acceleration structure
00:33.200  render           | Fra: 1 | Mem: 227M | Updating Geometry BVH medium.013 73/95 | Building BVH
00:33.200  render           | Fra: 1 | Mem: 227M | Updating Geometry BVH medium.013 73/95 | Building OptiX acceleration structure
00:33.201  render           | Fra: 1 | Mem: 227M | Updating Geometry BVH mesh1-geometry.014 74/95 | Building BVH
00:33.201  render           | Fra: 1 | Mem: 228M | Updating Geometry BVH mesh1-geometry.014 74/95 | Building OptiX acceleration structure
00:33.201  render           | Fra: 1 | Mem: 227M | Updating Geometry BVH modelShape.014 75/95 | Building BVH
00:33.201  render           | Fra: 1 | Mem: 228M | Updating Geometry BVH modelShape.014 75/95 | Building OptiX acceleration structure
00:33.202  render           | Fra: 1 | Mem: 228M | Updating Geometry BVH medium.014 76/95 | Building BVH
00:33.202  render           | Fra: 1 | Mem: 228M | Updating Geometry BVH medium.014 76/95 | Building OptiX acceleration structure
00:33.202  render           | Fra: 1 | Mem: 228M | Updating Geometry BVH mesh1-geometry.015 77/95 | Building BVH
00:33.202  render           | Fra: 1 | Mem: 228M | Updating Geometry BVH mesh1-geometry.015 77/95 | Building OptiX acceleration structure
00:33.203  render           | Fra: 1 | Mem: 229M | Updating Geometry BVH modelShape.015 78/95 | Building BVH
00:33.203  render           | Fra: 1 | Mem: 229M | Updating Geometry BVH modelShape.015 78/95 | Building OptiX acceleration structure
00:33.203  render           | Fra: 1 | Mem: 228M | Updating Geometry BVH medium.015 79/95 | Building BVH
00:33.203  render           | Fra: 1 | Mem: 229M | Updating Geometry BVH medium.015 79/95 | Building OptiX acceleration structure
00:33.204  render           | Fra: 1 | Mem: 229M | Updating Geometry BVH mesh1-geometry.016 80/95 | Building BVH
00:33.204  render           | Fra: 1 | Mem: 229M | Updating Geometry BVH mesh1-geometry.016 80/95 | Building OptiX acceleration structure
00:33.204  render           | Fra: 1 | Mem: 229M | Updating Geometry BVH modelShape.016 81/95 | Building BVH
00:33.204  render           | Fra: 1 | Mem: 229M | Updating Geometry BVH modelShape.016 81/95 | Building OptiX acceleration structure
00:33.204  render           | Fra: 1 | Mem: 229M | Updating Geometry BVH medium.016 82/95 | Building BVH
00:33.204  render           | Fra: 1 | Mem: 229M | Updating Geometry BVH medium.016 82/95 | Building OptiX acceleration structure
00:33.205  render           | Fra: 1 | Mem: 230M | Updating Geometry BVH Ridge_wide_2 93/95 | Building BVH
00:33.205  render           | Fra: 1 | Mem: 230M | Updating Geometry BVH Ridge_wide_2 93/95 | Building OptiX acceleration structure
00:33.206  render           | Fra: 1 | Mem: 231M | Updating Geometry BVH mesh1-geometry.017 83/95 | Building BVH
00:33.206  render           | Fra: 1 | Mem: 231M | Updating Geometry BVH mesh1-geometry.017 83/95 | Building OptiX acceleration structure
00:33.206  render           | Fra: 1 | Mem: 231M | Updating Geometry BVH modelShape.017 84/95 | Building BVH
00:33.206  render           | Fra: 1 | Mem: 231M | Updating Geometry BVH modelShape.017 84/95 | Building OptiX acceleration structure
00:33.207  render           | Fra: 1 | Mem: 232M | Updating Geometry BVH medium.017 85/95 | Building BVH
00:33.207  render           | Fra: 1 | Mem: 232M | Updating Geometry BVH medium.017 85/95 | Building OptiX acceleration structure
00:33.207  render           | Fra: 1 | Mem: 232M | Updating Geometry BVH mesh1-geometry.018 86/95 | Building BVH
00:33.207  render           | Fra: 1 | Mem: 232M | Updating Geometry BVH mesh1-geometry.018 86/95 | Building OptiX acceleration structure
00:33.208  render           | Fra: 1 | Mem: 233M | Updating Geometry BVH modelShape.018 87/95 | Building BVH
00:33.208  render           | Fra: 1 | Mem: 233M | Updating Geometry BVH modelShape.018 87/95 | Building OptiX acceleration structure
00:33.210  render           | Fra: 1 | Mem: 233M | Updating Geometry BVH Sun 90/95 | Building BVH
00:33.210  render           | Fra: 1 | Mem: 233M | Updating Geometry BVH Sun 90/95 | Building OptiX acceleration structure
00:33.210  render           | Fra: 1 | Mem: 233M | Updating Geometry BVH NurbsPath.007 88/95 | Building BVH
00:33.210  render           | Fra: 1 | Mem: 233M | Updating Geometry BVH NurbsPath.007 88/95 | Building OptiX acceleration structure
00:33.210  render           | Fra: 1 | Mem: 234M | Updating Geometry BVH Ridge_wide_0 91/95 | Building BVH
00:33.210  render           | Fra: 1 | Mem: 234M | Updating Geometry BVH Ridge_wide_0 91/95 | Building OptiX acceleration structure
00:33.210  render           | Fra: 1 | Mem: 234M | Updating Geometry BVH NurbsPath.005 89/95 | Building BVH
00:33.210  render           | Fra: 1 | Mem: 234M | Updating Geometry BVH NurbsPath.005 89/95 | Building OptiX acceleration structure
00:33.210  render           | Fra: 1 | Mem: 233M | Updating Geometry BVH Ridge_wide_1 92/95 | Building BVH
00:33.210  render           | Fra: 1 | Mem: 233M | Updating Geometry BVH Ridge_wide_1 92/95 | Building OptiX acceleration structure
00:33.259  render           | Fra: 1 | Mem: 280M | Updating Scene BVH | Building
00:33.260  render           | Fra: 1 | Mem: 280M | Updating Scene BVH | Building OptiX acceleration structure
00:33.272  render           | Fra: 1 | Mem: 302M | Updating Scene BVH | Copying BVH to device
00:33.272  render           | Fra: 1 | Mem: 302M | Updating Mesh | Computing attributes
00:33.368  render           | Fra: 1 | Mem: 303M | Updating Mesh | Copying Attributes to device
00:33.397  render           | Fra: 1 | Mem: 663M | Updating Mesh | Computing normals
00:33.416  render           | Fra: 1 | Mem: 663M | Updating Mesh | Copying Mesh to device
00:33.420  render           | Fra: 1 | Mem: 735M | Updating Objects Flags
00:33.424  render           | Fra: 1 | Mem: 735M | Updating Primitive Offsets
00:33.425  render           | Fra: 1 | Mem: 735M | Updating Images
00:33.425  render           | Fra: 1 | Mem: 735M | Updating Images | Loading flower_heliophila_translucency_2k.png
00:33.425  render           | Fra: 1 | Mem: 735M | Updating Images | Loading fir_sapling_medium_branches_disp_2k.png
00:33.425  render           | Fra: 1 | Mem: 735M | Updating Images | Loading moss_01_nor_gl_2k.exr
00:33.425  render           | Fra: 1 | Mem: 735M | Updating Images | Loading flower_heliophila_nor_gl_2k.exr
00:33.425  render           | Fra: 1 | Mem: 735M | Updating Images | Loading flower_heliophila_alpha_2k.png
00:33.425  render           | Fra: 1 | Mem: 735M | Updating Images | Loading fir_sapling_medium_twigs_diff_2k.png
00:33.425  render           | Fra: 1 | Mem: 735M | Updating Images | Loading rock_moss_set_01_rough_2k.jpg
00:33.425  render           | Fra: 1 | Mem: 735M | Updating Images | Loading fir_sapling_medium_branches_diff_2k.png
00:33.425  render           | Fra: 1 | Mem: 735M | Updating Images | Loading grass_medium_01_alpha_2k.png
00:33.425  render           | Fra: 1 | Mem: 735M | Updating Images | Loading grass_medium_01_rough_2k.exr
00:33.425  render           | Fra: 1 | Mem: 735M | Updating Images | Loading fir_sapling_medium_twigs_mask_2k.png
00:33.425  render           | Fra: 1 | Mem: 735M | Updating Images | Loading moss_01_rough_2k.exr
00:33.686  render           | Fra: 1 | Mem: 1343M | Updating Volume
00:33.687  render           | Fra: 1 | Mem: 1343M | Updating Camera Volume
00:33.687  render           | Fra: 1 | Mem: 1343M | Updating Lookup Tables
00:33.687  render           | Fra: 1 | Mem: 1343M | Updating Lights
00:33.691  render           | Fra: 1 | Mem: 1343M | Updating Lights | Importance map
00:33.821  render           | Fra: 1 | Mem: 1407M | Updating Lights | Computing tree
00:33.824  render           | Fra: 1 | Mem: 1409M | Updating Integrator
00:33.824  render           | Fra: 1 | Mem: 1409M | Updating Film
00:33.824  render           | Fra: 1 | Mem: 1409M | Updating Lookup Tables
00:33.824  render           | Fra: 1 | Mem: 1409M | Updating Baking
00:33.825  render           | Fra: 1 | Mem: 1409M | Updating Device | Writing constant memory
00:33.826  render           | Fra: 1 | Mem: 1409M | Loading denoising kernels (may take a few minutes the first time)
00:33.828  render           | Fra: 1 | Mem: 1886M | Rendered 0/4 Tiles, Sample 0/128
00:33.856  render           | Fra: 1 | Remaining: 00:07.03 | Mem: 2192M | Rendered 0/4 Tiles, Sample 1/128
00:35.557  render           | Fra: 1 | Remaining: 00:03.74 | Mem: 2192M | Rendered 0/4 Tiles, Sample 80/128
00:35.564  render           | Fra: 1 | Remaining: 00:02.84 | Mem: 2192M | Rendered 0/4 Tiles, Sample 96/128
00:35.572  render           | Fra: 1 | Remaining: 00:02.19 | Mem: 2192M | Rendered 0/4 Tiles, Sample 112/128
00:35.886  render           | Fra: 1 | Remaining: 00:02.01 | Mem: 2192M | Rendered 0/4 Tiles, Sample 128/128
00:35.886  render           | Fra: 1 | Remaining: 00:02.01 | Mem: 2192M | Rendered 1/4 Tiles, Sample 128/128
00:35.938  render           | Fra: 1 | Remaining: 00:02.03 | Mem: 2154M | Rendered 1/4 Tiles, Sample 1/128
00:38.411  render           | Fra: 1 | Remaining: 00:01.27 | Mem: 2154M | Rendered 1/4 Tiles, Sample 80/128
00:38.694  render           | Fra: 1 | Remaining: 00:00.94 | Mem: 2154M | Rendered 1/4 Tiles, Sample 96/128
00:38.966  render           | Fra: 1 | Remaining: 00:00.61 | Mem: 2154M | Rendered 1/4 Tiles, Sample 112/128
00:39.528  render           | Fra: 1 | Remaining: 00:00.31 | Mem: 2154M | Rendered 1/4 Tiles, Sample 128/128
00:39.528  render           | Fra: 1 | Remaining: 00:00.31 | Mem: 2154M | Rendered 2/4 Tiles, Sample 128/128
00:39.535  render           | Fra: 1 | Remaining: 00:00.31 | Mem: 1904M | Rendered 2/4 Tiles, Sample 1/128
00:39.558  render           | Fra: 1 | Remaining: 00:00.20 | Mem: 1904M | Rendered 2/4 Tiles, Sample 80/128
00:39.581  render           | Fra: 1 | Remaining: 00:00.20 | Mem: 1904M | Rendered 2/4 Tiles, Sample 0/128
00:39.581  render           | Fra: 1 | Remaining: 00:00.20 | Mem: 1904M | Rendered 3/4 Tiles, Sample 0/128
00:39.582  render           | Fra: 1 | Remaining: 00:00.20 | Mem: 1902M | Rendered 3/4 Tiles, Sample 1/128
00:39.601  render           | Fra: 1 | Remaining: 00:00.11 | Mem: 1902M | Rendered 3/4 Tiles, Sample 80/128
00:39.618  render           | Fra: 1 | Remaining: 00:00.11 | Mem: 1902M | Rendered 3/4 Tiles, Sample 0/128
00:39.618  render           | Fra: 1 | Remaining: 00:00.11 | Mem: 1902M | Finished
Render statistics:
Mesh statistics:
  Geometry:
    Total memory: 75.82M (79,504,724)
        Island                           41.01M (42,997,861)
        NurbsPath.007                    11.11M (11,645,883)
        NurbsPath.005                    6.82M (7,154,075)
        Ridge_wide_0                     1.12M (1,175,125)
        Ridge_wide_1                     1.12M (1,175,125)
        Ridge_wide_2                     1.12M (1,175,125)
        Ridge_wide_3                     1.12M (1,175,125)
        Ridge_wide_4                     1.12M (1,175,125)
        Plane.5143                       539.82K (552,772)
        Plane.2197                       292.15K (299,166)
        modelShape.007                   274.81K (281,401)
        modelShape.003                   274.81K (281,401)
        modelShape.001                   274.81K (281,401)
        modelShape.002                   274.81K (281,401)
        modelShape.004                   274.81K (281,401)
        modelShape.005                   274.81K (281,401)
        modelShape.006                   274.81K (281,401)
        modelShape.018                   274.81K (281,401)
        modelShape.008                   274.81K (281,401)
        modelShape.009                   274.81K (281,401)
        modelShape.010                   274.81K (281,401)
        modelShape.011                   274.81K (281,401)
        modelShape.012                   274.81K (281,401)
        modelShape.013                   274.81K (281,401)
        modelShape.014                   274.81K (281,401)
        modelShape.015                   274.81K (281,401)
        modelShape.017                   274.81K (281,401)
        modelShape.016                   274.81K (281,401)
        medium.005                       175.88K (180,098)
        medium.012                       175.88K (180,098)
        medium.011                       175.88K (180,098)
        medium.010                       175.88K (180,098)
        medium.016                       175.88K (180,098)
        medium.009                       175.88K (180,098)
        medium.008                       175.88K (180,098)
        medium.017                       175.88K (180,098)
        medium.007                       175.88K (180,098)
        medium.006                       175.88K (180,098)
        medium.004                       175.88K (180,098)
        medium.013                       175.88K (180,098)
        medium.003                       175.88K (180,098)
        medium.002                       175.88K (180,098)
        medium.015                       175.88K (180,098)
        medium.014                       175.88K (180,098)
        medium.001                       175.88K (180,098)
        mesh1-geometry.015               149.40K (152,983)
        mesh1-geometry.014               149.40K (152,983)
        mesh1-geometry.012               149.40K (152,983)
        mesh1-geometry.016               149.40K (152,983)
        mesh1-geometry.017               149.40K (152,983)
        mesh1-geometry.011               149.40K (152,983)
        mesh1-geometry.010               149.40K (152,983)
        mesh1-geometry.003               149.40K (152,983)
        mesh1-geometry.013               149.40K (152,983)
        mesh1-geometry.009               149.40K (152,983)
        mesh1-geometry.018               149.40K (152,983)
        mesh1-geometry.008               149.40K (152,983)
        mesh1-geometry.001               149.40K (152,983)
        mesh1-geometry.007               149.40K (152,983)
        mesh1-geometry.006               149.40K (152,983)
        mesh1-geometry.005               149.40K (152,983)
        mesh1-geometry.002               149.40K (152,983)
        mesh1-geometry.004               149.40K (152,983)
        Plane.048                        24.42K (25,007)
        Plane.039                        20.95K (21,454)
        Plane.037                        13.91K (14,246)
        Plane.047                        10.92K (11,186)
        Plane.045                        5.73K (5,865)
      00:39.691  render           | Fra: 1 | Remaining: 00:00.11 | Mem: 1351M | Reading full buffer from disk
  Plane.042                        5.23K (5,355)
        Plane.043                        4.90K (5,015)
        Plane.055                        1.39K (1,428)
        Plane.058                        1.11K (1,139)
        Plane.059                        1.08K (1,105)
        Plane.054                        765B (765)
        Plane.057                        629B (629)
        Plane.056                        561B (561)
        Plane.040                        493B (493)
        Plane.035                        493B (493)
        Plane.009                        493B (493)
        Plane.003                        493B (493)
        Plane.005                        425B (425)
        Plane.006                        425B (425)
        Plane.008                        357B (357)
        Plane.007                        357B (357)
        Plane.004                        357B (357)
        Plane.032                        221B (221)
        Plane.011                        187B (187)
        Plane.010                        187B (187)
        TopMoss                          85B (85)
        Flowers                          85B (85)
        LipMoss                          85B (85)
        TopGrassTall                     85B (85)
        TopGrass                         85B (85)
        backgroundlight                  50B (50)
        Sun                              46B (46)
Image statistics:
  Full Images:
    kloofendal_overcast_puresky_4k.hdr 128.00M (134,217,728)
    fir_sapling_medium_twigs_nor_gl_2k.png 32.00M (33,554,432)
    fir_sapling_medium_twigs_diff_2k.png 32.00M (33,554,432)
    fir_sapling_medium_branches_diff_2k.png 32.00M (33,554,432)
    fir_sapling_medium_twigs_alpha_2k.png 32.00M (33,554,432)
    fir_sapling_medium_branches_nor_gl_2k.png 32.00M (33,554,432)
    rock_moss_set_01_nor_gl_2k.exr   32.00M (33,554,432)
    flower_heliophila_nor_gl_2k.exr  32.00M (33,554,432)
    moss_01_nor_gl_2k.exr            32.00M (33,554,432)
    grass_medium_01_nor_gl_2k.exr    32.00M (33,554,432)
    fir_sapling_medium_twigs_mask_2k.png 32.00M (33,554,432)
    forest_ground_04_Diffuse_2k.jpg  16.00M (16,777,216)
    rock_moss_set_01_diff_2k.jpg     16.00M (16,777,216)
    aerial_rocks_02_Diffuse_2k.jpg   16.00M (16,777,216)
    rock_moss_set_01_rough_2k.jpg    16.00M (16,777,216)
    cliff_side_Diffuse_2k.jpg        16.00M (16,777,216)
    lichen_rock_Diffuse_2k.jpg       16.00M (16,777,216)
    flower_heliophila_diff_2k.jpg    16.00M (16,777,216)
    moss_01_diff_2k.jpg              16.00M (16,777,216)
    cliff_side_nor_gl_2k.jpg         16.00M (16,777,216)
    lichen_rock_nor_gl_2k.jpg        16.00M (16,777,216)
    grass_medium_01_diff_2k.jpg      16.00M (16,777,216)
    lichen_rock_Displacement_2k.jpg  16.00M (16,777,216)
    forest_ground_04_nor_gl_2k.jpg   16.00M (16,777,216)
    flower_heliophila_rough_2k.exr   8.00M (8,388,608)
    fir_sapling_medium_twigs_rough_2k.png 8.00M (8,388,608)
    moss_01_alpha_2k.png             8.00M (8,388,608)
    moss_01_rough_2k.exr             8.00M (8,388,608)
    flower_heliophila_translucency_2k.png 8.00M (8,388,608)
    grass_medium_01_rough_2k.exr     8.00M (8,388,608)
    grass_medium_01_alpha_2k.png     8.00M (8,388,608)
    fir_sapling_medium_branches_rough_2k.png 8.00M (8,388,608)
    flower_heliophila_alpha_2k.png   8.00M (8,388,608)
    fir_sapling_medium_branches_disp_2k.png 8.00M (8,388,608)
    cliff_side_Displacement_2k.jpg   4.00M (4,194,304)
  Full image memory: 740.00M (775,946,240)
  Overhead image memory: 3.83K (3,920)
  Total image memory: 740.00M (775,950,160)
Profiling information not available (only works with CPU rendering)
00:39.835  render           | Fra: 1 | Remaining: 00:00.11 | Mem: 1351M | ViewLayer | Denoising
00:53.493  render           | Fra: 1 | Remaining: 00:00.38 | Mem: 1952M | ViewLayer | Finishing
00:54.284  render           | Saved: '/home/akamel/hero3d/out/still-223/p10/wide-s0-f0.png'
00:54.289  render           | Time: 00:25.76 (Saving: 00:00.38)
still: wrote /home/akamel/hero3d/out/still-223/p10/wide-s0-f0.png 3840x2160

Blender quit
