1503
1503
1503
1503
1503
1503
1503
1503
1503
1503
1503
1708
1708
1708
1708
1708
2666
2594
3534
4512
4512
4512
4512
4512
4512
4512
4512
4512
4224
4474
3666
3666
3666
3666
3666
3666
3666
3666
3666
3666
3666
3666
3666
3666
3666
3666
3666
3666
3666
3666
3666
3666
3666
3666
3666
1503
1503
1503
1708
1708
1708
1708
1708
2698
2666
3526
4512
4512
4512
4512
4474
4474
4474
4474
4474
4474
4474
3666
3666
3666
3666
3666
3666
3666
3666
3666
3666
3666
3666
3666
3666
3666
3666
3666
3666
3666
3666
3666
3666
3666
3666
3666
3666
3666
1503
