1503
1503
1503
1503
1503
1503
1503
1503
1503
1503
1503
1708
1708
1708
1708
1708
2620
2670
2990
4518
4518
4518
4518
4518
4518
4518
4518
4518
4230
4480
3668
3668
3668
3668
3668
3668
3668
3668
3668
3668
3668
3668
3668
3668
3668
3668
3668
3668
3668
3668
3668
3668
3668
3668
3668
1503
1503
1503
1708
1708
1708
1708
1708
2388
2670
2988
4516
4516
4516
4516
4478
4478
4478
4478
4478
4478
4478
4226
3666
3666
3666
3666
3666
3666
3666
3666
3666
3666
3666
3666
3666
3666
3666
3666
3666
3666
3666
3666
3666
3666
3666
3666
3666
3666
1503
