00:00.558  cycles           | WARNING HIPEW initialization failed: Error opening HIP dynamic library
/home/akamel/hero3d/still223/still.py:431: DeprecationWarning: 'Material.use_nodes' is expected to be removed in Blender 6.0
  mat.use_nodes = True
still: shots=['tall', 'wide'] outdir=/home/akamel/hero3d/out/still-223/p11 az=0.0 res=native
00:04.091  render           | Rendering frame 1
00:04.091  render           | Start rendering: Scene, ViewLayer
00:04.091  render           | Engine: Cycles
00:07.707  render           | Fra: 1 | Mem: 1M | Synchronizing object | Island
Blender 5.2.2 LTS (hash d13f752e3b9c built 2026-09-15 01:34:58)
00:07.715  render           | Fra: 1 | Mem: 1M | Synchronizing object | TopMoss
00:07.715  render           | Fra: 1 | Mem: 1M | Synchronizing object | moss_01_d_LOD0
00:07.715  render           | Fra: 1 | Mem: 1M | Synchronizing object | moss_01_h_LOD0
00:07.715  render           | Fra: 1 | Mem: 1M | Synchronizing object | moss_01_i_LOD0
00:07.715  render           | Fra: 1 | Mem: 1M | Synchronizing object | moss_01_e_LOD0
00:07.715  render           | Fra: 1 | Mem: 1M | Synchronizing object | moss_01_tall_a_LOD0
00:07.715  render           | Fra: 1 | Mem: 1M | Synchronizing object | moss_01_a_LOD0
00:07.715  render           | Fra: 1 | Mem: 1M | Synchronizing object | moss_01_f_LOD0
00:07.715  render           | Fra: 1 | Mem: 1M | Synchronizing object | moss_01_tall_b_LOD0
00:07.715  render           | Fra: 1 | Mem: 1M | Synchronizing object | moss_01_b_LOD0
00:07.715  render           | Fra: 1 | Mem: 1M | Synchronizing object | moss_01_g_LOD0
00:07.715  render           | Fra: 1 | Mem: 1M | Synchronizing object | moss_01_c_LOD0
00:07.715  render           | Fra: 1 | Mem: 1M | Synchronizing object | moss_01_j_LOD0
00:07.822  render           | Fra: 1 | Mem: 1M | Synchronizing object | grass_medium_01_tiny_e_LOD0
00:07.822  render           | Fra: 1 | Mem: 1M | Synchronizing object | TopGrass
00:07.822  render           | Fra: 1 | Mem: 1M | Synchronizing object | grass_medium_01_tiny_f_LOD0
00:07.823  render           | Fra: 1 | Mem: 1M | Synchronizing object | grass_medium_01_small_a_LOD0
00:07.823  render           | Fra: 1 | Mem: 1M | Synchronizing object | grass_medium_01_mid_c_LOD0
00:07.823  render           | Fra: 1 | Mem: 1M | Synchronizing object | grass_medium_01_mid_b_LOD0
00:07.823  render           | Fra: 1 | Mem: 1M | Synchronizing object | grass_medium_01_tiny_d_LOD0
00:07.823  render           | Fra: 1 | Mem: 1M | Synchronizing object | grass_medium_01_tiny_a_LOD0
00:07.823  render           | Fra: 1 | Mem: 1M | Synchronizing object | grass_medium_01_small_b_LOD0
00:07.823  render           | Fra: 1 | Mem: 1M | Synchronizing object | grass_medium_01_tiny_c_LOD0
00:07.823  render           | Fra: 1 | Mem: 1M | Synchronizing object | grass_medium_01_tiny_b_LOD0
00:07.825  render           | Fra: 1 | Mem: 1M | Synchronizing object | grass_medium_01_tall_a_LOD0
00:07.825  render           | Fra: 1 | Mem: 1M | Synchronizing object | TopGrassTall
00:07.825  render           | Fra: 1 | Mem: 1M | Synchronizing object | grass_medium_01_tall_b_LOD0
00:07.825  render           | Fra: 1 | Mem: 1M | Synchronizing object | grass_medium_01_tall_c_LOD0
00:07.833  render           | Fra: 1 | Mem: 1M | Synchronizing object | LipMoss
00:07.969  render           | Fra: 1 | Mem: 1M | Synchronizing object | flower_heliophila_medium_LOD0
00:07.969  render           | Fra: 1 | Mem: 1M | Synchronizing object | Flowers
00:07.970  render           | Fra: 1 | Mem: 1M | Synchronizing object | flower_heliophila_small_LOD0
00:07.971  render           | Fra: 1 | Mem: 1M | Synchronizing object | rock_moss_set_01_rock06.001
00:07.971  render           | Fra: 1 | Mem: 1M | Synchronizing object | rock_moss_set_01_rock05.001
00:07.972  render           | Fra: 1 | Mem: 1M | Synchronizing object | rock_moss_set_01_rock04.001
00:07.972  render           | Fra: 1 | Mem: 1M | Synchronizing object | rock_moss_set_01_rock04.002
00:07.972  render           | Fra: 1 | Mem: 1M | Synchronizing object | rock_moss_set_01_rock06.004
00:07.972  render           | Fra: 1 | Mem: 1M | Synchronizing object | rock_moss_set_01_rock06.007
00:07.972  render           | Fra: 1 | Mem: 1M | Synchronizing object | rock_moss_set_01_rock05.007
00:07.972  render           | Fra: 1 | Mem: 1M | Synchronizing object | rock_moss_set_01_rock05.009
00:07.972  render           | Fra: 1 | Mem: 1M | Synchronizing object | rock_moss_set_01_rock04.008
00:07.972  render           | Fra: 1 | Mem: 1M | Synchronizing object | rock_moss_set_01_rock06.010
00:07.972  render           | Fra: 1 | Mem: 1M | Synchronizing object | rock_moss_set_01_rock05.010
00:07.972  render           | Fra: 1 | Mem: 1M | Synchronizing object | Ridge_tall_4
00:07.972  render           | Fra: 1 | Mem: 1M | Synchronizing object | rock_moss_set_01_rock04.009
00:07.973  render           | Fra: 1 | Mem: 1M | Synchronizing object | rock_moss_set_01_rock06.011
00:07.973  render           | Fra: 1 | Mem: 1M | Synchronizing object | rock_moss_set_01_rock05.011
00:07.973  render           | Fra: 1 | Mem: 1M | Synchronizing object | rock_moss_set_01_rock04.010
00:07.973  render           | Fra: 1 | Mem: 1M | Synchronizing object | rock_moss_set_01_rock05.012
00:07.973  render           | Fra: 1 | Mem: 1M | Synchronizing object | rock_moss_set_01_rock04.011
00:07.973  render           | Fra: 1 | Mem: 1M | Synchronizing object | rock_moss_set_01_rock06.013
00:07.973  render           | Fra: 1 | Mem: 1M | Synchronizing object | rock_moss_set_01_rock05.013
00:07.974  render           | Fra: 1 | Mem: 1M | Synchronizing object | rock_moss_set_01_rock04.012
00:07.974  render           | Fra: 1 | Mem: 1M | Synchronizing object | rock_moss_set_01_rock06.014
00:07.974  render           | Fra: 1 | Mem: 1M | Synchronizing object | rock_moss_set_01_rock05.014
00:07.974  render           | Fra: 1 | Mem: 1M | Synchronizing object | rock_moss_set_01_rock04.013
00:07.974  render           | Fra: 1 | Mem: 1M | Synchronizing object | rock_moss_set_01_rock06.015
00:07.974  render           | Fra: 1 | Mem: 1M | Synchronizing object | rock_moss_set_01_rock05.015
00:07.974  render           | Fra: 1 | Mem: 1M | Synchronizing object | rock_moss_set_01_rock04.014
00:07.974  render           | Fra: 1 | Mem: 1M | Synchronizing object | rock_moss_set_01_rock06.016
00:07.974  render           | Fra: 1 | Mem: 1M | Synchronizing object | rock_moss_set_01_rock05.016
00:07.974  render           | Fra: 1 | Mem: 1M | Synchronizing object | rock_moss_set_01_rock04.015
00:07.974  render           | Fra: 1 | Mem: 1M | Synchronizing object | rock_moss_set_01_rock06.017
00:07.974  render           | Fra: 1 | Mem: 1M | Synchronizing object | rock_moss_set_01_rock05.017
00:07.974  render           | Fra: 1 | Mem: 1M | Synchronizing object | rock_moss_set_01_rock04.016
00:07.974  render           | Fra: 1 | Mem: 1M | Synchronizing object | rock_moss_set_01_rock06.018
00:07.974  render           | Fra: 1 | Mem: 1M | Synchronizing object | rock_moss_set_01_rock05.018
00:07.974  render           | Fra: 1 | Mem: 1M | Synchronizing object | rock_moss_set_01_rock06.019
00:07.974  render           | Fra: 1 | Mem: 1M | Synchronizing object | rock_moss_set_01_rock05.019
00:07.974  render           | Fra: 1 | Mem: 1M | Synchronizing object | fir_sapling_medium_a_LOD0.001
00:07.974  render           | Fra: 1 | Mem: 1M | Synchronizing object | fir_sapling_medium_b_LOD0.001
00:07.975  render           | Fra: 1 | Mem: 1M | Synchronizing object | Sun
00:07.975  render           | Fra: 1 | Mem: 1M | Synchronizing object | Ridge_tall_0
00:07.975  render           | Fra: 1 | Mem: 1M | Synchronizing object | Ridge_tall_1
00:07.975  render           | Fra: 1 | Mem: 1M | Synchronizing object | Ridge_tall_3
00:08.001  render           | Fra: 1 | Mem: 1M | Initializing
00:08.066  render           | Fra: 1 | Mem: 1M | Waiting for render to start
00:08.066  render           | Fra: 1 | Mem: 1M | Updating Scene
00:08.066  render           | Fra: 1 | Mem: 1M | Updating Shaders
00:08.072  render           | Fra: 1 | Mem: 1M | Loading render kernels (may take a few minutes the first time)
00:08.122  render           | Fra: 1 | Mem: 1M | Updating Procedurals
Update statistics:
Scene:
    Total time: 0.053545s
        device_update                            0.053545s
Geometry:
    Total time: 0.000000s
Light:
    Total time: 0.000000s
Object:
    Total time: 0.000000s
Image:
    Total time: 0.000000s
Background:
    Total time: 0.000000s
Bake:
    Total time: 0.000000s
Camera:
    Total time: 0.000000s
Film:
    Total time: 0.000000s
Integrator:
    Total time: 0.000000s
OSL:
    Total time: 0.000000s
Particles:
    Total time: 0.000000s
SVM:
    Total time: 0.000000s
Tables:
    Total time: 0.000000s
Procedurals:
    Total time: 0.000000s

00:08.122  render           | Fra: 1 | Mem: 1M | Updating Background
00:08.122  render           | Fra: 1 | Mem: 1M | Updating Scene Attribute
00:08.122  render           | Fra: 1 | Mem: 1M | Updating Camera
00:08.122  render           | Fra: 1 | Mem: 1M | Updating Meshes Flags
00:08.122  render           | Fra: 1 | Mem: 1M | Updating Objects
00:08.123  render           | Fra: 1 | Mem: 1M | Updating Objects | Copying Transformations to device
00:08.129  render           | Fra: 1 | Mem: 37M | Updating Particle Systems
00:08.129  render           | Fra: 1 | Mem: 37M | Updating Particle Systems | Copying Particles to device
00:08.129  render           | Fra: 1 | Mem: 37M | Updating Meshes
00:08.259  render           | Fra: 1 | Mem: 37M | Updating Displacement Images
00:08.259  render           | Fra: 1 | Mem: 37M | Updating Images | Loading cliff_side_Displacement_2k.jpg
00:08.259  render           | Fra: 1 | Mem: 37M | Updating Images | Loading forest_ground_04_Diffuse_2k.jpg
00:08.259  render           | Fra: 1 | Mem: 37M | Updating Images | Loading forest_ground_04_nor_gl_2k.jpg
00:08.259  render           | Fra: 1 | Mem: 37M | Updating Images | Loading lichen_rock_Diffuse_2k.jpg
00:08.259  render           | Fra: 1 | Mem: 37M | Updating Images | Loading aerial_rocks_02_Diffuse_2k.jpg
00:08.259  render           | Fra: 1 | Mem: 37M | Updating Images | Loading lichen_rock_nor_gl_2k.jpg
00:08.259  render           | Fra: 1 | Mem: 37M | Updating Images | Loading lichen_rock_Displacement_2k.jpg
00:08.259  render           | Fra: 1 | Mem: 37M | Updating Images | Loading cliff_side_nor_gl_2k.jpg
00:08.320  render           | Fra: 1 | Mem: 170M | Updating Mesh | Computing normals
00:08.339  render           | Fra: 1 | Mem: 170M | Updating Mesh | Copying Mesh to device
00:08.344  render           | Fra: 1 | Mem: 241M | Updating Objects | Applying Static Transformations
00:08.353  render           | Fra: 1 | Mem: 241M | Updating Mesh | Computing attributes
00:08.413  render           | Fra: 1 | Mem: 241M | Updating Mesh | Copying Attributes to device
00:08.441  render           | Fra: 1 | Mem: 433M | Updating Mesh | Computing Displacement Island
00:08.841  render           | Fra: 1 | Mem: 433M | Updating Mesh | Computing Displacement mesh1-geometry.001
00:08.846  render           | Fra: 1 | Mem: 433M | Updating Mesh | Computing Displacement modelShape.001
00:08.850  render           | Fra: 1 | Mem: 433M | Updating Mesh | Computing Displacement medium.002
00:08.854  render           | Fra: 1 | Mem: 433M | Updating Mesh | Computing Displacement mesh1-geometry.002
00:08.858  render           | Fra: 1 | Mem: 433M | Updating Mesh | Computing Displacement modelShape.002
00:08.862  render           | Fra: 1 | Mem: 433M | Updating Mesh | Computing Displacement medium.003
00:08.866  render           | Fra: 1 | Mem: 433M | Updating Mesh | Computing Displacement mesh1-geometry.004
00:08.870  render           | Fra: 1 | Mem: 433M | Updating Mesh | Computing Displacement modelShape.004
00:08.874  render           | Fra: 1 | Mem: 433M | Updating Mesh | Computing Displacement medium.004
00:08.878  render           | Fra: 1 | Mem: 433M | Updating Mesh | Computing Displacement mesh1-geometry.005
00:08.882  render           | Fra: 1 | Mem: 433M | Updating Mesh | Computing Displacement modelShape.005
00:08.886  render           | Fra: 1 | Mem: 433M | Updating Mesh | Computing Displacement medium.005
00:08.889  render           | Fra: 1 | Mem: 433M | Updating Mesh | Computing Displacement mesh1-geometry.006
00:08.894  render           | Fra: 1 | Mem: 433M | Updating Mesh | Computing Displacement modelShape.006
00:08.898  render           | Fra: 1 | Mem: 433M | Updating Mesh | Computing Displacement medium.006
00:08.901  render           | Fra: 1 | Mem: 433M | Updating Mesh | Computing Displacement mesh1-geometry.007
00:08.905  render           | Fra: 1 | Mem: 433M | Updating Mesh | Computing Displacement modelShape.007
00:08.909  render           | Fra: 1 | Mem: 433M | Updating Mesh | Computing Displacement medium.007
00:08.913  render           | Fra: 1 | Mem: 433M | Updating Mesh | Computing Displacement mesh1-geometry.008
00:08.917  render           | Fra: 1 | Mem: 433M | Updating Mesh | Computing Displacement modelShape.008
00:08.921  render           | Fra: 1 | Mem: 433M | Updating Mesh | Computing Displacement medium.008
00:08.925  render           | Fra: 1 | Mem: 433M | Updating Mesh | Computing Displacement mesh1-geometry.009
00:08.929  render           | Fra: 1 | Mem: 433M | Updating Mesh | Computing Displacement modelShape.009
00:08.933  render           | Fra: 1 | Mem: 433M | Updating Mesh | Computing Displacement medium.009
00:08.936  render           | Fra: 1 | Mem: 433M | Updating Mesh | Computing Displacement mesh1-geometry.010
00:08.941  render           | Fra: 1 | Mem: 433M | Updating Mesh | Computing Displacement modelShape.010
00:08.944  render           | Fra: 1 | Mem: 433M | Updating Mesh | Computing Displacement medium.010
00:08.948  render           | Fra: 1 | Mem: 433M | Updating Mesh | Computing Displacement mesh1-geometry.011
00:08.952  render           | Fra: 1 | Mem: 433M | Updating Mesh | Computing Displacement modelShape.011
00:08.956  render           | Fra: 1 | Mem: 433M | Updating Mesh | Computing Displacement medium.011
00:08.960  render           | Fra: 1 | Mem: 433M | Updating Mesh | Computing Displacement mesh1-geometry.012
00:08.964  render           | Fra: 1 | Mem: 433M | Updating Mesh | Computing Displacement modelShape.012
00:08.968  render           | Fra: 1 | Mem: 433M | Updating Mesh | Computing Displacement medium.012
00:08.971  render           | Fra: 1 | Mem: 433M | Updating Mesh | Computing Displacement mesh1-geometry.013
00:08.975  render           | Fra: 1 | Mem: 433M | Updating Mesh | Computing Displacement modelShape.013
00:08.979  render           | Fra: 1 | Mem: 433M | Updating Mesh | Computing Displacement medium.013
00:08.983  render           | Fra: 1 | Mem: 433M | Updating Mesh | Computing Displacement mesh1-geometry.014
00:08.987  render           | Fra: 1 | Mem: 433M | Updating Mesh | Computing Displacement modelShape.014
00:08.991  render           | Fra: 1 | Mem: 433M | Updating Mesh | Computing Displacement medium.014
00:08.995  render           | Fra: 1 | Mem: 433M | Updating Mesh | Computing Displacement mesh1-geometry.015
00:08.999  render           | Fra: 1 | Mem: 433M | Updating Mesh | Computing Displacement modelShape.015
00:09.003  render           | Fra: 1 | Mem: 433M | Updating Mesh | Computing Displacement medium.015
00:09.006  render           | Fra: 1 | Mem: 433M | Updating Mesh | Computing Displacement mesh1-geometry.016
00:09.011  render           | Fra: 1 | Mem: 433M | Updating Mesh | Computing Displacement modelShape.016
00:09.014  render           | Fra: 1 | Mem: 433M | Updating Mesh | Computing Displacement medium.016
00:09.018  render           | Fra: 1 | Mem: 433M | Updating Mesh | Computing Displacement mesh1-geometry.017
00:09.022  render           | Fra: 1 | Mem: 433M | Updating Mesh | Computing Displacement modelShape.017
00:09.026  render           | Fra: 1 | Mem: 433M | Updating Mesh | Computing Displacement medium.017
00:09.030  render           | Fra: 1 | Mem: 433M | Updating Mesh | Computing Displacement mesh1-geometry.018
00:09.034  render           | Fra: 1 | Mem: 433M | Updating Mesh | Computing Displacement modelShape.018
00:09.048  render           | Fra: 1 | Mem: 170M | Updating Geometry BVH backgroundlight 96/95 | Building BVH
00:09.048  render           | Fra: 1 | Mem: 170M | Updating Geometry BVH backgroundlight 96/95 | Building OptiX acceleration structure
00:09.048  render           | Fra: 1 | Mem: 170M | Updating Geometry BVH Ridge_tall_4 95/95 | Building BVH
00:09.048  render           | Fra: 1 | Mem: 170M | Updating Geometry BVH Ridge_tall_4 95/95 | Building OptiX acceleration structure
00:09.048  render           | Fra: 1 | Mem: 170M | Updating Geometry BVH TopMoss 3/95 | Building BVH
00:09.048  render           | Fra: 1 | Mem: 170M | Updating Geometry BVH Plane.010 5/95 | Building OptiX acceleration structure
00:09.048  render           | Fra: 1 | Mem: 170M | Updating Geometry BVH Plane.011 6/95 | Building BVH
00:09.048  render           | Fra: 1 | Mem: 170M | Updating Geometry BVH Plane.011 6/95 | Building OptiX acceleration structure
00:09.048  render           | Fra: 1 | Mem: 170M | Updating Geometry BVH Plane.005 7/95 | Building BVH
00:09.048  render           | Fra: 1 | Mem: 170M | Updating Geometry BVH Plane.035 8/95 | Building OptiX acceleration structure
00:09.048  render           | Fra: 1 | Mem: 170M | Updating Geometry BVH Plane.009 9/95 | Building BVH
00:09.048  render           | Fra: 1 | Mem: 170M | Updating Geometry BVH Plane.009 9/95 | Building OptiX acceleration structure
00:09.048  render           | Fra: 1 | Mem: 170M | Updating Geometry BVH Plane.006 10/95 | Building BVH
00:09.048  render           | Fra: 1 | Mem: 170M | Updating Geometry BVH TopGrass 16/95 | Building BVH
00:09.048  render           | Fra: 1 | Mem: 170M | Updating Geometry BVH Plane.040 11/95 | Building BVH
00:09.048  render           | Fra: 1 | Mem: 170M | Updating Geometry BVH Plane.040 11/95 | Building OptiX acceleration structure
00:09.048  render           | Fra: 1 | Mem: 170M | Updating Geometry BVH Plane.037 19/95 | Building BVH
00:09.048  render           | Fra: 1 | Mem: 170M | Updating Geometry BVH Plane.037 19/95 | Building OptiX acceleration structure
00:09.048  render           | Fra: 1 | Mem: 170M | Updating Geometry BVH Plane.057 22/95 | Building BVH
00:09.048  render           | Fra: 1 | Mem: 170M | Updating Geometry BVH Plane.047 24/95 | Building BVH
00:09.048  render           | Fra: 1 | Mem: 170M | Updating Geometry BVH Plane.054 25/95 | Building BVH
00:09.048  render           | Fra: 1 | Mem: 170M | Updating Geometry BVH TopGrassTall 27/95 | Building BVH
00:09.048  render           | Fra: 1 | Mem: 170M | Updating Geometry BVH Plane.043 28/95 | Building BVH
00:09.048  render           | Fra: 1 | Mem: 170M | Updating Geometry BVH Plane.042 29/95 | Building OptiX acceleration structure
00:09.048  render           | Fra: 1 | Mem: 170M | Updating Geometry BVH Plane.045 30/95 | Building BVH
00:09.048  render           | Fra: 1 | Mem: 170M | Updating Geometry BVH Plane.045 30/95 | Building OptiX acceleration structure
00:09.048  render           | Fra: 1 | Mem: 170M | Updating Geometry BVH LipMoss 31/95 | Building BVH
00:09.048  render           | Fra: 1 | Mem: 170M | Updating Geometry BVH LipMoss 31/95 | Building OptiX acceleration structure
00:09.048  render           | Fra: 1 | Mem: 170M | Updating Geometry BVH Flowers 32/95 | Building BVH
00:09.048  render           | Fra: 1 | Mem: 170M | Updating Geometry BVH Flowers 32/95 | Building OptiX acceleration structure
00:09.048  render           | Fra: 1 | Mem: 170M | Updating Geometry BVH Plane.5143 33/95 | Building BVH
00:09.048  render           | Fra: 1 | Mem: 170M | Updating Geometry BVH Plane.5143 33/95 | Building OptiX acceleration structure
00:09.049  render           | Fra: 1 | Mem: 171M | Updating Geometry BVH Island 2/95 | Building BVH
00:09.049  render           | Fra: 1 | Mem: 171M | Updating Geometry BVH Island 2/95 | Building OptiX acceleration structure
00:09.050  render           | Fra: 1 | Mem: 172M | Updating Geometry BVH Plane.2197 34/95 | Building BVH
00:09.050  render           | Fra: 1 | Mem: 172M | Updating Geometry BVH Plane.2197 34/95 | Building OptiX acceleration structure
00:09.051  render           | Fra: 1 | Mem: 172M | Updating Geometry BVH mesh1-geometry.003 35/95 | Building BVH
00:09.051  render           | Fra: 1 | Mem: 172M | Updating Geometry BVH mesh1-geometry.003 35/95 | Building OptiX acceleration structure
00:09.051  render           | Fra: 1 | Mem: 172M | Updating Geometry BVH modelShape.003 36/95 | Building BVH
00:09.051  render           | Fra: 1 | Mem: 172M | Updating Geometry BVH modelShape.003 36/95 | Building OptiX acceleration structure
00:09.051  render           | Fra: 1 | Mem: 173M | Updating Geometry BVH medium.001 37/95 | Building BVH
00:09.051  render           | Fra: 1 | Mem: 173M | Updating Geometry BVH medium.001 37/95 | Building OptiX acceleration structure
00:09.052  render           | Fra: 1 | Mem: 173M | Updating Geometry BVH mesh1-geometry.001 38/95 | Building BVH
00:09.052  render           | Fra: 1 | Mem: 173M | Updating Geometry BVH mesh1-geometry.001 38/95 | Building OptiX acceleration structure
00:09.052  render           | Fra: 1 | Mem: 173M | Updating Geometry BVH modelShape.001 39/95 | Building BVH
00:09.052  render           | Fra: 1 | Mem: 173M | Updating Geometry BVH modelShape.001 39/95 | Building OptiX acceleration structure
00:09.053  render           | Fra: 1 | Mem: 173M | Updating Geometry BVH medium.002 40/95 | Building BVH
00:09.053  render           | Fra: 1 | Mem: 173M | Updating Geometry BVH medium.002 40/95 | Building OptiX acceleration structure
00:09.053  render           | Fra: 1 | Mem: 173M | Updating Geometry BVH mesh1-geometry.002 41/95 | Building BVH
00:09.053  render           | Fra: 1 | Mem: 173M | Updating Geometry BVH mesh1-geometry.002 41/95 | Building OptiX acceleration structure
00:09.053  render           | Fra: 1 | Mem: 174M | Updating Geometry BVH modelShape.002 42/95 | Building BVH
00:09.053  render           | Fra: 1 | Mem: 174M | Updating Geometry BVH modelShape.002 42/95 | Building OptiX acceleration structure
00:09.054  render           | Fra: 1 | Mem: 174M | Updating Geometry BVH medium.003 43/95 | Building BVH
00:09.054  render           | Fra: 1 | Mem: 174M | Updating Geometry BVH medium.003 43/95 | Building OptiX acceleration structure
00:09.054  render           | Fra: 1 | Mem: 174M | Updating Geometry BVH mesh1-geometry.004 44/95 | Building BVH
00:09.054  render           | Fra: 1 | Mem: 174M | Updating Geometry BVH mesh1-geometry.004 44/95 | Building OptiX acceleration structure
00:09.054  render           | Fra: 1 | Mem: 174M | Updating Geometry BVH modelShape.004 45/95 | Building BVH
00:09.054  render           | Fra: 1 | Mem: 174M | Updating Geometry BVH modelShape.004 45/95 | Building OptiX acceleration structure
00:09.055  render           | Fra: 1 | Mem: 175M | Updating Geometry BVH medium.004 46/95 | Building BVH
00:09.055  render           | Fra: 1 | Mem: 175M | Updating Geometry BVH medium.004 46/95 | Building OptiX acceleration structure
00:09.055  render           | Fra: 1 | Mem: 175M | Updating Geometry BVH mesh1-geometry.005 47/95 | Building BVH
00:09.055  render           | Fra: 1 | Mem: 175M | Updating Geometry BVH mesh1-geometry.005 47/95 | Building OptiX acceleration structure
00:09.055  render           | Fra: 1 | Mem: 175M | Updating Geometry BVH modelShape.005 48/95 | Building BVH
00:09.055  render           | Fra: 1 | Mem: 175M | Updating Geometry BVH modelShape.005 48/95 | Building OptiX acceleration structure
00:09.055  render           | Fra: 1 | Mem: 175M | Updating Geometry BVH medium.005 49/95 | Building BVH
00:09.055  render           | Fra: 1 | Mem: 175M | Updating Geometry BVH medium.005 49/95 | Building OptiX acceleration structure
00:09.056  render           | Fra: 1 | Mem: 176M | Updating Geometry BVH Ridge_tall_3 94/95 | Building BVH
00:09.056  render           | Fra: 1 | Mem: 176M | Updating Geometry BVH Ridge_tall_3 94/95 | Building OptiX acceleration structure
00:09.057  render           | Fra: 1 | Mem: 177M | Updating Geometry BVH mesh1-geometry.006 50/95 | Building BVH
00:09.057  render           | Fra: 1 | Mem: 177M | Updating Geometry BVH mesh1-geometry.006 50/95 | Building OptiX acceleration structure
00:09.057  render           | Fra: 1 | Mem: 177M | Updating Geometry BVH modelShape.006 51/95 | Building BVH
00:09.057  render           | Fra: 1 | Mem: 177M | Updating Geometry BVH modelShape.006 51/95 | Building OptiX acceleration structure
00:09.057  render           | Fra: 1 | Mem: 177M | Updating Geometry BVH medium.006 52/95 | Building BVH
00:09.057  render           | Fra: 1 | Mem: 177M | Updating Geometry BVH medium.006 52/95 | Building OptiX acceleration structure
00:09.058  render           | Fra: 1 | Mem: 177M | Updating Geometry BVH mesh1-geometry.007 53/95 | Building BVH
00:09.058  render           | Fra: 1 | Mem: 177M | Updating Geometry BVH mesh1-geometry.007 53/95 | Building OptiX acceleration structure
00:09.058  render           | Fra: 1 | Mem: 178M | Updating Geometry BVH modelShape.007 54/95 | Building BVH
00:09.058  render           | Fra: 1 | Mem: 179M | Updating Geometry BVH modelShape.007 54/95 | Building OptiX acceleration structure
00:09.058  render           | Fra: 1 | Mem: 178M | Updating Geometry BVH medium.007 55/95 | Building BVH
00:09.058  render           | Fra: 1 | Mem: 178M | Updating Geometry BVH medium.007 55/95 | Building OptiX acceleration structure
00:09.058  render           | Fra: 1 | Mem: 178M | Updating Geometry BVH mesh1-geometry.008 56/95 | Building BVH
00:09.058  render           | Fra: 1 | Mem: 178M | Updating Geometry BVH mesh1-geometry.008 56/95 | Building OptiX acceleration structure
00:09.059  render           | Fra: 1 | Mem: 178M | Updating Geometry BVH modelShape.008 57/95 | Building BVH
00:09.059  render           | Fra: 1 | Mem: 178M | Updating Geometry BVH modelShape.008 57/95 | Building OptiX acceleration structure
00:09.059  render           | Fra: 1 | Mem: 179M | Updating Geometry BVH medium.008 58/95 | Building BVH
00:09.059  render           | Fra: 1 | Mem: 179M | Updating Geometry BVH medium.008 58/95 | Building OptiX acceleration structure
00:09.060  render           | Fra: 1 | Mem: 179M | Updating Geometry BVH mesh1-geometry.009 59/95 | Building BVH
00:09.060  render           | Fra: 1 | Mem: 179M | Updating Geometry BVH mesh1-geometry.009 59/95 | Building OptiX acceleration structure
00:09.060  render           | Fra: 1 | Mem: 179M | Updating Geometry BVH modelShape.009 60/95 | Building BVH
00:09.060  render           | Fra: 1 | Mem: 179M | Updating Geometry BVH modelShape.009 60/95 | Building OptiX acceleration structure
00:09.061  render           | Fra: 1 | Mem: 180M | Updating Geometry BVH medium.009 61/95 | Building BVH
00:09.061  render           | Fra: 1 | Mem: 180M | Updating Geometry BVH medium.009 61/95 | Building OptiX acceleration structure
00:09.061  render           | Fra: 1 | Mem: 180M | Updating Geometry BVH mesh1-geometry.010 62/95 | Building BVH
00:09.061  render           | Fra: 1 | Mem: 180M | Updating Geometry BVH mesh1-geometry.010 62/95 | Building OptiX acceleration structure
00:09.062  render           | Fra: 1 | Mem: 180M | Updating Geometry BVH modelShape.010 63/95 | Building BVH
00:09.062  render           | Fra: 1 | Mem: 180M | Updating Geometry BVH modelShape.010 63/95 | Building OptiX acceleration structure
00:09.062  render           | Fra: 1 | Mem: 180M | Updating Geometry BVH medium.010 64/95 | Building BVH
00:09.062  render           | Fra: 1 | Mem: 180M | Updating Geometry BVH medium.010 64/95 | Building OptiX acceleration structure
00:09.066  render           | Fra: 1 | Mem: 224M | Updating Geometry BVH mesh1-geometry.011 65/95 | Building BVH
00:09.066  render           | Fra: 1 | Mem: 224M | Updating Geometry BVH mesh1-geometry.011 65/95 | Building OptiX acceleration structure
00:09.066  render           | Fra: 1 | Mem: 225M | Updating Geometry BVH modelShape.011 66/95 | Building BVH
00:09.066  render           | Fra: 1 | Mem: 225M | Updating Geometry BVH modelShape.011 66/95 | Building OptiX acceleration structure
00:09.067  render           | Fra: 1 | Mem: 225M | Updating Geometry BVH medium.011 67/95 | Building BVH
00:09.067  render           | Fra: 1 | Mem: 225M | Updating Geometry BVH medium.011 67/95 | Building OptiX acceleration structure
00:09.067  render           | Fra: 1 | Mem: 225M | Updating Geometry BVH mesh1-geometry.012 68/95 | Building BVH
00:09.067  render           | Fra: 1 | Mem: 225M | Updating Geometry BVH mesh1-geometry.012 68/95 | Building OptiX acceleration structure
00:09.067  render           | Fra: 1 | Mem: 225M | Updating Geometry BVH modelShape.012 69/95 | Building BVH
00:09.067  render           | Fra: 1 | Mem: 225M | Updating Geometry BVH modelShape.012 69/95 | Building OptiX acceleration structure
00:09.068  render           | Fra: 1 | Mem: 227M | Updating Geometry BVH medium.012 70/95 | Building BVH
00:09.068  render           | Fra: 1 | Mem: 227M | Updating Geometry BVH medium.012 70/95 | Building OptiX acceleration structure
00:09.068  render           | Fra: 1 | Mem: 226M | Updating Geometry BVH mesh1-geometry.013 71/95 | Building BVH
00:09.068  render           | Fra: 1 | Mem: 226M | Updating Geometry BVH mesh1-geometry.013 71/95 | Building OptiX acceleration structure
00:09.069  render           | Fra: 1 | Mem: 226M | Updating Geometry BVH modelShape.013 72/95 | Building BVH
00:09.069  render           | Fra: 1 | Mem: 226M | Updating Geometry BVH modelShape.013 72/95 | Building OptiX acceleration structure
00:09.069  render           | Fra: 1 | Mem: 227M | Updating Geometry BVH medium.013 73/95 | Building BVH
00:09.069  render           | Fra: 1 | Mem: 227M | Updating Geometry BVH medium.013 73/95 | Building OptiX acceleration structure
00:09.070  render           | Fra: 1 | Mem: 227M | Updating Geometry BVH mesh1-geometry.014 74/95 | Building BVH
00:09.070  render           | Fra: 1 | Mem: 227M | Updating Geometry BVH mesh1-geometry.014 74/95 | Building OptiX acceleration structure
00:09.070  render           | Fra: 1 | Mem: 227M | Updating Geometry BVH modelShape.014 75/95 | Building BVH
00:09.070  render           | Fra: 1 | Mem: 227M | Updating Geometry BVH modelShape.014 75/95 | Building OptiX acceleration structure
00:09.071  render           | Fra: 1 | Mem: 228M | Updating Geometry BVH Ridge_tall_2 93/95 | Building BVH
00:09.071  render           | Fra: 1 | Mem: 228M | Updating Geometry BVH Ridge_tall_2 93/95 | Building OptiX acceleration structure
00:09.072  render           | Fra: 1 | Mem: 231M | Updating Geometry BVH medium.014 76/95 | Building BVH
00:09.072  render           | Fra: 1 | Mem: 231M | Updating Geometry BVH medium.014 76/95 | Building OptiX acceleration structure
00:09.072  render           | Fra: 1 | Mem: 229M | Updating Geometry BVH mesh1-geometry.015 77/95 | Building BVH
00:09.072  render           | Fra: 1 | Mem: 229M | Updating Geometry BVH mesh1-geometry.015 77/95 | Building OptiX acceleration structure
00:09.072  render           | Fra: 1 | Mem: 230M | Updating Geometry BVH modelShape.015 78/95 | Building BVH
00:09.072  render           | Fra: 1 | Mem: 230M | Updating Geometry BVH modelShape.015 78/95 | Building OptiX acceleration structure
00:09.073  render           | Fra: 1 | Mem: 231M | Updating Geometry BVH medium.015 79/95 | Building BVH
00:09.073  render           | Fra: 1 | Mem: 231M | Updating Geometry BVH medium.015 79/95 | Building OptiX acceleration structure
00:09.073  render           | Fra: 1 | Mem: 231M | Updating Geometry BVH mesh1-geometry.016 80/95 | Building BVH
00:09.073  render           | Fra: 1 | Mem: 231M | Updating Geometry BVH mesh1-geometry.016 80/95 | Building OptiX acceleration structure
00:09.073  render           | Fra: 1 | Mem: 231M | Updating Geometry BVH modelShape.016 81/95 | Building BVH
00:09.073  render           | Fra: 1 | Mem: 231M | Updating Geometry BVH modelShape.016 81/95 | Building OptiX acceleration structure
00:09.074  render           | Fra: 1 | Mem: 232M | Updating Geometry BVH medium.016 82/95 | Building BVH
00:09.074  render           | Fra: 1 | Mem: 232M | Updating Geometry BVH medium.016 82/95 | Building OptiX acceleration structure
00:09.074  render           | Fra: 1 | Mem: 231M | Updating Geometry BVH mesh1-geometry.017 83/95 | Building BVH
00:09.074  render           | Fra: 1 | Mem: 231M | Updating Geometry BVH mesh1-geometry.017 83/95 | Building OptiX acceleration structure
00:09.075  render           | Fra: 1 | Mem: 231M | Updating Geometry BVH modelShape.017 84/95 | Building BVH
00:09.075  render           | Fra: 1 | Mem: 231M | Updating Geometry BVH modelShape.017 84/95 | Building OptiX acceleration structure
00:09.076  render           | Fra: 1 | Mem: 232M | Updating Geometry BVH medium.017 85/95 | Building BVH
00:09.076  render           | Fra: 1 | Mem: 232M | Updating Geometry BVH medium.017 85/95 | Building OptiX acceleration structure
00:09.076  render           | Fra: 1 | Mem: 232M | Updating Geometry BVH mesh1-geometry.018 86/95 | Building BVH
00:09.076  render           | Fra: 1 | Mem: 232M | Updating Geometry BVH mesh1-geometry.018 86/95 | Building OptiX acceleration structure
00:09.077  render           | Fra: 1 | Mem: 233M | Updating Geometry BVH modelShape.018 87/95 | Building BVH
00:09.077  render           | Fra: 1 | Mem: 233M | Updating Geometry BVH modelShape.018 87/95 | Building OptiX acceleration structure
00:09.078  render           | Fra: 1 | Mem: 234M | Updating Geometry BVH NurbsPath.007 88/95 | Building BVH
00:09.078  render           | Fra: 1 | Mem: 234M | Updating Geometry BVH NurbsPath.007 88/95 | Building OptiX acceleration structure
00:09.078  render           | Fra: 1 | Mem: 233M | Updating Geometry BVH Sun 90/95 | Building BVH
00:09.078  render           | Fra: 1 | Mem: 233M | Updating Geometry BVH Sun 90/95 | Building OptiX acceleration structure
00:09.078  render           | Fra: 1 | Mem: 253M | Updating Geometry BVH NurbsPath.005 89/95 | Building BVH
00:09.078  render           | Fra: 1 | Mem: 253M | Updating Geometry BVH NurbsPath.005 89/95 | Building OptiX acceleration structure
00:09.078  render           | Fra: 1 | Mem: 253M | Updating Geometry BVH Ridge_tall_0 91/95 | Building BVH
00:09.078  render           | Fra: 1 | Mem: 253M | Updating Geometry BVH Ridge_tall_0 91/95 | Building OptiX acceleration structure
00:09.089  render           | Fra: 1 | Mem: 273M | Updating Geometry BVH Ridge_tall_1 92/95 | Building BVH
00:09.089  render           | Fra: 1 | Mem: 273M | Updating Geometry BVH Ridge_tall_1 92/95 | Building OptiX acceleration structure
00:09.111  render           | Fra: 1 | Mem: 280M | Updating Scene BVH | Building
00:09.111  render           | Fra: 1 | Mem: 280M | Updating Scene BVH | Building OptiX acceleration structure
00:09.122  render           | Fra: 1 | Mem: 302M | Updating Scene BVH | Copying BVH to device
00:09.122  render           | Fra: 1 | Mem: 302M | Updating Mesh | Computing attributes
00:09.220  render           | Fra: 1 | Mem: 302M | Updating Mesh | Copying Attributes to device
00:09.249  render           | Fra: 1 | Mem: 663M | Updating Mesh | Computing normals
00:09.268  render           | Fra: 1 | Mem: 663M | Updating Mesh | Copying Mesh to device
00:09.273  render           | Fra: 1 | Mem: 735M | Updating Objects Flags
00:09.276  render           | Fra: 1 | Mem: 735M | Updating Primitive Offsets
00:09.277  render           | Fra: 1 | Mem: 735M | Updating Images
00:09.277  render           | Fra: 1 | Mem: 735M | Updating Images | Loading fir_sapling_medium_twigs_rough_2k.png
00:09.277  render           | Fra: 1 | Mem: 735M | Updating Images | Loading fir_sapling_medium_branches_disp_2k.png
00:09.277  render           | Fra: 1 | Mem: 735M | Updating Images | Loading kloofendal_overcast_puresky_4k.hdr
00:09.277  render           | Fra: 1 | Mem: 735M | Updating Images | Loading moss_01_nor_gl_2k.exr
00:09.277  render           | Fra: 1 | Mem: 735M | Updating Images | Loading flower_heliophila_nor_gl_2k.exr
00:09.277  render           | Fra: 1 | Mem: 735M | Updating Images | Loading fir_sapling_medium_branches_rough_2k.png
00:09.277  render           | Fra: 1 | Mem: 735M | Updating Images | Loading fir_sapling_medium_branches_diff_2k.png
00:09.277  render           | Fra: 1 | Mem: 735M | Updating Images | Loading rock_moss_set_01_rough_2k.jpg
00:09.277  render           | Fra: 1 | Mem: 735M | Updating Images | Loading grass_medium_01_alpha_2k.png
00:09.277  render           | Fra: 1 | Mem: 735M | Updating Images | Loading rock_moss_set_01_diff_2k.jpg
00:09.277  render           | Fra: 1 | Mem: 735M | Updating Images | Loading moss_01_alpha_2k.png
00:09.277  render           | Fra: 1 | Mem: 735M | Updating Images | Loading moss_01_rough_2k.exr
00:09.277  render           | Fra: 1 | Mem: 735M | Updating Images | Loading flower_heliophila_diff_2k.jpg
00:09.277  render           | Fra: 1 | Mem: 735M | Updating Images | Loading flower_heliophila_translucency_2k.png
00:09.554  render           | Fra: 1 | Mem: 1343M | Updating Volume
00:09.555  render           | Fra: 1 | Mem: 1343M | Updating Camera Volume
00:09.555  render           | Fra: 1 | Mem: 1343M | Updating Lookup Tables
00:09.555  render           | Fra: 1 | Mem: 1343M | Updating Lights
00:09.559  render           | Fra: 1 | Mem: 1343M | Updating Lights | Importance map
00:09.697  render           | Fra: 1 | Mem: 1407M | Updating Lights | Computing tree
00:09.700  render           | Fra: 1 | Mem: 1409M | Updating Integrator
00:09.700  render           | Fra: 1 | Mem: 1409M | Updating Film
00:09.700  render           | Fra: 1 | Mem: 1409M | Updating Lookup Tables
00:09.700  render           | Fra: 1 | Mem: 1409M | Updating Baking
00:09.701  render           | Fra: 1 | Mem: 1409M | Updating Device | Writing constant memory
00:09.701  render           | Fra: 1 | Mem: 1409M | Loading denoising kernels (may take a few minutes the first time)
00:09.704  render           | Fra: 1 | Mem: 1886M | Rendered 0/4 Tiles, Sample 0/128
00:09.761  render           | Fra: 1 | Remaining: 00:14.33 | Mem: 2192M | Rendered 0/4 Tiles, Sample 1/128
00:12.966  render           | Fra: 1 | Remaining: 00:07.06 | Mem: 2192M | Rendered 0/4 Tiles, Sample 80/128
00:13.311  render           | Fra: 1 | Remaining: 00:05.90 | Mem: 2192M | Rendered 0/4 Tiles, Sample 96/128
00:13.643  render           | Fra: 1 | Remaining: 00:04.96 | Mem: 2192M | Rendered 0/4 Tiles, Sample 112/128
00:14.300  render           | Fra: 1 | Remaining: 00:04.49 | Mem: 2192M | Rendered 0/4 Tiles, Sample 128/128
00:14.300  render           | Fra: 1 | Remaining: 00:04.49 | Mem: 2192M | Rendered 1/4 Tiles, Sample 128/128
00:14.318  render           | Fra: 1 | Remaining: 00:04.50 | Mem: 1904M | Rendered 1/4 Tiles, Sample 1/128
00:14.574  render           | Fra: 1 | Remaining: 00:04.44 | Mem: 1904M | Rendered 1/4 Tiles, Sample 80/128
00:14.616  render           | Fra: 1 | Remaining: 00:04.41 | Mem: 1904M | Rendered 1/4 Tiles, Sample 96/128
00:14.657  render           | Fra: 1 | Remaining: 00:04.39 | Mem: 1904M | Rendered 1/4 Tiles, Sample 112/128
00:14.769  render           | Fra: 1 | Remaining: 00:04.43 | Mem: 1904M | Rendered 1/4 Tiles, Sample 128/128
00:14.769  render           | Fra: 1 | Remaining: 00:04.43 | Mem: 1904M | Rendered 2/4 Tiles, Sample 128/128
00:14.779  render           | Fra: 1 | Remaining: 00:04.37 | Mem: 2153M | Rendered 2/4 Tiles, Sample 1/128
00:15.145  render           | Fra: 1 | Remaining: 00:01.27 | Mem: 2153M | Rendered 2/4 Tiles, Sample 80/128
00:15.155  render           | Fra: 1 | Remaining: 00:00.84 | Mem: 2153M | Rendered 2/4 Tiles, Sample 96/128
00:15.165  render           | Fra: 1 | Remaining: 00:00.47 | Mem: 2153M | Rendered 2/4 Tiles, Sample 112/128
00:15.427  render           | Fra: 1 | Remaining: 00:00.14 | Mem: 2153M | Rendered 2/4 Tiles, Sample 128/128
00:15.427  render           | Fra: 1 | Remaining: 00:00.14 | Mem: 2153M | Rendered 3/4 Tiles, Sample 128/128
00:15.436  render           | Fra: 1 | Remaining: 00:00.14 | Mem: 1901M | Rendered 3/4 Tiles, Sample 1/128
00:15.455  render           | Fra: 1 | Remaining: 00:00.05 | Mem: 1901M | Rendered 3/4 Tiles, Sample 80/128
00:15.495  render           | Fra: 1 | Remaining: 00:00.05 | Mem: 1901M | Rendered 3/4 Tiles, Sample 0/128
00:15.495  render           | Fra: 1 | Remaining: 00:00.05 | Mem: 1901M | Finished
Render statistics:
Mesh statistics:
  Geometry:
    Total memory: 75.82M (79,504,724)
        Island                           41.01M (42,997,861)
        NurbsPath.007                    11.11M (11,645,883)
        NurbsPath.005                    6.82M (7,154,075)
        Ridge_tall_0                     1.12M (1,175,125)
        Ridge_tall_1                     1.12M (1,175,125)
        Ridge_tall_2                     1.12M (1,175,125)
        Ridge_tall_3                     1.12M (1,175,125)
        Ridge_tall_4                     1.12M (1,175,125)
        Plane.5143                       539.82K (552,772)
        Plane.2197                       292.15K (299,166)
        modelShape.007                   274.81K (281,401)
        modelShape.003                   274.81K (281,401)
        modelShape.001                   274.81K (281,401)
        modelShape.002                   274.81K (281,401)
        modelShape.004                   274.81K (281,401)
        modelShape.005                   274.81K (281,401)
        modelShape.006                   274.81K (281,401)
        modelShape.018                   274.81K (281,401)
        modelShape.008                   274.81K (281,401)
        modelShape.009                   274.81K (281,401)
        modelShape.010                   274.81K (281,401)
        modelShape.011                   274.81K (281,401)
        modelShape.012                   274.81K (281,401)
        modelShape.013                   274.81K (281,401)
        modelShape.014                   274.81K (281,401)
        modelShape.015                   274.81K (281,401)
        modelShape.017                   274.81K (281,401)
        modelShape.016                   274.81K (281,401)
        medium.005                       175.88K (180,098)
        medium.012                       175.88K (180,098)
        medium.011                       175.88K (180,098)
        medium.010                       175.88K (180,098)
        medium.016                       175.88K (180,098)
        medium.009                       175.88K (180,098)
        medium.008                       175.88K (180,098)
        medium.017                       175.88K (180,098)
        medium.007                       175.88K (180,098)
        medium.006                       175.88K (180,098)
        medium.004                       175.88K (180,098)
        medium.013                       175.88K (180,098)
        medium.003                       175.88K (180,098)
        medium.002                       175.88K (180,098)
        medium.015                       175.88K (180,098)
        medium.014                       175.88K (180,098)
        medium.001                       175.88K (180,098)
        mesh1-geometry.015               149.40K (152,983)
        mesh1-geometry.014               149.40K (152,983)
        mesh1-geometry.012               149.40K (152,983)
        mesh1-geometry.016               149.40K (152,983)
        mesh1-geometry.017               149.40K (152,983)
        mesh1-geometry.011               149.40K (152,983)
        mesh1-geometry.010               149.40K (152,983)
        mesh1-geometry.003               149.40K (152,983)
        mesh1-geometry.013               149.40K (152,983)
        mesh1-geometry.009               149.40K (152,983)
        mesh1-geometry.018               149.40K (152,983)
        mesh1-geometry.008               149.40K (152,983)
        mesh1-geometry.001               149.40K (152,983)
        mesh1-geometry.007               149.40K (152,983)
        mesh1-geometry.006               149.40K (152,983)
        mesh1-geometry.005               149.40K (152,983)
        mesh1-geometry.002               149.40K (152,983)
        mesh1-geometry.004               149.40K (152,983)
        Plane.048                        24.42K (25,007)
        Plane.039                        20.95K (21,454)
        Plane.037                        13.91K (14,246)
        Plane.047                        10.92K (11,186)
        Plane.045                        5.73K (5,865)
      00:15.579  render           | Fra: 1 | Remaining: 00:00.05 | Mem: 1351M | Reading full buffer from disk
  Plane.042                        5.23K (5,355)
        Plane.043                        4.90K (5,015)
        Plane.055                        1.39K (1,428)
        Plane.058                        1.11K (1,139)
        Plane.059                        1.08K (1,105)
        Plane.054                        765B (765)
        Plane.057                        629B (629)
        Plane.056                        561B (561)
        Plane.040                        493B (493)
        Plane.035                        493B (493)
        Plane.009                        493B (493)
        Plane.003                        493B (493)
        Plane.005                        425B (425)
        Plane.006                        425B (425)
        Plane.008                        357B (357)
        Plane.007                        357B (357)
        Plane.004                        357B (357)
        Plane.032                        221B (221)
        Plane.011                        187B (187)
        Plane.010                        187B (187)
        TopMoss                          85B (85)
        Flowers                          85B (85)
        LipMoss                          85B (85)
        TopGrassTall                     85B (85)
        TopGrass                         85B (85)
        backgroundlight                  50B (50)
        Sun                              46B (46)
Image statistics:
  Full Images:
    kloofendal_overcast_puresky_4k.hdr 128.00M (134,217,728)
    fir_sapling_medium_branches_diff_2k.png 32.00M (33,554,432)
    fir_sapling_medium_twigs_diff_2k.png 32.00M (33,554,432)
    fir_sapling_medium_twigs_alpha_2k.png 32.00M (33,554,432)
    fir_sapling_medium_branches_nor_gl_2k.png 32.00M (33,554,432)
    fir_sapling_medium_twigs_nor_gl_2k.png 32.00M (33,554,432)
    rock_moss_set_01_nor_gl_2k.exr   32.00M (33,554,432)
    flower_heliophila_nor_gl_2k.exr  32.00M (33,554,432)
    grass_medium_01_nor_gl_2k.exr    32.00M (33,554,432)
    moss_01_nor_gl_2k.exr            32.00M (33,554,432)
    fir_sapling_medium_twigs_mask_2k.png 32.00M (33,554,432)
    flower_heliophila_diff_2k.jpg    16.00M (16,777,216)
    lichen_rock_Diffuse_2k.jpg       16.00M (16,777,216)
    aerial_rocks_02_Diffuse_2k.jpg   16.00M (16,777,216)
    cliff_side_Diffuse_2k.jpg        16.00M (16,777,216)
    rock_moss_set_01_diff_2k.jpg     16.00M (16,777,216)
    rock_moss_set_01_rough_2k.jpg    16.00M (16,777,216)
    cliff_side_nor_gl_2k.jpg         16.00M (16,777,216)
    lichen_rock_nor_gl_2k.jpg        16.00M (16,777,216)
    forest_ground_04_Diffuse_2k.jpg  16.00M (16,777,216)
    moss_01_diff_2k.jpg              16.00M (16,777,216)
    grass_medium_01_diff_2k.jpg      16.00M (16,777,216)
    lichen_rock_Displacement_2k.jpg  16.00M (16,777,216)
    forest_ground_04_nor_gl_2k.jpg   16.00M (16,777,216)
    fir_sapling_medium_branches_disp_2k.png 8.00M (8,388,608)
    grass_medium_01_alpha_2k.png     8.00M (8,388,608)
    flower_heliophila_alpha_2k.png   8.00M (8,388,608)
    fir_sapling_medium_branches_rough_2k.png 8.00M (8,388,608)
    moss_01_alpha_2k.png             8.00M (8,388,608)
    grass_medium_01_rough_2k.exr     8.00M (8,388,608)
    flower_heliophila_rough_2k.exr   8.00M (8,388,608)
    moss_01_rough_2k.exr             8.00M (8,388,608)
    flower_heliophila_translucency_2k.png 8.00M (8,388,608)
    fir_sapling_medium_twigs_rough_2k.png 8.00M (8,388,608)
    cliff_side_Displacement_2k.jpg   4.00M (4,194,304)
  Full image memory: 740.00M (775,946,240)
  Overhead image memory: 3.83K (3,920)
  Total image memory: 740.00M (775,950,160)
Profiling information not available (only works with CPU rendering)
00:15.939  render           | Fra: 1 | Remaining: 00:00.05 | Mem: 1351M | ViewLayer | Denoising
00:29.392  render           | Fra: 1 | Remaining: 00:00.18 | Mem: 1952M | ViewLayer | Finishing
00:30.267  render           | Saved: '/home/akamel/hero3d/out/still-223/p11/tall-s0-f0.png'
00:30.271  render           | Time: 00:26.18 (Saving: 00:00.42)
still: wrote /home/akamel/hero3d/out/still-223/p11/tall-s0-f0.png 2160x3840
00:30.299  render           | Rendering frame 1
00:30.308  render           | Start rendering: Scene, ViewLayer
00:30.308  render           | Engine: Cycles
00:33.846  render           | Fra: 1 | Mem: 1M | Synchronizing object | Island
00:33.850  render           | Fra: 1 | Mem: 1M | Synchronizing object | moss_01_d_LOD0
00:33.850  render           | Fra: 1 | Mem: 1M | Synchronizing object | moss_01_h_LOD0
00:33.850  render           | Fra: 1 | Mem: 1M | Synchronizing object | moss_01_i_LOD0
00:33.850  render           | Fra: 1 | Mem: 1M | Synchronizing object | TopMoss
00:33.850  render           | Fra: 1 | Mem: 1M | Synchronizing object | moss_01_e_LOD0
00:33.850  render           | Fra: 1 | Mem: 1M | Synchronizing object | moss_01_tall_a_LOD0
00:33.850  render           | Fra: 1 | Mem: 1M | Synchronizing object | moss_01_a_LOD0
00:33.850  render           | Fra: 1 | Mem: 1M | Synchronizing object | moss_01_f_LOD0
00:33.850  render           | Fra: 1 | Mem: 1M | Synchronizing object | moss_01_tall_b_LOD0
00:33.850  render           | Fra: 1 | Mem: 1M | Synchronizing object | moss_01_b_LOD0
00:33.850  render           | Fra: 1 | Mem: 1M | Synchronizing object | moss_01_g_LOD0
00:33.850  render           | Fra: 1 | Mem: 1M | Synchronizing object | moss_01_c_LOD0
00:33.850  render           | Fra: 1 | Mem: 1M | Synchronizing object | moss_01_j_LOD0
00:33.940  render           | Fra: 1 | Mem: 1M | Synchronizing object | grass_medium_01_tiny_e_LOD0
00:33.940  render           | Fra: 1 | Mem: 1M | Synchronizing object | grass_medium_01_tiny_f_LOD0
00:33.940  render           | Fra: 1 | Mem: 1M | Synchronizing object | TopGrass
00:33.940  render           | Fra: 1 | Mem: 1M | Synchronizing object | grass_medium_01_small_a_LOD0
00:33.940  render           | Fra: 1 | Mem: 1M | Synchronizing object | grass_medium_01_mid_c_LOD0
00:33.940  render           | Fra: 1 | Mem: 1M | Synchronizing object | grass_medium_01_mid_b_LOD0
00:33.940  render           | Fra: 1 | Mem: 1M | Synchronizing object | grass_medium_01_tiny_d_LOD0
00:33.940  render           | Fra: 1 | Mem: 1M | Synchronizing object | grass_medium_01_tiny_a_LOD0
00:33.940  render           | Fra: 1 | Mem: 1M | Synchronizing object | grass_medium_01_small_b_LOD0
00:33.941  render           | Fra: 1 | Mem: 1M | Synchronizing object | grass_medium_01_tiny_c_LOD0
00:33.941  render           | Fra: 1 | Mem: 1M | Synchronizing object | grass_medium_01_tiny_b_LOD0
00:33.942  render           | Fra: 1 | Mem: 1M | Synchronizing object | grass_medium_01_tall_a_LOD0
00:33.942  render           | Fra: 1 | Mem: 1M | Synchronizing object | TopGrassTall
00:33.942  render           | Fra: 1 | Mem: 1M | Synchronizing object | grass_medium_01_tall_b_LOD0
00:33.943  render           | Fra: 1 | Mem: 1M | Synchronizing object | grass_medium_01_tall_c_LOD0
00:33.949  render           | Fra: 1 | Mem: 1M | Synchronizing object | LipMoss
00:34.080  render           | Fra: 1 | Mem: 1M | Synchronizing object | flower_heliophila_medium_LOD0
00:34.080  render           | Fra: 1 | Mem: 1M | Synchronizing object | Flowers
00:34.080  render           | Fra: 1 | Mem: 1M | Synchronizing object | flower_heliophila_small_LOD0
00:34.081  render           | Fra: 1 | Mem: 1M | Synchronizing object | rock_moss_set_01_rock06.001
00:34.081  render           | Fra: 1 | Mem: 1M | Synchronizing object | rock_moss_set_01_rock05.001
00:34.081  render           | Fra: 1 | Mem: 1M | Synchronizing object | rock_moss_set_01_rock04.001
00:34.081  render           | Fra: 1 | Mem: 1M | Synchronizing object | rock_moss_set_01_rock06.003
00:34.081  render           | Fra: 1 | Mem: 1M | Synchronizing object | rock_moss_set_01_rock05.003
00:34.081  render           | Fra: 1 | Mem: 1M | Synchronizing object | rock_moss_set_01_rock04.002
00:34.081  render           | Fra: 1 | Mem: 1M | Synchronizing object | rock_moss_set_01_rock06.004
00:34.081  render           | Fra: 1 | Mem: 1M | Synchronizing object | rock_moss_set_01_rock05.004
00:34.081  render           | Fra: 1 | Mem: 1M | Synchronizing object | rock_moss_set_01_rock05.006
00:34.081  render           | Fra: 1 | Mem: 1M | Synchronizing object | rock_moss_set_01_rock06.007
00:34.081  render           | Fra: 1 | Mem: 1M | Synchronizing object | rock_moss_set_01_rock04.006
00:34.081  render           | Fra: 1 | Mem: 1M | Synchronizing object | rock_moss_set_01_rock05.008
00:34.081  render           | Fra: 1 | Mem: 1M | Synchronizing object | rock_moss_set_01_rock04.007
00:34.081  render           | Fra: 1 | Mem: 1M | Synchronizing object | rock_moss_set_01_rock06.009
00:34.081  render           | Fra: 1 | Mem: 1M | Synchronizing object | rock_moss_set_01_rock06.010
00:34.081  render           | Fra: 1 | Mem: 1M | Synchronizing object | rock_moss_set_01_rock05.010
00:34.081  render           | Fra: 1 | Mem: 1M | Synchronizing object | rock_moss_set_01_rock04.009
00:34.081  render           | Fra: 1 | Mem: 1M | Synchronizing object | rock_moss_set_01_rock06.011
00:34.081  render           | Fra: 1 | Mem: 1M | Synchronizing object | rock_moss_set_01_rock04.010
00:34.081  render           | Fra: 1 | Mem: 1M | Synchronizing object | Ridge_wide_4
00:34.081  render           | Fra: 1 | Mem: 1M | Synchronizing object | rock_moss_set_01_rock06.012
00:34.081  render           | Fra: 1 | Mem: 1M | Synchronizing object | rock_moss_set_01_rock05.012
00:34.081  render           | Fra: 1 | Mem: 1M | Synchronizing object | rock_moss_set_01_rock04.011
00:34.081  render           | Fra: 1 | Mem: 1M | Synchronizing object | rock_moss_set_01_rock06.013
00:34.081  render           | Fra: 1 | Mem: 1M | Synchronizing object | rock_moss_set_01_rock05.013
00:34.081  render           | Fra: 1 | Mem: 1M | Synchronizing object | rock_moss_set_01_rock04.012
00:34.081  render           | Fra: 1 | Mem: 1M | Synchronizing object | rock_moss_set_01_rock06.014
00:34.081  render           | Fra: 1 | Mem: 1M | Synchronizing object | rock_moss_set_01_rock05.014
00:34.081  render           | Fra: 1 | Mem: 1M | Synchronizing object | rock_moss_set_01_rock04.013
00:34.081  render           | Fra: 1 | Mem: 1M | Synchronizing object | rock_moss_set_01_rock06.015
00:34.081  render           | Fra: 1 | Mem: 1M | Synchronizing object | rock_moss_set_01_rock04.014
00:34.081  render           | Fra: 1 | Mem: 1M | Synchronizing object | rock_moss_set_01_rock06.016
00:34.081  render           | Fra: 1 | Mem: 1M | Synchronizing object | rock_moss_set_01_rock05.016
00:34.081  render           | Fra: 1 | Mem: 1M | Synchronizing object | rock_moss_set_01_rock04.015
00:34.081  render           | Fra: 1 | Mem: 1M | Synchronizing object | rock_moss_set_01_rock06.017
00:34.081  render           | Fra: 1 | Mem: 1M | Synchronizing object | rock_moss_set_01_rock05.017
00:34.081  render           | Fra: 1 | Mem: 1M | Synchronizing object | rock_moss_set_01_rock04.016
00:34.081  render           | Fra: 1 | Mem: 1M | Synchronizing object | rock_moss_set_01_rock06.018
00:34.081  render           | Fra: 1 | Mem: 1M | Synchronizing object | rock_moss_set_01_rock04.017
00:34.081  render           | Fra: 1 | Mem: 1M | Synchronizing object | rock_moss_set_01_rock06.019
00:34.081  render           | Fra: 1 | Mem: 1M | Synchronizing object | rock_moss_set_01_rock05.019
00:34.081  render           | Fra: 1 | Mem: 1M | Synchronizing object | fir_sapling_medium_b_LOD0.001
00:34.082  render           | Fra: 1 | Mem: 1M | Synchronizing object | Sun
00:34.082  render           | Fra: 1 | Mem: 1M | Synchronizing object | Ridge_wide_0
00:34.082  render           | Fra: 1 | Mem: 1M | Synchronizing object | Ridge_wide_1
00:34.082  render           | Fra: 1 | Mem: 1M | Synchronizing object | Ridge_wide_3
00:34.099  render           | Fra: 1 | Mem: 1M | Initializing
00:34.159  render           | Fra: 1 | Mem: 1M | Waiting for render to start
00:34.159  render           | Fra: 1 | Mem: 1M | Updating Scene
00:34.159  render           | Fra: 1 | Mem: 1M | Updating Shaders
00:34.163  render           | Fra: 1 | Mem: 1M | Loading render kernels (may take a few minutes the first time)
00:34.212  render           | Fra: 1 | Mem: 1M | Updating Procedurals
Update statistics:
Scene:
    Total time: 0.050173s
        device_update                            0.050173s
Geometry:
    Total time: 0.000000s
Light:
    Total time: 0.000000s
Object:
    Total time: 0.000000s
Image:
    Total time: 0.000000s
Background:
    Total time: 0.000000s
Bake:
    Total time: 0.000000s
Camera:
    Total time: 0.000000s
Film:
    Total time: 0.000000s
Integrator:
    Total time: 0.000000s
OSL:
    Total time: 0.000000s
Particles:
    Total time: 0.000000s
SVM:
    Total time: 0.000000s
Tables:
    Total time: 0.000000s
Procedurals:
    Total time: 0.000000s

00:34.212  render           | Fra: 1 | Mem: 1M | Updating Background
00:34.212  render           | Fra: 1 | Mem: 1M | Updating Scene Attribute
00:34.212  render           | Fra: 1 | Mem: 1M | Updating Camera
00:34.212  render           | Fra: 1 | Mem: 1M | Updating Meshes Flags
00:34.212  render           | Fra: 1 | Mem: 1M | Updating Objects
00:34.213  render           | Fra: 1 | Mem: 1M | Updating Objects | Copying Transformations to device
00:34.219  render           | Fra: 1 | Mem: 37M | Updating Particle Systems
00:34.219  render           | Fra: 1 | Mem: 37M | Updating Particle Systems | Copying Particles to device
00:34.219  render           | Fra: 1 | Mem: 37M | Updating Meshes
00:34.334  render           | Fra: 1 | Mem: 37M | Updating Displacement Images
00:34.334  render           | Fra: 1 | Mem: 37M | Updating Images | Loading cliff_side_Displacement_2k.jpg
00:34.334  render           | Fra: 1 | Mem: 37M | Updating Images | Loading lichen_rock_Diffuse_2k.jpg
00:34.334  render           | Fra: 1 | Mem: 37M | Updating Images | Loading aerial_rocks_02_Diffuse_2k.jpg
00:34.334  render           | Fra: 1 | Mem: 37M | Updating Images | Loading lichen_rock_nor_gl_2k.jpg
00:34.334  render           | Fra: 1 | Mem: 37M | Updating Images | Loading forest_ground_04_Diffuse_2k.jpg
00:34.334  render           | Fra: 1 | Mem: 37M | Updating Images | Loading forest_ground_04_nor_gl_2k.jpg
00:34.334  render           | Fra: 1 | Mem: 37M | Updating Images | Loading cliff_side_nor_gl_2k.jpg
00:34.402  render           | Fra: 1 | Mem: 170M | Updating Mesh | Computing normals
00:34.422  render           | Fra: 1 | Mem: 170M | Updating Mesh | Copying Mesh to device
00:34.427  render           | Fra: 1 | Mem: 241M | Updating Objects | Applying Static Transformations
00:34.436  render           | Fra: 1 | Mem: 241M | Updating Mesh | Computing attributes
00:34.495  render           | Fra: 1 | Mem: 241M | Updating Mesh | Copying Attributes to device
00:34.518  render           | Fra: 1 | Mem: 433M | Updating Mesh | Computing Displacement Island
00:34.877  render           | Fra: 1 | Mem: 433M | Updating Mesh | Computing Displacement mesh1-geometry.001
00:34.882  render           | Fra: 1 | Mem: 433M | Updating Mesh | Computing Displacement modelShape.001
00:34.886  render           | Fra: 1 | Mem: 433M | Updating Mesh | Computing Displacement medium.002
00:34.890  render           | Fra: 1 | Mem: 433M | Updating Mesh | Computing Displacement mesh1-geometry.002
00:34.894  render           | Fra: 1 | Mem: 433M | Updating Mesh | Computing Displacement modelShape.002
00:34.898  render           | Fra: 1 | Mem: 433M | Updating Mesh | Computing Displacement medium.003
00:34.901  render           | Fra: 1 | Mem: 433M | Updating Mesh | Computing Displacement mesh1-geometry.004
00:34.906  render           | Fra: 1 | Mem: 433M | Updating Mesh | Computing Displacement modelShape.004
00:34.909  render           | Fra: 1 | Mem: 433M | Updating Mesh | Computing Displacement medium.004
00:34.913  render           | Fra: 1 | Mem: 433M | Updating Mesh | Computing Displacement mesh1-geometry.005
00:34.917  render           | Fra: 1 | Mem: 433M | Updating Mesh | Computing Displacement modelShape.005
00:34.921  render           | Fra: 1 | Mem: 433M | Updating Mesh | Computing Displacement medium.005
00:34.924  render           | Fra: 1 | Mem: 433M | Updating Mesh | Computing Displacement mesh1-geometry.006
00:34.928  render           | Fra: 1 | Mem: 433M | Updating Mesh | Computing Displacement modelShape.006
00:34.932  render           | Fra: 1 | Mem: 433M | Updating Mesh | Computing Displacement medium.006
00:34.936  render           | Fra: 1 | Mem: 433M | Updating Mesh | Computing Displacement mesh1-geometry.007
00:34.940  render           | Fra: 1 | Mem: 433M | Updating Mesh | Computing Displacement modelShape.007
00:34.944  render           | Fra: 1 | Mem: 433M | Updating Mesh | Computing Displacement medium.007
00:34.947  render           | Fra: 1 | Mem: 433M | Updating Mesh | Computing Displacement mesh1-geometry.008
00:34.951  render           | Fra: 1 | Mem: 433M | Updating Mesh | Computing Displacement modelShape.008
00:34.955  render           | Fra: 1 | Mem: 433M | Updating Mesh | Computing Displacement medium.008
00:34.958  render           | Fra: 1 | Mem: 433M | Updating Mesh | Computing Displacement mesh1-geometry.009
00:34.963  render           | Fra: 1 | Mem: 433M | Updating Mesh | Computing Displacement modelShape.009
00:34.966  render           | Fra: 1 | Mem: 433M | Updating Mesh | Computing Displacement medium.009
00:34.970  render           | Fra: 1 | Mem: 433M | Updating Mesh | Computing Displacement mesh1-geometry.010
00:34.974  render           | Fra: 1 | Mem: 433M | Updating Mesh | Computing Displacement modelShape.010
00:34.978  render           | Fra: 1 | Mem: 433M | Updating Mesh | Computing Displacement medium.010
00:34.981  render           | Fra: 1 | Mem: 433M | Updating Mesh | Computing Displacement mesh1-geometry.011
00:34.985  render           | Fra: 1 | Mem: 433M | Updating Mesh | Computing Displacement modelShape.011
00:34.989  render           | Fra: 1 | Mem: 433M | Updating Mesh | Computing Displacement medium.011
00:34.993  render           | Fra: 1 | Mem: 433M | Updating Mesh | Computing Displacement mesh1-geometry.012
00:34.997  render           | Fra: 1 | Mem: 433M | Updating Mesh | Computing Displacement modelShape.012
00:35.001  render           | Fra: 1 | Mem: 433M | Updating Mesh | Computing Displacement medium.012
00:35.004  render           | Fra: 1 | Mem: 433M | Updating Mesh | Computing Displacement mesh1-geometry.013
00:35.008  render           | Fra: 1 | Mem: 433M | Updating Mesh | Computing Displacement modelShape.013
00:35.012  render           | Fra: 1 | Mem: 433M | Updating Mesh | Computing Displacement medium.013
00:35.015  render           | Fra: 1 | Mem: 433M | Updating Mesh | Computing Displacement mesh1-geometry.014
00:35.020  render           | Fra: 1 | Mem: 433M | Updating Mesh | Computing Displacement modelShape.014
00:35.023  render           | Fra: 1 | Mem: 433M | Updating Mesh | Computing Displacement medium.014
00:35.027  render           | Fra: 1 | Mem: 433M | Updating Mesh | Computing Displacement mesh1-geometry.015
00:35.031  render           | Fra: 1 | Mem: 433M | Updating Mesh | Computing Displacement modelShape.015
00:35.035  render           | Fra: 1 | Mem: 433M | Updating Mesh | Computing Displacement medium.015
00:35.038  render           | Fra: 1 | Mem: 433M | Updating Mesh | Computing Displacement mesh1-geometry.016
00:35.043  render           | Fra: 1 | Mem: 433M | Updating Mesh | Computing Displacement modelShape.016
00:35.046  render           | Fra: 1 | Mem: 433M | Updating Mesh | Computing Displacement medium.016
00:35.050  render           | Fra: 1 | Mem: 433M | Updating Mesh | Computing Displacement mesh1-geometry.017
00:35.054  render           | Fra: 1 | Mem: 433M | Updating Mesh | Computing Displacement modelShape.017
00:35.058  render           | Fra: 1 | Mem: 433M | Updating Mesh | Computing Displacement medium.017
00:35.062  render           | Fra: 1 | Mem: 433M | Updating Mesh | Computing Displacement mesh1-geometry.018
00:35.066  render           | Fra: 1 | Mem: 433M | Updating Mesh | Computing Displacement modelShape.018
00:35.081  render           | Fra: 1 | Mem: 170M | Updating Geometry BVH backgroundlight 96/95 | Building BVH
00:35.081  render           | Fra: 1 | Mem: 170M | Updating Geometry BVH TopMoss 3/95 | Building OptiX acceleration structure
00:35.081  render           | Fra: 1 | Mem: 170M | Updating Geometry BVH Plane.004 4/95 | Building BVH
00:35.081  render           | Fra: 1 | Mem: 170M | Updating Geometry BVH Plane.004 4/95 | Building OptiX acceleration structure
00:35.081  render           | Fra: 1 | Mem: 170M | Updating Geometry BVH Ridge_wide_4 95/95 | Building BVH
00:35.081  render           | Fra: 1 | Mem: 170M | Updating Geometry BVH Ridge_wide_4 95/95 | Building OptiX acceleration structure
00:35.081  render           | Fra: 1 | Mem: 170M | Updating Geometry BVH Plane.010 5/95 | Building BVH
00:35.081  render           | Fra: 1 | Mem: 170M | Updating Geometry BVH Plane.011 6/95 | Building OptiX acceleration structure
00:35.081  render           | Fra: 1 | Mem: 170M | Updating Geometry BVH Plane.005 7/95 | Building BVH
00:35.081  render           | Fra: 1 | Mem: 170M | Updating Geometry BVH Plane.006 10/95 | Building BVH
00:35.081  render           | Fra: 1 | Mem: 170M | Updating Geometry BVH Plane.008 13/95 | Building BVH
00:35.081  render           | Fra: 1 | Mem: 170M | Updating Geometry BVH Plane.058 17/95 | Building BVH
00:35.081  render           | Fra: 1 | Mem: 170M | Updating Geometry BVH Plane.037 19/95 | Building BVH
00:35.081  render           | Fra: 1 | Mem: 170M | Updating Geometry BVH Plane.037 19/95 | Building OptiX acceleration structure
00:35.081  render           | Fra: 1 | Mem: 170M | Updating Geometry BVH Plane.048 20/95 | Building BVH
00:35.081  render           | Fra: 1 | Mem: 170M | Updating Geometry BVH Plane.048 20/95 | Building OptiX acceleration structure
00:35.081  render           | Fra: 1 | Mem: 170M | Updating Geometry BVH Plane.039 21/95 | Building BVH
00:35.081  render           | Fra: 1 | Mem: 170M | Updating Geometry BVH Plane.057 22/95 | Building OptiX acceleration structure
00:35.081  render           | Fra: 1 | Mem: 170M | Updating Geometry BVH Plane.055 23/95 | Building BVH
00:35.081  render           | Fra: 1 | Mem: 170M | Updating Geometry BVH Plane.055 23/95 | Building OptiX acceleration structure
00:35.081  render           | Fra: 1 | Mem: 171M | Updating Geometry BVH Plane.054 25/95 | Building BVH
00:35.081  render           | Fra: 1 | Mem: 171M | Updating Geometry BVH Plane.047 24/95 | Building OptiX acceleration structure
00:35.081  render           | Fra: 1 | Mem: 171M | Updating Geometry BVH Plane.056 26/95 | Building BVH
00:35.081  render           | Fra: 1 | Mem: 171M | Updating Geometry BVH Plane.056 26/95 | Building OptiX acceleration structure
00:35.081  render           | Fra: 1 | Mem: 171M | Updating Geometry BVH TopGrassTall 27/95 | Building BVH
00:35.081  render           | Fra: 1 | Mem: 171M | Updating Geometry BVH Plane.043 28/95 | Building OptiX acceleration structure
00:35.081  render           | Fra: 1 | Mem: 171M | Updating Geometry BVH Plane.042 29/95 | Building BVH
00:35.081  render           | Fra: 1 | Mem: 171M | Updating Geometry BVH Plane.042 29/95 | Building OptiX acceleration structure
00:35.081  render           | Fra: 1 | Mem: 171M | Updating Geometry BVH Plane.045 30/95 | Building BVH
00:35.081  render           | Fra: 1 | Mem: 171M | Updating Geometry BVH Plane.045 30/95 | Building OptiX acceleration structure
00:35.081  render           | Fra: 1 | Mem: 171M | Updating Geometry BVH LipMoss 31/95 | Building BVH
00:35.081  render           | Fra: 1 | Mem: 171M | Updating Geometry BVH LipMoss 31/95 | Building OptiX acceleration structure
00:35.081  render           | Fra: 1 | Mem: 171M | Updating Geometry BVH Flowers 32/95 | Building BVH
00:35.081  render           | Fra: 1 | Mem: 171M | Updating Geometry BVH Flowers 32/95 | Building OptiX acceleration structure
00:35.081  render           | Fra: 1 | Mem: 171M | Updating Geometry BVH Plane.5143 33/95 | Building BVH
00:35.081  render           | Fra: 1 | Mem: 171M | Updating Geometry BVH Plane.5143 33/95 | Building OptiX acceleration structure
00:35.082  render           | Fra: 1 | Mem: 171M | Updating Geometry BVH Plane.2197 34/95 | Building BVH
00:35.082  render           | Fra: 1 | Mem: 171M | Updating Geometry BVH Plane.2197 34/95 | Building OptiX acceleration structure
00:35.083  render           | Fra: 1 | Mem: 172M | Updating Geometry BVH Island 2/95 | Building BVH
00:35.083  render           | Fra: 1 | Mem: 172M | Updating Geometry BVH Island 2/95 | Building OptiX acceleration structure
00:35.083  render           | Fra: 1 | Mem: 172M | Updating Geometry BVH mesh1-geometry.003 35/95 | Building BVH
00:35.083  render           | Fra: 1 | Mem: 172M | Updating Geometry BVH mesh1-geometry.003 35/95 | Building OptiX acceleration structure
00:35.083  render           | Fra: 1 | Mem: 172M | Updating Geometry BVH modelShape.003 36/95 | Building BVH
00:35.083  render           | Fra: 1 | Mem: 172M | Updating Geometry BVH modelShape.003 36/95 | Building OptiX acceleration structure
00:35.084  render           | Fra: 1 | Mem: 173M | Updating Geometry BVH Ridge_wide_3 94/95 | Building BVH
00:35.084  render           | Fra: 1 | Mem: 173M | Updating Geometry BVH Ridge_wide_3 94/95 | Building OptiX acceleration structure
00:35.085  render           | Fra: 1 | Mem: 174M | Updating Geometry BVH medium.001 37/95 | Building BVH
00:35.085  render           | Fra: 1 | Mem: 174M | Updating Geometry BVH medium.001 37/95 | Building OptiX acceleration structure
00:35.085  render           | Fra: 1 | Mem: 174M | Updating Geometry BVH mesh1-geometry.001 38/95 | Building BVH
00:35.085  render           | Fra: 1 | Mem: 174M | Updating Geometry BVH mesh1-geometry.001 38/95 | Building OptiX acceleration structure
00:35.085  render           | Fra: 1 | Mem: 174M | Updating Geometry BVH modelShape.001 39/95 | Building BVH
00:35.085  render           | Fra: 1 | Mem: 174M | Updating Geometry BVH modelShape.001 39/95 | Building OptiX acceleration structure
00:35.085  render           | Fra: 1 | Mem: 175M | Updating Geometry BVH medium.002 40/95 | Building BVH
00:35.085  render           | Fra: 1 | Mem: 175M | Updating Geometry BVH medium.002 40/95 | Building OptiX acceleration structure
00:35.086  render           | Fra: 1 | Mem: 175M | Updating Geometry BVH mesh1-geometry.002 41/95 | Building BVH
00:35.086  render           | Fra: 1 | Mem: 175M | Updating Geometry BVH mesh1-geometry.002 41/95 | Building OptiX acceleration structure
00:35.086  render           | Fra: 1 | Mem: 175M | Updating Geometry BVH modelShape.002 42/95 | Building BVH
00:35.086  render           | Fra: 1 | Mem: 175M | Updating Geometry BVH modelShape.002 42/95 | Building OptiX acceleration structure
00:35.086  render           | Fra: 1 | Mem: 176M | Updating Geometry BVH medium.003 43/95 | Building BVH
00:35.086  render           | Fra: 1 | Mem: 177M | Updating Geometry BVH medium.003 43/95 | Building OptiX acceleration structure
00:35.087  render           | Fra: 1 | Mem: 176M | Updating Geometry BVH mesh1-geometry.004 44/95 | Building BVH
00:35.087  render           | Fra: 1 | Mem: 176M | Updating Geometry BVH mesh1-geometry.004 44/95 | Building OptiX acceleration structure
00:35.087  render           | Fra: 1 | Mem: 176M | Updating Geometry BVH modelShape.004 45/95 | Building BVH
00:35.087  render           | Fra: 1 | Mem: 176M | Updating Geometry BVH modelShape.004 45/95 | Building OptiX acceleration structure
00:35.087  render           | Fra: 1 | Mem: 176M | Updating Geometry BVH medium.004 46/95 | Building BVH
00:35.087  render           | Fra: 1 | Mem: 176M | Updating Geometry BVH medium.004 46/95 | Building OptiX acceleration structure
00:35.088  render           | Fra: 1 | Mem: 176M | Updating Geometry BVH mesh1-geometry.005 47/95 | Building BVH
00:35.088  render           | Fra: 1 | Mem: 176M | Updating Geometry BVH mesh1-geometry.005 47/95 | Building OptiX acceleration structure
00:35.088  render           | Fra: 1 | Mem: 176M | Updating Geometry BVH modelShape.005 48/95 | Building BVH
00:35.088  render           | Fra: 1 | Mem: 176M | Updating Geometry BVH modelShape.005 48/95 | Building OptiX acceleration structure
00:35.088  render           | Fra: 1 | Mem: 177M | Updating Geometry BVH medium.005 49/95 | Building BVH
00:35.088  render           | Fra: 1 | Mem: 177M | Updating Geometry BVH medium.005 49/95 | Building OptiX acceleration structure
00:35.089  render           | Fra: 1 | Mem: 177M | Updating Geometry BVH mesh1-geometry.006 50/95 | Building BVH
00:35.089  render           | Fra: 1 | Mem: 177M | Updating Geometry BVH mesh1-geometry.006 50/95 | Building OptiX acceleration structure
00:35.089  render           | Fra: 1 | Mem: 177M | Updating Geometry BVH modelShape.006 51/95 | Building BVH
00:35.089  render           | Fra: 1 | Mem: 177M | Updating Geometry BVH modelShape.006 51/95 | Building OptiX acceleration structure
00:35.089  render           | Fra: 1 | Mem: 178M | Updating Geometry BVH medium.006 52/95 | Building BVH
00:35.089  render           | Fra: 1 | Mem: 178M | Updating Geometry BVH medium.006 52/95 | Building OptiX acceleration structure
00:35.089  render           | Fra: 1 | Mem: 178M | Updating Geometry BVH mesh1-geometry.007 53/95 | Building BVH
00:35.089  render           | Fra: 1 | Mem: 178M | Updating Geometry BVH mesh1-geometry.007 53/95 | Building OptiX acceleration structure
00:35.090  render           | Fra: 1 | Mem: 178M | Updating Geometry BVH modelShape.007 54/95 | Building BVH
00:35.090  render           | Fra: 1 | Mem: 178M | Updating Geometry BVH modelShape.007 54/95 | Building OptiX acceleration structure
00:35.090  render           | Fra: 1 | Mem: 178M | Updating Geometry BVH medium.007 55/95 | Building BVH
00:35.090  render           | Fra: 1 | Mem: 178M | Updating Geometry BVH medium.007 55/95 | Building OptiX acceleration structure
00:35.090  render           | Fra: 1 | Mem: 178M | Updating Geometry BVH mesh1-geometry.008 56/95 | Building BVH
00:35.090  render           | Fra: 1 | Mem: 178M | Updating Geometry BVH mesh1-geometry.008 56/95 | Building OptiX acceleration structure
00:35.091  render           | Fra: 1 | Mem: 179M | Updating Geometry BVH modelShape.008 57/95 | Building BVH
00:35.091  render           | Fra: 1 | Mem: 179M | Updating Geometry BVH modelShape.008 57/95 | Building OptiX acceleration structure
00:35.091  render           | Fra: 1 | Mem: 179M | Updating Geometry BVH medium.008 58/95 | Building BVH
00:35.091  render           | Fra: 1 | Mem: 179M | Updating Geometry BVH medium.008 58/95 | Building OptiX acceleration structure
00:35.092  render           | Fra: 1 | Mem: 180M | Updating Geometry BVH mesh1-geometry.009 59/95 | Building BVH
00:35.092  render           | Fra: 1 | Mem: 181M | Updating Geometry BVH mesh1-geometry.009 59/95 | Building OptiX acceleration structure
00:35.092  render           | Fra: 1 | Mem: 179M | Updating Geometry BVH modelShape.009 60/95 | Building BVH
00:35.092  render           | Fra: 1 | Mem: 179M | Updating Geometry BVH modelShape.009 60/95 | Building OptiX acceleration structure
00:35.093  render           | Fra: 1 | Mem: 180M | Updating Geometry BVH medium.009 61/95 | Building BVH
00:35.093  render           | Fra: 1 | Mem: 180M | Updating Geometry BVH medium.009 61/95 | Building OptiX acceleration structure
00:35.093  render           | Fra: 1 | Mem: 180M | Updating Geometry BVH mesh1-geometry.010 62/95 | Building BVH
00:35.093  render           | Fra: 1 | Mem: 180M | Updating Geometry BVH mesh1-geometry.010 62/95 | Building OptiX acceleration structure
00:35.094  render           | Fra: 1 | Mem: 181M | Updating Geometry BVH Ridge_wide_2 93/95 | Building BVH
00:35.094  render           | Fra: 1 | Mem: 181M | Updating Geometry BVH Ridge_wide_2 93/95 | Building OptiX acceleration structure
00:35.094  render           | Fra: 1 | Mem: 182M | Updating Geometry BVH modelShape.010 63/95 | Building BVH
00:35.094  render           | Fra: 1 | Mem: 182M | Updating Geometry BVH modelShape.010 63/95 | Building OptiX acceleration structure
00:35.095  render           | Fra: 1 | Mem: 182M | Updating Geometry BVH medium.010 64/95 | Building BVH
00:35.095  render           | Fra: 1 | Mem: 182M | Updating Geometry BVH medium.010 64/95 | Building OptiX acceleration structure
00:35.095  render           | Fra: 1 | Mem: 182M | Updating Geometry BVH mesh1-geometry.011 65/95 | Building BVH
00:35.095  render           | Fra: 1 | Mem: 182M | Updating Geometry BVH mesh1-geometry.011 65/95 | Building OptiX acceleration structure
00:35.096  render           | Fra: 1 | Mem: 182M | Updating Geometry BVH modelShape.011 66/95 | Building BVH
00:35.096  render           | Fra: 1 | Mem: 182M | Updating Geometry BVH modelShape.011 66/95 | Building OptiX acceleration structure
00:35.096  render           | Fra: 1 | Mem: 184M | Updating Geometry BVH medium.011 67/95 | Building BVH
00:35.096  render           | Fra: 1 | Mem: 184M | Updating Geometry BVH medium.011 67/95 | Building OptiX acceleration structure
00:35.097  render           | Fra: 1 | Mem: 183M | Updating Geometry BVH mesh1-geometry.012 68/95 | Building BVH
00:35.097  render           | Fra: 1 | Mem: 184M | Updating Geometry BVH mesh1-geometry.012 68/95 | Building OptiX acceleration structure
00:35.097  render           | Fra: 1 | Mem: 183M | Updating Geometry BVH modelShape.012 69/95 | Building BVH
00:35.097  render           | Fra: 1 | Mem: 183M | Updating Geometry BVH modelShape.012 69/95 | Building OptiX acceleration structure
00:35.097  render           | Fra: 1 | Mem: 184M | Updating Geometry BVH medium.012 70/95 | Building BVH
00:35.097  render           | Fra: 1 | Mem: 184M | Updating Geometry BVH medium.012 70/95 | Building OptiX acceleration structure
00:35.098  render           | Fra: 1 | Mem: 184M | Updating Geometry BVH mesh1-geometry.013 71/95 | Building BVH
00:35.098  render           | Fra: 1 | Mem: 184M | Updating Geometry BVH mesh1-geometry.013 71/95 | Building OptiX acceleration structure
00:35.098  render           | Fra: 1 | Mem: 184M | Updating Geometry BVH modelShape.013 72/95 | Building BVH
00:35.098  render           | Fra: 1 | Mem: 184M | Updating Geometry BVH modelShape.013 72/95 | Building OptiX acceleration structure
00:35.099  render           | Fra: 1 | Mem: 184M | Updating Geometry BVH medium.013 73/95 | Building BVH
00:35.099  render           | Fra: 1 | Mem: 184M | Updating Geometry BVH medium.013 73/95 | Building OptiX acceleration structure
00:35.099  render           | Fra: 1 | Mem: 185M | Updating Geometry BVH mesh1-geometry.014 74/95 | Building BVH
00:35.099  render           | Fra: 1 | Mem: 185M | Updating Geometry BVH mesh1-geometry.014 74/95 | Building OptiX acceleration structure
00:35.100  render           | Fra: 1 | Mem: 186M | Updating Geometry BVH modelShape.014 75/95 | Building BVH
00:35.100  render           | Fra: 1 | Mem: 186M | Updating Geometry BVH modelShape.014 75/95 | Building OptiX acceleration structure
00:35.100  render           | Fra: 1 | Mem: 185M | Updating Geometry BVH medium.014 76/95 | Building BVH
00:35.100  render           | Fra: 1 | Mem: 185M | Updating Geometry BVH medium.014 76/95 | Building OptiX acceleration structure
00:35.101  render           | Fra: 1 | Mem: 186M | Updating Geometry BVH mesh1-geometry.015 77/95 | Building BVH
00:35.101  render           | Fra: 1 | Mem: 186M | Updating Geometry BVH mesh1-geometry.015 77/95 | Building OptiX acceleration structure
00:35.101  render           | Fra: 1 | Mem: 186M | Updating Geometry BVH modelShape.015 78/95 | Building BVH
00:35.101  render           | Fra: 1 | Mem: 186M | Updating Geometry BVH modelShape.015 78/95 | Building OptiX acceleration structure
00:35.101  render           | Fra: 1 | Mem: 186M | Updating Geometry BVH medium.015 79/95 | Building BVH
00:35.101  render           | Fra: 1 | Mem: 186M | Updating Geometry BVH medium.015 79/95 | Building OptiX acceleration structure
00:35.102  render           | Fra: 1 | Mem: 187M | Updating Geometry BVH mesh1-geometry.016 80/95 | Building BVH
00:35.102  render           | Fra: 1 | Mem: 187M | Updating Geometry BVH mesh1-geometry.016 80/95 | Building OptiX acceleration structure
00:35.102  render           | Fra: 1 | Mem: 187M | Updating Geometry BVH modelShape.016 81/95 | Building BVH
00:35.102  render           | Fra: 1 | Mem: 187M | Updating Geometry BVH modelShape.016 81/95 | Building OptiX acceleration structure
00:35.103  render           | Fra: 1 | Mem: 187M | Updating Geometry BVH medium.016 82/95 | Building BVH
00:35.103  render           | Fra: 1 | Mem: 187M | Updating Geometry BVH medium.016 82/95 | Building OptiX acceleration structure
00:35.103  render           | Fra: 1 | Mem: 188M | Updating Geometry BVH mesh1-geometry.017 83/95 | Building BVH
00:35.103  render           | Fra: 1 | Mem: 188M | Updating Geometry BVH mesh1-geometry.017 83/95 | Building OptiX acceleration structure
00:35.104  render           | Fra: 1 | Mem: 188M | Updating Geometry BVH modelShape.017 84/95 | Building BVH
00:35.104  render           | Fra: 1 | Mem: 188M | Updating Geometry BVH modelShape.017 84/95 | Building OptiX acceleration structure
00:35.107  render           | Fra: 1 | Mem: 232M | Updating Geometry BVH medium.017 85/95 | Building BVH
00:35.107  render           | Fra: 1 | Mem: 232M | Updating Geometry BVH medium.017 85/95 | Building OptiX acceleration structure
00:35.108  render           | Fra: 1 | Mem: 232M | Updating Geometry BVH mesh1-geometry.018 86/95 | Building BVH
00:35.108  render           | Fra: 1 | Mem: 232M | Updating Geometry BVH mesh1-geometry.018 86/95 | Building OptiX acceleration structure
00:35.108  render           | Fra: 1 | Mem: 232M | Updating Geometry BVH modelShape.018 87/95 | Building BVH
00:35.108  render           | Fra: 1 | Mem: 232M | Updating Geometry BVH modelShape.018 87/95 | Building OptiX acceleration structure
00:35.109  render           | Fra: 1 | Mem: 234M | Updating Geometry BVH Ridge_wide_1 92/95 | Building BVH
00:35.109  render           | Fra: 1 | Mem: 234M | Updating Geometry BVH Ridge_wide_1 92/95 | Building OptiX acceleration structure
00:35.110  render           | Fra: 1 | Mem: 234M | Updating Geometry BVH NurbsPath.007 88/95 | Building BVH
00:35.110  render           | Fra: 1 | Mem: 234M | Updating Geometry BVH NurbsPath.007 88/95 | Building OptiX acceleration structure
00:35.110  render           | Fra: 1 | Mem: 234M | Updating Geometry BVH Sun 90/95 | Building BVH
00:35.110  render           | Fra: 1 | Mem: 234M | Updating Geometry BVH Sun 90/95 | Building OptiX acceleration structure
00:35.110  render           | Fra: 1 | Mem: 235M | Updating Geometry BVH Ridge_wide_0 91/95 | Building BVH
00:35.110  render           | Fra: 1 | Mem: 235M | Updating Geometry BVH Ridge_wide_0 91/95 | Building OptiX acceleration structure
00:35.110  render           | Fra: 1 | Mem: 235M | Updating Geometry BVH NurbsPath.005 89/95 | Building BVH
00:35.110  render           | Fra: 1 | Mem: 235M | Updating Geometry BVH NurbsPath.005 89/95 | Building OptiX acceleration structure
00:35.142  render           | Fra: 1 | Mem: 280M | Updating Scene BVH | Building
00:35.142  render           | Fra: 1 | Mem: 280M | Updating Scene BVH | Building OptiX acceleration structure
00:35.153  render           | Fra: 1 | Mem: 302M | Updating Scene BVH | Copying BVH to device
00:35.153  render           | Fra: 1 | Mem: 302M | Updating Mesh | Computing attributes
00:35.259  render           | Fra: 1 | Mem: 303M | Updating Mesh | Copying Attributes to device
00:35.292  render           | Fra: 1 | Mem: 663M | Updating Mesh | Computing normals
00:35.315  render           | Fra: 1 | Mem: 663M | Updating Mesh | Copying Mesh to device
00:35.320  render           | Fra: 1 | Mem: 735M | Updating Objects Flags
00:35.324  render           | Fra: 1 | Mem: 735M | Updating Primitive Offsets
00:35.325  render           | Fra: 1 | Mem: 735M | Updating Images
00:35.325  render           | Fra: 1 | Mem: 735M | Updating Images | Loading flower_heliophila_translucency_2k.png
00:35.325  render           | Fra: 1 | Mem: 735M | Updating Images | Loading kloofendal_overcast_puresky_4k.hdr
00:35.325  render           | Fra: 1 | Mem: 735M | Updating Images | Loading rock_moss_set_01_nor_gl_2k.exr
00:35.325  render           | Fra: 1 | Mem: 735M | Updating Images | Loading flower_heliophila_rough_2k.exr
00:35.325  render           | Fra: 1 | Mem: 735M | Updating Images | Loading rock_moss_set_01_diff_2k.jpg
00:35.325  render           | Fra: 1 | Mem: 735M | Updating Images | Loading fir_sapling_medium_twigs_mask_2k.png
00:35.325  render           | Fra: 1 | Mem: 735M | Updating Images | Loading flower_heliophila_diff_2k.jpg
00:35.637  render           | Fra: 1 | Mem: 1343M | Updating Volume
00:35.638  render           | Fra: 1 | Mem: 1343M | Updating Camera Volume
00:35.638  render           | Fra: 1 | Mem: 1343M | Updating Lookup Tables
00:35.638  render           | Fra: 1 | Mem: 1343M | Updating Lights
00:35.642  render           | Fra: 1 | Mem: 1343M | Updating Lights | Importance map
00:35.798  render           | Fra: 1 | Mem: 1407M | Updating Lights | Computing tree
00:35.801  render           | Fra: 1 | Mem: 1409M | Updating Integrator
00:35.801  render           | Fra: 1 | Mem: 1409M | Updating Film
00:35.801  render           | Fra: 1 | Mem: 1409M | Updating Lookup Tables
00:35.801  render           | Fra: 1 | Mem: 1409M | Updating Baking
00:35.802  render           | Fra: 1 | Mem: 1409M | Updating Device | Writing constant memory
00:35.802  render           | Fra: 1 | Mem: 1409M | Loading denoising kernels (may take a few minutes the first time)
00:35.806  render           | Fra: 1 | Mem: 1886M | Rendered 0/4 Tiles, Sample 0/128
00:35.834  render           | Fra: 1 | Remaining: 00:07.06 | Mem: 2192M | Rendered 0/4 Tiles, Sample 1/128
00:37.526  render           | Fra: 1 | Remaining: 00:03.72 | Mem: 2192M | Rendered 0/4 Tiles, Sample 80/128
00:37.534  render           | Fra: 1 | Remaining: 00:02.82 | Mem: 2192M | Rendered 0/4 Tiles, Sample 96/128
00:37.541  render           | Fra: 1 | Remaining: 00:02.18 | Mem: 2192M | Rendered 0/4 Tiles, Sample 112/128
00:37.890  render           | Fra: 1 | Remaining: 00:02.03 | Mem: 2192M | Rendered 0/4 Tiles, Sample 128/128
00:37.890  render           | Fra: 1 | Remaining: 00:02.03 | Mem: 2192M | Rendered 1/4 Tiles, Sample 128/128
00:37.946  render           | Fra: 1 | Remaining: 00:02.06 | Mem: 2154M | Rendered 1/4 Tiles, Sample 1/128
00:40.417  render           | Fra: 1 | Remaining: 00:01.28 | Mem: 2154M | Rendered 1/4 Tiles, Sample 80/128
00:40.700  render           | Fra: 1 | Remaining: 00:00.94 | Mem: 2154M | Rendered 1/4 Tiles, Sample 96/128
00:40.973  render           | Fra: 1 | Remaining: 00:00.62 | Mem: 2154M | Rendered 1/4 Tiles, Sample 112/128
00:41.529  render           | Fra: 1 | Remaining: 00:00.31 | Mem: 2154M | Rendered 1/4 Tiles, Sample 128/128
00:41.529  render           | Fra: 1 | Remaining: 00:00.31 | Mem: 2154M | Rendered 2/4 Tiles, Sample 128/128
00:41.538  render           | Fra: 1 | Remaining: 00:00.31 | Mem: 1904M | Rendered 2/4 Tiles, Sample 1/128
00:41.561  render           | Fra: 1 | Remaining: 00:00.20 | Mem: 1904M | Rendered 2/4 Tiles, Sample 80/128
00:41.584  render           | Fra: 1 | Remaining: 00:00.20 | Mem: 1904M | Rendered 2/4 Tiles, Sample 0/128
00:41.584  render           | Fra: 1 | Remaining: 00:00.20 | Mem: 1904M | Rendered 3/4 Tiles, Sample 0/128
00:41.585  render           | Fra: 1 | Remaining: 00:00.20 | Mem: 1902M | Rendered 3/4 Tiles, Sample 1/128
00:41.604  render           | Fra: 1 | Remaining: 00:00.11 | Mem: 1902M | Rendered 3/4 Tiles, Sample 80/128
00:41.622  render           | Fra: 1 | Remaining: 00:00.11 | Mem: 1902M | Rendered 3/4 Tiles, Sample 0/128
00:41.622  render           | Fra: 1 | Remaining: 00:00.11 | Mem: 1902M | Finished
Render statistics:
Mesh statistics:
  Geometry:
    Total memory: 75.82M (79,504,724)
        Island                           41.01M (42,997,861)
        NurbsPath.007                    11.11M (11,645,883)
        NurbsPath.005                    6.82M (7,154,075)
        Ridge_wide_0                     1.12M (1,175,125)
        Ridge_wide_1                     1.12M (1,175,125)
        Ridge_wide_2                     1.12M (1,175,125)
        Ridge_wide_3                     1.12M (1,175,125)
        Ridge_wide_4                     1.12M (1,175,125)
        Plane.5143                       539.82K (552,772)
        Plane.2197                       292.15K (299,166)
        modelShape.007                   274.81K (281,401)
        modelShape.003                   274.81K (281,401)
        modelShape.001                   274.81K (281,401)
        modelShape.002                   274.81K (281,401)
        modelShape.004                   274.81K (281,401)
        modelShape.005                   274.81K (281,401)
        modelShape.006                   274.81K (281,401)
        modelShape.018                   274.81K (281,401)
        modelShape.008                   274.81K (281,401)
        modelShape.009                   274.81K (281,401)
        modelShape.010                   274.81K (281,401)
        modelShape.011                   274.81K (281,401)
        modelShape.012                   274.81K (281,401)
        modelShape.013                   274.81K (281,401)
        modelShape.014                   274.81K (281,401)
        modelShape.015                   274.81K (281,401)
        modelShape.017                   274.81K (281,401)
        modelShape.016                   274.81K (281,401)
        medium.005                       175.88K (180,098)
        medium.012                       175.88K (180,098)
        medium.011                       175.88K (180,098)
        medium.010                       175.88K (180,098)
        medium.016                       175.88K (180,098)
        medium.009                       175.88K (180,098)
        medium.008                       175.88K (180,098)
        medium.017                       175.88K (180,098)
        medium.007                       175.88K (180,098)
        medium.006                       175.88K (180,098)
        medium.004                       175.88K (180,098)
        medium.013                       175.88K (180,098)
        medium.003                       175.88K (180,098)
        medium.002                       175.88K (180,098)
        medium.015                       175.88K (180,098)
        medium.014                       175.88K (180,098)
        medium.001                       175.88K (180,098)
        mesh1-geometry.015               149.40K (152,983)
        mesh1-geometry.014               149.40K (152,983)
        mesh1-geometry.012               149.40K (152,983)
        mesh1-geometry.016               149.40K (152,983)
        mesh1-geometry.017               149.40K (152,983)
        mesh1-geometry.011               149.40K (152,983)
        mesh1-geometry.010               149.40K (152,983)
        mesh1-geometry.003               149.40K (152,983)
        mesh1-geometry.013               149.40K (152,983)
        mesh1-geometry.009               149.40K (152,983)
        mesh1-geometry.018               149.40K (152,983)
        mesh1-geometry.008               149.40K (152,983)
        mesh1-geometry.001               149.40K (152,983)
        mesh1-geometry.007               149.40K (152,983)
        mesh1-geometry.006               149.40K (152,983)
        mesh1-geometry.005               149.40K (152,983)
        mesh1-geometry.002               149.40K (152,983)
        mesh1-geometry.004               149.40K (152,983)
        Plane.048                        24.42K (25,007)
        Plane.039                        20.95K (21,454)
        Plane.037                        13.91K (14,246)
        Plane.047                        10.92K (11,186)
        Plane.045                        5.73K (5,865)
      00:41.699  render           | Fra: 1 | Remaining: 00:00.11 | Mem: 1351M | Reading full buffer from disk
  Plane.042                        5.23K (5,355)
        Plane.043                        4.90K (5,015)
        Plane.055                        1.39K (1,428)
        Plane.058                        1.11K (1,139)
        Plane.059                        1.08K (1,105)
        Plane.054                        765B (765)
        Plane.057                        629B (629)
        Plane.056                        561B (561)
        Plane.040                        493B (493)
        Plane.035                        493B (493)
        Plane.009                        493B (493)
        Plane.003                        493B (493)
        Plane.005                        425B (425)
        Plane.006                        425B (425)
        Plane.008                        357B (357)
        Plane.007                        357B (357)
        Plane.004                        357B (357)
        Plane.032                        221B (221)
        Plane.011                        187B (187)
        Plane.010                        187B (187)
        TopMoss                          85B (85)
        Flowers                          85B (85)
        LipMoss                          85B (85)
        TopGrassTall                     85B (85)
        TopGrass                         85B (85)
        backgroundlight                  50B (50)
        Sun                              46B (46)
Image statistics:
  Full Images:
    kloofendal_overcast_puresky_4k.hdr 128.00M (134,217,728)
    fir_sapling_medium_twigs_diff_2k.png 32.00M (33,554,432)
    fir_sapling_medium_twigs_alpha_2k.png 32.00M (33,554,432)
    fir_sapling_medium_twigs_mask_2k.png 32.00M (33,554,432)
    fir_sapling_medium_branches_diff_2k.png 32.00M (33,554,432)
    fir_sapling_medium_branches_nor_gl_2k.png 32.00M (33,554,432)
    fir_sapling_medium_twigs_nor_gl_2k.png 32.00M (33,554,432)
    rock_moss_set_01_nor_gl_2k.exr   32.00M (33,554,432)
    grass_medium_01_nor_gl_2k.exr    32.00M (33,554,432)
    moss_01_nor_gl_2k.exr            32.00M (33,554,432)
    flower_heliophila_nor_gl_2k.exr  32.00M (33,554,432)
    lichen_rock_Displacement_2k.jpg  16.00M (16,777,216)
    cliff_side_nor_gl_2k.jpg         16.00M (16,777,216)
    rock_moss_set_01_diff_2k.jpg     16.00M (16,777,216)
    forest_ground_04_Diffuse_2k.jpg  16.00M (16,777,216)
    lichen_rock_nor_gl_2k.jpg        16.00M (16,777,216)
    rock_moss_set_01_rough_2k.jpg    16.00M (16,777,216)
    forest_ground_04_nor_gl_2k.jpg   16.00M (16,777,216)
    lichen_rock_Diffuse_2k.jpg       16.00M (16,777,216)
    cliff_side_Diffuse_2k.jpg        16.00M (16,777,216)
    aerial_rocks_02_Diffuse_2k.jpg   16.00M (16,777,216)
    moss_01_diff_2k.jpg              16.00M (16,777,216)
    flower_heliophila_diff_2k.jpg    16.00M (16,777,216)
    grass_medium_01_diff_2k.jpg      16.00M (16,777,216)
    fir_sapling_medium_twigs_rough_2k.png 8.00M (8,388,608)
    flower_heliophila_translucency_2k.png 8.00M (8,388,608)
    moss_01_rough_2k.exr             8.00M (8,388,608)
    moss_01_alpha_2k.png             8.00M (8,388,608)
    flower_heliophila_rough_2k.exr   8.00M (8,388,608)
    fir_sapling_medium_branches_rough_2k.png 8.00M (8,388,608)
    grass_medium_01_rough_2k.exr     8.00M (8,388,608)
    grass_medium_01_alpha_2k.png     8.00M (8,388,608)
    flower_heliophila_alpha_2k.png   8.00M (8,388,608)
    fir_sapling_medium_branches_disp_2k.png 8.00M (8,388,608)
    cliff_side_Displacement_2k.jpg   4.00M (4,194,304)
  Full image memory: 740.00M (775,946,240)
  Overhead image memory: 3.83K (3,920)
  Total image memory: 740.00M (775,950,160)
Profiling information not available (only works with CPU rendering)
00:41.851  render           | Fra: 1 | Remaining: 00:00.11 | Mem: 1351M | ViewLayer | Denoising
00:57.303  render           | Fra: 1 | Remaining: 00:00.42 | Mem: 1952M | ViewLayer | Finishing
00:58.148  render           | Saved: '/home/akamel/hero3d/out/still-223/p11/wide-s0-f0.png'
00:58.154  render           | Time: 00:27.84 (Saving: 00:00.38)
still: wrote /home/akamel/hero3d/out/still-223/p11/wide-s0-f0.png 3840x2160

Blender quit
