1503
1503
1503
1503
1503
1503
1503
1503
1503
1503
1503
1708
1708
1708
1708
1708
2268
2666
2978
4508
4508
4508
4508
4508
4508
4508
4508
4508
4220
4470
4218
3662
3662
3662
3662
3662
3662
3662
3662
3662
3662
3662
3662
3662
3662
3662
3662
3662
3662
3662
3662
3662
3662
3662
3662
3662
3662
3662
1503
1503
1503
1708
1708
1708
1708
1708
2268
2666
2980
4510
4510
4510
4510
4472
4472
4472
4472
4472
4472
4472
4472
3664
3664
3664
3664
3664
3664
3664
3664
3664
3664
3664
3664
3664
3664
3664
3664
3664
3664
3664
3664
3664
3664
3664
3664
3664
3664
3664
3664
3664
3664
1503
