1503
1503
1503
1503
1503
1503
1503
1503
1503
1503
1503
1708
1708
1708
1708
1708
2698
2666
3292
4510
4510
4510
4510
4510
4510
4510
4510
4510
4222
4472
3664
3664
3664
3664
3664
3664
3664
3664
3664
3664
3664
3664
3664
3664
3664
3664
3664
3664
3664
3664
3664
3664
3664
3664
2158
1503
1503
1503
1708
1708
1708
1708
1708
2666
2532
3812
4510
4510
4510
4510
4472
4472
4472
4472
4472
4472
4472
3664
3664
3664
3664
3664
3664
3664
3664
3664
3664
3664
3664
3664
3664
3664
3664
3664
3664
3664
3664
3664
3664
3664
3664
3664
3664
3664
1503
