1503
1503
1503
1503
1503
1503
1503
1503
1503
1503
1503
1708
1708
1708
1708
1708
2666
2666
3070
4512
4512
4512
4512
4512
4512
4512
4512
4512
4224
4474
3666
3666
3666
3666
3666
3666
3666
3666
3666
3666
3666
3666
3666
3666
3666
3666
3666
3666
3666
3666
3666
3666
3666
3666
3666
1503
1503
1503
1708
1708
1708
1708
1708
2666
2528
3588
4510
4510
4510
4510
4472
4472
4472
4472
4472
4472
4472
3664
3664
3664
3664
3664
3664
3664
3664
3664
3664
3664
3664
3664
3664
3664
3664
3664
3664
3664
3664
3664
3664
3664
3664
3664
3664
3664
1503
