1503
1503
1503
1503
1503
1503
1503
1503
1503
1503
1503
1708
1708
1708
1708
1708
2698
2666
3518
4510
4510
4510
4510
4510
4510
4510
4510
4510
4222
4472
3664
3664
3664
3664
3664
3664
3664
3664
3664
3664
3664
3664
3664
3664
3664
3664
3664
3664
3664
3664
3664
3664
3664
3664
3664
1503
1503
1503
1708
1708
1708
1708
1708
2698
2666
3484
4510
4510
4510
4510
4472
4472
4472
4472
4472
4472
4472
3664
3664
3664
3664
3664
3664
3664
3664
3664
3664
3664
3664
3664
3664
3664
3664
3664
3664
3664
3664
3664
3664
3664
3664
3664
3664
3664
1503
