1503
1503
1503
1503
1503
1503
1503
1503
1503
1503
1503
1708
1708
1708
1708
1708
2666
2666
3060
4224
1503
1503
1503
1708
1708
1708
1708
1708
2666
2522
3814
4510
4510
4510
4510
4510
4510
4510
4510
4222
4472
4472
3664
3664
3664
3664
3664
3664
3664
3664
3664
3664
3664
3664
3664
3664
3664
3664
3664
3664
3664
3664
3664
3664
3664
3664
1503
1503
1503
1708
1708
1708
1708
1708
2268
2666
2908
4508
4508
4508
4508
4470
4470
4470
4470
4470
4470
4470
4220
3662
3662
3662
3662
3662
3662
3662
3662
3662
3662
3662
3662
3662
3662
3662
3662
3662
3662
3662
3662
3662
3662
3662
3662
3662
3662
3662
3662
1503
