1503
1503
1503
1503
1503
1503
1503
1503
1503
1503
1503
1708
1708
1708
1708
1708
2666
2666
3586
4508
4508
4508
4508
4508
4508
4508
4508
4508
4220
4470
3662
3662
3662
3662
3662
3662
3662
3662
3662
3662
3662
3662
3662
3662
3662
3662
3662
3662
3662
3662
3662
3662
3662
3662
2148
1503
1503
1503
1708
1708
1708
1708
1708
2666
2518
3810
4508
4508
4508
4508
4470
4470
4470
4470
4470
4470
4470
3662
3662
3662
3662
3662
3662
3662
3662
3662
3662
3662
3662
3662
3662
3662
3662
3662
3662
3662
3662
3662
3662
3662
3662
3662
3662
3662
1503
