1503
1503
1503
1503
1503
1503
1503
1503
1503
1503
1503
1708
1708
1708
1708
1708
2472
2666
2982
4512
4512
4512
4512
4512
4512
4512
4512
4512
4224
4474
3666
3666
3666
3666
3666
3666
3666
3666
3666
3666
3666
3666
3666
3666
3666
3666
3666
3666
3666
3666
3666
3666
3666
3666
3666
1503
1503
1503
1708
1708
1708
1708
1708
2698
2666
3586
4508
4508
4508
4508
4470
4470
4470
4470
4470
4470
4470
3662
3662
3662
3662
3662
3662
3662
3662
3662
3662
3662
3662
3662
3662
3662
3662
3662
3662
3662
3662
3662
3662
3662
3662
3662
3662
3662
1503
