remote-check: host: Linux 6.8.0-134-generic x86_64 / bash 5.2.21(1)-release / user akamel
remote-check: root: /home/akamel/drone/webcheck
remote-check: disk: 29163584 KB free on / (floor 5242880 KB)
remote-check: node: v24.21.0 at /home/akamel/drone/webcheck/node
remote-check: chromium: stamp 1.63.0
remote-check: web/node_modules: present
remote-check: install-state: npm ci would be skipped (lockfile unchanged)
remote-check: preflight ok
remote-check: disk: 29163584 KB free on / (floor 5242880 KB)
remote-check: node: v24.21.0 present at /home/akamel/drone/webcheck/node
remote-check: npm ci skipped (lockfile unchanged)
remote-check: chromium: present in /home/akamel/drone/webcheck/ms-playwright (playwright-core 1.63.0)
remote-check: chromium libraries ok (1 binaries checked with ldd)
remote-check: disk: 29163584 KB free on / (floor 5242880 KB)
remote-check: bootstrap complete
remote-check: npm ci skipped; installed tree reused
remote-check: folder=/home/akamel/drone/webcheck/oc-295
remote-check: port=34895
remote-check: cleaned docs/ui-theme/screenshots/ui-12
remote-check: npm ci skipped (lockfile unchanged)
remote-check: disk: 29167732 KB free on / (floor 5242880 KB)
remote-check: next build (B2/DISPATCH placeholders, no DATABASE_URL)

> web@0.1.0 build
> node scripts/migrate.mjs && next build

DATABASE_URL not set; skipping migrations
▲ Next.js 16.3.5 (Turbopack)
✓ Running next.config.ts took 23ms

  Creating an optimized production build ...
✓ Compiled successfully in 2.9s
  Running TypeScript ...
  Finished TypeScript in 2.4s ...
  Collecting page data using 15 workers ...
⚠ The "preferredRegion" route segment config is deprecated. Learn more: https://nextjs.org/docs/messages/preferred-region-deprecated
  Generating static pages using 15 workers (0/9) ...
  Generating static pages using 15 workers (2/9) 
  Generating static pages using 15 workers (4/9) 
  Generating static pages using 15 workers (6/9) 
✓ Generating static pages using 15 workers (9/9) in 329ms
  Finalizing page optimization ...

Route (app)
┌ ƒ /
├ ○ /_not-found
├ ƒ /api/accounts
├ ƒ /api/auth/[...all]
├ ƒ /api/missions
├ ƒ /api/missions/dispatch
├ ƒ /api/missions/flown
├ ƒ /api/missions/withdraw
├ ƒ /api/specs
├ ƒ /d/[...path]
├ ○ /plan
├ ○ /plan/mission_status
└ ƒ /reset-password


○  (Static)   prerendered as static content
ƒ  (Dynamic)  server-rendered on demand

remote-check: gpu probe: node scripts/lib/gpu-probe.mjs (CHECK_CHROMIUM_JSON={"channel":"chromium","args":["--use-angle=gl-egl","--ignore-gpu-blocklist","--enable-gpu"]})
gpu renderer: ANGLE (NVIDIA Corporation, NVIDIA GeForce RTX 4070 SUPER/PCIe/SSE2, OpenGL ES 3.2)
remote-check: server ready on http://127.0.0.1:34895
remote-check: running: npm run check:look -- http://127.0.0.1:34895

> web@0.1.0 check:look
> node --import ./scripts/test-hooks.mjs scripts/look-check.mjs http://127.0.0.1:34895

(node:3392499) [MODULE_TYPELESS_PACKAGE_JSON] Warning: Module type of file:///home/akamel/drone/webcheck/oc-295/worktree/web/lib/actions.ts is not specified and it doesn't parse as CommonJS.
Reparsing as ES module because module syntax was detected. This incurs a performance overhead.
To eliminate this warning, add "type": "module" to /home/akamel/drone/webcheck/oc-295/worktree/web/package.json.
(Use `node --trace-warnings ...` to show where the warning was created)
PASS enlarged/1000x800 default text: the wide Summary shows everything unscrolled — {"height":677,"content":677,"client":677}
PASS enlarged/zoom200-1440x900 home: no text clipped or overlapped (3 lines)
PASS enlarged/zoom200-1440x900 home: every control reachable and clear (1 controls)
PASS enlarged/zoom200-1440x900 home: neither the page nor a panel scrolls sideways
FAIL enlarged/zoom200-1440x900 home-tall-form: no text clipped or overlapped (18 lines) — h1.F46_cq "Mission Control" line 1: off-screen at (350, -155) with no way to scroll to it; span "New password (at least 10 charac" line 1: off-screen at (269, -105) with no way to scroll to it; span "New password (at least 10 charac" line 1: off-screen at (346, -105) with no way to scroll to it; span "New password (at least 10 charac" line 1: off-screen at (388, -105) with no way to scroll to it; span "New password (at least 10 charac" line 1: off-screen at (269, -24) with no way to scroll to it; span "New password (at least 10 charac" line 1: off-screen at (346, -24) with no way to scroll to it; span "New password (at least 10 charac" line 1: off-screen at (388, -24) with no way to scroll to it
FAIL enlarged/zoom200-1440x900 home-tall-form: every control reachable and clear (7 controls) — input: off-screen at (360, -67) with no way to scroll to it; input: off-screen at (360, -1) with no way to scroll to it
PASS enlarged/zoom200-1440x900 home-tall-form: neither the page nor a panel scrolls sideways
PASS enlarged/zoom200-1440x900 first-run: no text clipped or overlapped (10 lines)
PASS enlarged/zoom200-1440x900 first-run: every control reachable and clear (7 controls)
PASS enlarged/zoom200-1440x900 first-run: neither the page nor a panel scrolls sideways
PASS enlarged/zoom200-1440x900 missions: no text clipped or overlapped (53 lines)
PASS enlarged/zoom200-1440x900 missions: every control reachable and clear (23 controls)
PASS enlarged/zoom200-1440x900 missions: neither the page nor a panel scrolls sideways
PASS enlarged/zoom200-1440x900 map: no text clipped or overlapped (33 lines)
PASS enlarged/zoom200-1440x900 map: every control reachable and clear (11 controls)
PASS enlarged/zoom200-1440x900 map: neither the page nor a panel scrolls sideways
NOTE enlarged/zoom200-1440x900 map: map surface — {"freeShare":0.8333333333333334,"visibleHeight":98,"viewportHeight":450,"summary":{"height":288,"content":288}}
PASS enlarged/zoom200-1440x900 settings: no text clipped or overlapped (117 lines)
PASS enlarged/zoom200-1440x900 settings: every control reachable and clear (38 controls)
PASS enlarged/zoom200-1440x900 settings: neither the page nor a panel scrolls sideways
PASS enlarged/zoom200-1440x900 basemap-menu: no text clipped or overlapped (0 lines)
FAIL enlarged/zoom200-1440x900 basemap-menu: every control reachable and clear (4 controls) — button.e4_6MG "Satellite imagery": covered by div.maplibregl-ctrl-attrib-inner "Imagery © Esri | MapLibre" at (602, 78); button.e4_6MG "Street map (OpenStreetMap)": covered by div.E9Opba "0.0min" at (602, 139)
PASS enlarged/zoom200-1440x900 basemap-menu: neither the page nor a panel scrolls sideways
FAIL enlarged/zoom200-1440x900 overlays-menu: no text clipped or overlapped (2 lines) — button.e4_6MG "Numbers" line 1: clipped or covered by div.maplibregl-ctrl-bottom-right "Imagery © Esri | MapLibre" at (649, 93); button.e4_6MG "Footprint" line 1: clipped or covered by div.E9Opba "0.0min" at (648, 139)
FAIL enlarged/zoom200-1440x900 overlays-menu: every control reachable and clear (4 controls) — button.e4_6MG "Numbers": covered by a "MapLibre" at (636, 78); button.e4_6MG "Footprint": covered by div.E9Opba "0.0min" at (636, 139)
PASS enlarged/zoom200-1440x900 overlays-menu: neither the page nor a panel scrolls sideways
PASS enlarged/zoom200-1440x900 notice: no text clipped or overlapped (2 lines)
PASS enlarged/zoom200-1440x900 notice: every control reachable and clear (0 controls)
PASS enlarged/zoom200-1440x900 notice: neither the page nor a panel scrolls sideways
PASS enlarged/zoom200-1440x900 notice-expanded: no text clipped or overlapped (6 lines)
PASS enlarged/zoom200-1440x900 notice-expanded: every control reachable and clear (1 controls)
PASS enlarged/zoom200-1440x900 notice-expanded: neither the page nor a panel scrolls sideways
PASS enlarged/zoom200-1440x900 details-sheet: no text clipped or overlapped (23 lines)
PASS enlarged/zoom200-1440x900 details-sheet: every control reachable and clear (1 controls)
PASS enlarged/zoom200-1440x900 details-sheet: neither the page nor a panel scrolls sideways
PASS enlarged/zoom200-1440x900 remove-sheet: no text clipped or overlapped (6 lines)
PASS enlarged/zoom200-1440x900 remove-sheet: every control reachable and clear (3 controls)
PASS enlarged/zoom200-1440x900 remove-sheet: neither the page nor a panel scrolls sideways
PASS enlarged/zoom200-2560x1440 home: no text clipped or overlapped (3 lines)
PASS enlarged/zoom200-2560x1440 home: every control reachable and clear (1 controls)
PASS enlarged/zoom200-2560x1440 home: neither the page nor a panel scrolls sideways
PASS enlarged/zoom200-2560x1440 home-tall-form: no text clipped or overlapped (18 lines)
PASS enlarged/zoom200-2560x1440 home-tall-form: every control reachable and clear (7 controls)
PASS enlarged/zoom200-2560x1440 home-tall-form: neither the page nor a panel scrolls sideways
PASS enlarged/zoom200-2560x1440 first-run: no text clipped or overlapped (134 lines)
PASS enlarged/zoom200-2560x1440 first-run: every control reachable and clear (45 controls)
PASS enlarged/zoom200-2560x1440 first-run: neither the page nor a panel scrolls sideways
NOTE enlarged/zoom200-2560x1440 first-run: map surface — {"freeShare":0.2847222222222222,"visibleHeight":720,"viewportHeight":720,"summary":{"height":414,"content":414}}
PASS enlarged/zoom200-2560x1440 missions: no text clipped or overlapped (180 lines)
PASS enlarged/zoom200-2560x1440 missions: every control reachable and clear (61 controls)
PASS enlarged/zoom200-2560x1440 missions: neither the page nor a panel scrolls sideways
NOTE enlarged/zoom200-2560x1440 missions: map surface — {"freeShare":0.2847222222222222,"visibleHeight":720,"viewportHeight":720,"summary":{"height":414,"content":414}}
PASS enlarged/zoom200-2560x1440 basemap-menu: no text clipped or overlapped (1 lines)
PASS enlarged/zoom200-2560x1440 basemap-menu: every control reachable and clear (4 controls)
PASS enlarged/zoom200-2560x1440 basemap-menu: neither the page nor a panel scrolls sideways
PASS enlarged/zoom200-2560x1440 overlays-menu: no text clipped or overlapped (3 lines)
PASS enlarged/zoom200-2560x1440 overlays-menu: every control reachable and clear (4 controls)
PASS enlarged/zoom200-2560x1440 overlays-menu: neither the page nor a panel scrolls sideways
PASS enlarged/zoom200-2560x1440 notice: no text clipped or overlapped (3 lines)
PASS enlarged/zoom200-2560x1440 notice: every control reachable and clear (2 controls)
PASS enlarged/zoom200-2560x1440 notice: neither the page nor a panel scrolls sideways
PASS enlarged/zoom200-2560x1440 notice-expanded: no text clipped or overlapped (8 lines)
PASS enlarged/zoom200-2560x1440 notice-expanded: every control reachable and clear (3 controls)
PASS enlarged/zoom200-2560x1440 notice-expanded: neither the page nor a panel scrolls sideways
PASS enlarged/zoom200-2560x1440 details-sheet: no text clipped or overlapped (24 lines)
PASS enlarged/zoom200-2560x1440 details-sheet: every control reachable and clear (1 controls)
PASS enlarged/zoom200-2560x1440 details-sheet: neither the page nor a panel scrolls sideways
PASS enlarged/zoom200-2560x1440 remove-sheet: no text clipped or overlapped (6 lines)
PASS enlarged/zoom200-2560x1440 remove-sheet: every control reachable and clear (3 controls)
PASS enlarged/zoom200-2560x1440 remove-sheet: neither the page nor a panel scrolls sideways
PASS enlarged/text200-1440x900 home: the default font size is doubled — 32px
PASS enlarged/text200-1440x900 home: no text clipped or overlapped (5 lines)
PASS enlarged/text200-1440x900 home: every control reachable and clear (1 controls)
PASS enlarged/text200-1440x900 home: neither the page nor a panel scrolls sideways
PASS enlarged/text200-1440x900 home: text grows with the browser's text size (3 runs)
PASS enlarged/text200-1440x900 home-tall-form: the default font size is doubled — 32px
FAIL enlarged/text200-1440x900 home-tall-form: no text clipped or overlapped (19 lines) — h1.F46_cq "Mission Control" line 1: off-screen at (707, -225) with no way to scroll to it; h1.F46_cq "Mission Control" line 2: off-screen at (705, -137) with no way to scroll to it; span "New password (at least 10 charac" line 1: off-screen at (699, -56) with no way to scroll to it; span "New password (at least 10 charac" line 1: off-screen at (852, -56) with no way to scroll to it; span "New password (at least 10 charac" line 1: off-screen at (625, -17) with no way to scroll to it
PASS enlarged/text200-1440x900 home-tall-form: every control reachable and clear (7 controls)
PASS enlarged/text200-1440x900 home-tall-form: neither the page nor a panel scrolls sideways
PASS enlarged/text200-1440x900 home-tall-form: text grows with the browser's text size (18 runs)
PASS enlarged/text200-1440x900 first-run: the default font size is doubled — 32px
PASS enlarged/text200-1440x900 first-run: no text clipped or overlapped (156 lines)
PASS enlarged/text200-1440x900 first-run: every control reachable and clear (45 controls)
FAIL enlarged/text200-1440x900 first-run: neither the page nor a panel scrolls sideways — aside.5-k5AW "MissionGridOrbitParallel passes ": scrolls sideways (422 px of content in 360)
NOTE enlarged/text200-1440x900 first-run: map surface — {"freeShare":0.06944444444444445,"visibleHeight":900,"viewportHeight":900,"summary":{"height":721,"content":721}}
FAIL enlarged/text200-1440x900 first-run: text grows with the browser's text size (135 runs) — "Imagery © Esri |" 12px; "MapLibre" 12px
PASS enlarged/text200-1440x900 missions: the default font size is doubled — 32px
PASS enlarged/text200-1440x900 missions: no text clipped or overlapped (211 lines)
PASS enlarged/text200-1440x900 missions: every control reachable and clear (61 controls)
FAIL enlarged/text200-1440x900 missions: neither the page nor a panel scrolls sideways — aside.5-k5AW "MissionGridOrbitParallel passes ": scrolls sideways (422 px of content in 360)
NOTE enlarged/text200-1440x900 missions: map surface — {"freeShare":0.06944444444444445,"visibleHeight":900,"viewportHeight":900,"summary":{"height":721,"content":721}}
FAIL enlarged/text200-1440x900 missions: text grows with the browser's text size (178 runs) — "Imagery © Esri |" 12px; "MapLibre" 12px
PASS enlarged/text200-1440x900 basemap-menu: the default font size is doubled — 32px
PASS enlarged/text200-1440x900 basemap-menu: no text clipped or overlapped (1 lines)
PASS enlarged/text200-1440x900 basemap-menu: every control reachable and clear (4 controls)
PASS enlarged/text200-1440x900 basemap-menu: neither the page nor a panel scrolls sideways
PASS enlarged/text200-1440x900 basemap-menu: text grows with the browser's text size (1 runs)
PASS enlarged/text200-1440x900 overlays-menu: the default font size is doubled — 32px
FAIL enlarged/text200-1440x900 overlays-menu: no text clipped or overlapped (3 lines) — button.e4_6MG "Footprint" line 1: clipped or covered by a "MapLibre" at (979, 139)
FAIL enlarged/text200-1440x900 overlays-menu: every control reachable and clear (4 controls) — button.e4_6MG "Footprint": covered by div.maplibregl-ctrl-attrib-inner "Imagery © Esri | MapLibre" at (967, 139)
PASS enlarged/text200-1440x900 overlays-menu: neither the page nor a panel scrolls sideways
PASS enlarged/text200-1440x900 overlays-menu: text grows with the browser's text size (3 runs)
PASS enlarged/text200-1440x900 notice: the default font size is doubled — 32px
FAIL enlarged/text200-1440x900 notice: no text clipped or overlapped (4 lines) — span.t3-dtq "Block 3" line 1: clipped or covered by canvas.maplibregl-canvas "Map" at (756, 46)
PASS enlarged/text200-1440x900 notice: every control reachable and clear (2 controls)
PASS enlarged/text200-1440x900 notice: neither the page nor a panel scrolls sideways
PASS enlarged/text200-1440x900 notice: text grows with the browser's text size (5 runs)
PASS enlarged/text200-1440x900 notice-expanded: the default font size is doubled — 32px
PASS enlarged/text200-1440x900 notice-expanded: no text clipped or overlapped (13 lines)
PASS enlarged/text200-1440x900 notice-expanded: every control reachable and clear (3 controls)
PASS enlarged/text200-1440x900 notice-expanded: neither the page nor a panel scrolls sideways
PASS enlarged/text200-1440x900 notice-expanded: text grows with the browser's text size (6 runs)
PASS enlarged/text200-1440x900 details-sheet: the default font size is doubled — 32px
PASS enlarged/text200-1440x900 details-sheet: no text clipped or overlapped (27 lines)
PASS enlarged/text200-1440x900 details-sheet: every control reachable and clear (1 controls)
PASS enlarged/text200-1440x900 details-sheet: neither the page nor a panel scrolls sideways
PASS enlarged/text200-1440x900 details-sheet: text grows with the browser's text size (22 runs)
PASS enlarged/text200-1440x900 remove-sheet: the default font size is doubled — 32px
PASS enlarged/text200-1440x900 remove-sheet: no text clipped or overlapped (7 lines)
PASS enlarged/text200-1440x900 remove-sheet: every control reachable and clear (3 controls)
PASS enlarged/text200-1440x900 remove-sheet: neither the page nor a panel scrolls sideways
PASS enlarged/text200-1440x900 remove-sheet: text grows with the browser's text size (6 runs)
PASS enlarged/text200-375x812 home: the default font size is doubled — 32px
PASS enlarged/text200-375x812 home: no text clipped or overlapped (5 lines)
PASS enlarged/text200-375x812 home: every control reachable and clear (1 controls)
PASS enlarged/text200-375x812 home: neither the page nor a panel scrolls sideways
PASS enlarged/text200-375x812 home: text grows with the browser's text size (3 runs)
PASS enlarged/text200-375x812 home-tall-form: the default font size is doubled — 32px
FAIL enlarged/text200-375x812 home-tall-form: no text clipped or overlapped (19 lines) — h1.F46_cq "Mission Control" line 1: off-screen at (130, -274) with no way to scroll to it; h1.F46_cq "Mission Control" line 2: off-screen at (129, -212) with no way to scroll to it; span "New password (at least 10 charac" line 1: off-screen at (166, -144) with no way to scroll to it; span "New password (at least 10 charac" line 1: off-screen at (319, -144) with no way to scroll to it; span "New password (at least 10 charac" line 1: off-screen at (93, -105) with no way to scroll to it
FAIL enlarged/text200-375x812 home-tall-form: every control reachable and clear (7 controls) — input: off-screen at (188, -49) with no way to scroll to it
PASS enlarged/text200-375x812 home-tall-form: neither the page nor a panel scrolls sideways
PASS enlarged/text200-375x812 home-tall-form: text grows with the browser's text size (18 runs)
PASS enlarged/text200-375x812 first-run: the default font size is doubled — 32px
PASS enlarged/text200-375x812 first-run: no text clipped or overlapped (14 lines)
PASS enlarged/text200-375x812 first-run: every control reachable and clear (7 controls)
PASS enlarged/text200-375x812 first-run: neither the page nor a panel scrolls sideways
FAIL enlarged/text200-375x812 first-run: text grows with the browser's text size (135 runs) — "Imagery © Esri |" 12px; "MapLibre" 12px
PASS enlarged/text200-375x812 missions: the default font size is doubled — 32px
PASS enlarged/text200-375x812 missions: no text clipped or overlapped (65 lines)
PASS enlarged/text200-375x812 missions: every control reachable and clear (23 controls)
PASS enlarged/text200-375x812 missions: neither the page nor a panel scrolls sideways
FAIL enlarged/text200-375x812 missions: text grows with the browser's text size (178 runs) — "Imagery © Esri |" 12px; "MapLibre" 12px
PASS enlarged/text200-375x812 map: the default font size is doubled — 32px
FAIL enlarged/text200-375x812 map: no text clipped or overlapped (38 lines) — span "0.00" line 1: clipped or covered by div.E9Opba "Photos0" at (107, 477); span.mono "0.00 cm/px" line 1: clipped or covered by div.E9Opba "Photos0" at (128, 480); span.E9Opba "Photos" line 1: clipped or covered by span.E9Opba "Lines" at (210, 430); span.E9Opba "Lines" line 1: clipped or covered by div.E9Opba "Lines0" at (270, 430); span.E9Opba "Flight" line 1: off-screen at (375, 430) with no way to scroll to it
PASS enlarged/text200-375x812 map: every control reachable and clear (11 controls)
PASS enlarged/text200-375x812 map: neither the page nor a panel scrolls sideways
NOTE enlarged/text200-375x812 map: map surface — {"freeShare":0.9097222222222222,"visibleHeight":220,"viewportHeight":812,"summary":{"height":520,"content":520}}
FAIL enlarged/text200-375x812 map: text grows with the browser's text size (178 runs) — "Imagery © Esri |" 12px; "MapLibre" 12px
PASS enlarged/text200-375x812 settings: the default font size is doubled — 32px
FAIL enlarged/text200-375x812 settings: no text clipped or overlapped (143 lines) — span "0.00" line 1: clipped or covered by div.E9Opba "Photos0" at (107, 477); span.mono "0.00 cm/px" line 1: clipped or covered by div.E9Opba "Photos0" at (128, 480); span.E9Opba "Photos" line 1: clipped or covered by span.E9Opba "Lines" at (210, 430); span.E9Opba "Lines" line 1: clipped or covered by div.E9Opba "Lines0" at (270, 430); span.E9Opba "Flight" line 1: off-screen at (375, 430) with no way to scroll to it
PASS enlarged/text200-375x812 settings: every control reachable and clear (38 controls)
FAIL enlarged/text200-375x812 settings: neither the page nor a panel scrolls sideways — aside.5-k5AW "MissionGridOrbitParallel passes ": scrolls sideways (422 px of content in 375)
FAIL enlarged/text200-375x812 settings: text grows with the browser's text size (178 runs) — "Imagery © Esri |" 12px; "MapLibre" 12px
PASS enlarged/text200-375x812 basemap-menu: the default font size is doubled — 32px
PASS enlarged/text200-375x812 basemap-menu: no text clipped or overlapped (0 lines)
PASS enlarged/text200-375x812 basemap-menu: every control reachable and clear (4 controls)
PASS enlarged/text200-375x812 basemap-menu: neither the page nor a panel scrolls sideways
PASS enlarged/text200-375x812 basemap-menu: text grows with the browser's text size (1 runs)
PASS enlarged/text200-375x812 overlays-menu: the default font size is doubled — 32px
PASS enlarged/text200-375x812 overlays-menu: no text clipped or overlapped (2 lines)
PASS enlarged/text200-375x812 overlays-menu: every control reachable and clear (4 controls)
PASS enlarged/text200-375x812 overlays-menu: neither the page nor a panel scrolls sideways
PASS enlarged/text200-375x812 overlays-menu: text grows with the browser's text size (3 runs)
PASS enlarged/text200-375x812 notice: the default font size is doubled — 32px
FAIL enlarged/text200-375x812 notice: no text clipped or overlapped (3 lines) — span.t3-dtq "Block 3" line 1: clipped or covered by nothing at (375, 46)
PASS enlarged/text200-375x812 notice: every control reachable and clear (0 controls)
PASS enlarged/text200-375x812 notice: neither the page nor a panel scrolls sideways
PASS enlarged/text200-375x812 notice: text grows with the browser's text size (4 runs)
PASS enlarged/text200-375x812 notice-expanded: the default font size is doubled — 32px
PASS enlarged/text200-375x812 notice-expanded: no text clipped or overlapped (13 lines)
PASS enlarged/text200-375x812 notice-expanded: every control reachable and clear (1 controls)
PASS enlarged/text200-375x812 notice-expanded: neither the page nor a panel scrolls sideways
PASS enlarged/text200-375x812 notice-expanded: text grows with the browser's text size (5 runs)
PASS enlarged/text200-375x812 details-sheet: the default font size is doubled — 32px
PASS enlarged/text200-375x812 details-sheet: no text clipped or overlapped (32 lines)
PASS enlarged/text200-375x812 details-sheet: every control reachable and clear (1 controls)
PASS enlarged/text200-375x812 details-sheet: neither the page nor a panel scrolls sideways
PASS enlarged/text200-375x812 details-sheet: text grows with the browser's text size (22 runs)
PASS enlarged/text200-375x812 remove-sheet: the default font size is doubled — 32px
PASS enlarged/text200-375x812 remove-sheet: no text clipped or overlapped (8 lines)
PASS enlarged/text200-375x812 remove-sheet: every control reachable and clear (3 controls)
PASS enlarged/text200-375x812 remove-sheet: neither the page nor a panel scrolls sideways
PASS enlarged/text200-375x812 remove-sheet: text grows with the browser's text size (6 runs)
look check: FAILED
remote-check: fetching artifacts (tar stream, not logged)
remote-check: fetched docs/ui-theme/screenshots/ui-12
remote-check: fetched .autoforge/evidence/295/zoom200-2560x1440-missions.png
remote-check: fetched .autoforge/evidence/295/text200-1440x900-notice.png
remote-check: fetched .autoforge/evidence/295/zoom200-2560x1440-details-sheet.png
remote-check: fetched .autoforge/evidence/295/zoom200-1440x900-map.png
remote-check: fetched .autoforge/evidence/295/text200-375x812-home.png
remote-check: fetched .autoforge/evidence/295/text200-375x812-details-sheet.png
remote-check: fetched .autoforge/evidence/295/zoom200-2560x1440-home.png
remote-check: fetched .autoforge/evidence/295/text200-375x812-first-run.png
remote-check: fetched .autoforge/evidence/295/zoom200-1440x900-overlays-menu.png
remote-check: fetched .autoforge/evidence/295/text200-375x812-map.png
remote-check: fetched .autoforge/evidence/295/zoom200-2560x1440-overlays-menu.png
remote-check: fetched .autoforge/evidence/295/text200-1440x900-home.png
remote-check: fetched .autoforge/evidence/295/zoom200-2560x1440-notice.png
remote-check: fetched .autoforge/evidence/295/text200-1440x900-notice-expanded.png
remote-check: fetched .autoforge/evidence/295/zoom200-1440x900-remove-sheet.png
remote-check: fetched .autoforge/evidence/295/zoom200-2560x1440-notice-expanded.png
remote-check: fetched .autoforge/evidence/295/zoom200-2560x1440-remove-sheet.png
remote-check: fetched .autoforge/evidence/295/text200-375x812-home-tall-form.png
remote-check: fetched .autoforge/evidence/295/text200-375x812-missions.png
remote-check: fetched .autoforge/evidence/295/zoom200-1440x900-first-run.png
remote-check: fetched .autoforge/evidence/295/zoom200-2560x1440-basemap-menu.png
remote-check: fetched .autoforge/evidence/295/text200-1440x900-details-sheet.png
remote-check: fetched .autoforge/evidence/295/text200-1440x900-home-tall-form.png
remote-check: fetched .autoforge/evidence/295/zoom200-2560x1440-first-run.png
remote-check: fetched .autoforge/evidence/295/text200-1440x900-first-run.png
remote-check: fetched .autoforge/evidence/295/zoom200-1440x900-settings.png
remote-check: fetched .autoforge/evidence/295/zoom200-2560x1440-home-tall-form.png
remote-check: fetched .autoforge/evidence/295/zoom200-1440x900-home.png
remote-check: fetched .autoforge/evidence/295/text200-375x812-basemap-menu.png
remote-check: fetched .autoforge/evidence/295/text200-1440x900-overlays-menu.png
remote-check: fetched .autoforge/evidence/295/zoom200-1440x900-details-sheet.png
remote-check: fetched .autoforge/evidence/295/zoom200-1440x900-home-tall-form.png
remote-check: fetched .autoforge/evidence/295/zoom200-1440x900-notice-expanded.png
remote-check: fetched .autoforge/evidence/295/zoom200-1440x900-missions.png
remote-check: fetched .autoforge/evidence/295/zoom200-1440x900-basemap-menu.png
remote-check: fetched .autoforge/evidence/295/text200-375x812-notice-expanded.png
remote-check: fetched .autoforge/evidence/295/zoom200-1440x900-notice.png
remote-check: fetched .autoforge/evidence/295/text200-375x812-overlays-menu.png
remote-check: fetched .autoforge/evidence/295/text200-375x812-settings.png
remote-check: fetched .autoforge/evidence/295/text200-1440x900-basemap-menu.png
remote-check: fetched .autoforge/evidence/295/text200-1440x900-missions.png
remote-check: fetched .autoforge/evidence/295/text200-375x812-remove-sheet.png
remote-check: fetched .autoforge/evidence/295/text200-1440x900-remove-sheet.png
remote-check: fetched .autoforge/evidence/295/text200-375x812-notice.png
remote-check: fetched docs/ui-theme/screenshots/ui-12
remote-check: evidence is untracked; remove with git clean -fd docs/ui-theme/screenshots before committing
remote-check: relayed remote exit 1
