1503
1503
1503
1503
1503
1503
1503
1503
1503
1503
1503
1708
1708
1708
1708
1708
2472
2666
2980
4508
4508
4508
4508
4508
4508
4508
4508
4508
4220
4470
3662
3662
3662
3662
3662
3662
3662
3662
3662
3662
3662
3662
3662
3662
3662
3662
3662
3662
3662
3662
3662
3662
3662
3662
2184
1503
1503
1503
1708
1708
1708
1708
1708
2666
2546
3590
4508
4508
4508
4508
4470
4470
4470
4470
4470
4470
4470
3662
3662
3662
3662
3662
3662
3662
3662
3662
3662
3662
3662
3662
3662
3662
3662
3662
3662
3662
3662
3662
3662
3662
3662
3662
3662
3662
1503
