1503
1503
1503
1503
1503
1503
1503
1503
1503
1503
1503
1708
1708
1708
1708
1708
2666
2528
3588
4508
4508
4508
4508
4508
4508
4508
4508
4508
4470
4470
3662
3662
3662
3662
3662
3662
3662
3662
3662
3662
3662
3662
3662
3662
3662
3662
3662
3662
3662
3662
3662
3662
3662
3662
1503
1503
1503
1518
1708
1708
1708
1708
1708
2666
2542
4508
4508
4508
4508
4470
4470
4470
4470
4470
4470
4470
4470
3662
3662
3662
3662
3662
3662
3662
3662
3662
3662
3662
3662
3662
3662
3662
3662
3662
3662
3662
3662
3662
3662
3662
3662
3662
3662
3662
1503
