1503
1503
1503
1503
1503
1503
1503
1503
1503
1503
1503
1708
1708
1708
1708
1708
2666
2666
3588
4510
4510
4510
4510
4510
4510
4510
4510
4510
4222
4472
3664
3664
3664
3664
3664
3664
3664
3664
3664
3664
3664
3664
3664
3664
3664
3664
3664
3664
3664
3664
3664
3664
3664
3664
2216
1503
1503
1503
1708
1708
1708
1708
1708
2666
2554
3810
4508
4508
4508
4508
4470
4470
4470
4470
4470
4470
4470
3662
3662
3662
3662
3662
3662
3662
3662
3662
3662
3662
3662
3662
3662
3662
3662
3662
3662
3662
3662
3662
3662
3662
3662
3662
3662
3662
1503
